Archive member included to satisfy reference by file (symbol)

C:\Users\khurr\e2_studio_latest\workspace\VerticalControl\synergy\ssp\src\driver\r_fmi\libs\libfmi_cm4_s5d9_gcc.a(r_fmi.o)
                              ./synergy/ssp/src/driver/r_sci_i2c/r_sci_i2c.o (g_fmi_on_fmi)
C:\Users\khurr\e2_studio_latest\workspace\VerticalControl\synergy\ssp\src\framework\el\tx\cm4_gcc\libtx.a(txe_semaphore_create.o)
                              ./src/synergy_gen/main.o (_txe_semaphore_create)
C:\Users\khurr\e2_studio_latest\workspace\VerticalControl\synergy\ssp\src\framework\el\tx\cm4_gcc\libtx.a(txe_semaphore_get.o)
                              ./src/synergy_gen/main.o (_txe_semaphore_get)
C:\Users\khurr\e2_studio_latest\workspace\VerticalControl\synergy\ssp\src\framework\el\tx\cm4_gcc\libtx.a(txe_semaphore_put.o)
                              ./src/synergy_gen/main.o (_txe_semaphore_put)
C:\Users\khurr\e2_studio_latest\workspace\VerticalControl\synergy\ssp\src\framework\el\tx\cm4_gcc\libtx.a(txe_thread_create.o)
                              ./src/synergy_gen/adc_thread.o (_txe_thread_create)
C:\Users\khurr\e2_studio_latest\workspace\VerticalControl\synergy\ssp\src\framework\el\tx\cm4_gcc\libtx.a(tx_initialize_high_level.o)
                              C:\Users\khurr\e2_studio_latest\workspace\VerticalControl\synergy\ssp\src\framework\el\tx\cm4_gcc\libtx.a(txe_semaphore_create.o) (_tx_semaphore_created_count)
C:\Users\khurr\e2_studio_latest\workspace\VerticalControl\synergy\ssp\src\framework\el\tx\cm4_gcc\libtx.a(tx_initialize_kernel_enter.o)
                              ./src/synergy_gen/main.o (_tx_initialize_kernel_enter)
C:\Users\khurr\e2_studio_latest\workspace\VerticalControl\synergy\ssp\src\framework\el\tx\cm4_gcc\libtx.a(tx_isr_end.o)
                              ./synergy/ssp/src/driver/r_sci_i2c/r_sci_i2c.o (tx_isr_end)
C:\Users\khurr\e2_studio_latest\workspace\VerticalControl\synergy\ssp\src\framework\el\tx\cm4_gcc\libtx.a(tx_isr_start.o)
                              ./synergy/ssp/src/driver/r_sci_i2c/r_sci_i2c.o (tx_isr_start)
C:\Users\khurr\e2_studio_latest\workspace\VerticalControl\synergy\ssp\src\framework\el\tx\cm4_gcc\libtx.a(tx_semaphore_create.o)
                              C:\Users\khurr\e2_studio_latest\workspace\VerticalControl\synergy\ssp\src\framework\el\tx\cm4_gcc\libtx.a(txe_semaphore_create.o) (_tx_semaphore_create)
C:\Users\khurr\e2_studio_latest\workspace\VerticalControl\synergy\ssp\src\framework\el\tx\cm4_gcc\libtx.a(tx_semaphore_get.o)
                              C:\Users\khurr\e2_studio_latest\workspace\VerticalControl\synergy\ssp\src\framework\el\tx\cm4_gcc\libtx.a(txe_semaphore_get.o) (_tx_semaphore_get)
C:\Users\khurr\e2_studio_latest\workspace\VerticalControl\synergy\ssp\src\framework\el\tx\cm4_gcc\libtx.a(tx_semaphore_put.o)
                              C:\Users\khurr\e2_studio_latest\workspace\VerticalControl\synergy\ssp\src\framework\el\tx\cm4_gcc\libtx.a(txe_semaphore_put.o) (_tx_semaphore_put)
C:\Users\khurr\e2_studio_latest\workspace\VerticalControl\synergy\ssp\src\framework\el\tx\cm4_gcc\libtx.a(tx_thread_create.o)
                              C:\Users\khurr\e2_studio_latest\workspace\VerticalControl\synergy\ssp\src\framework\el\tx\cm4_gcc\libtx.a(txe_thread_create.o) (_tx_thread_create)
C:\Users\khurr\e2_studio_latest\workspace\VerticalControl\synergy\ssp\src\framework\el\tx\cm4_gcc\libtx.a(tx_thread_initialize.o)
                              C:\Users\khurr\e2_studio_latest\workspace\VerticalControl\synergy\ssp\src\framework\el\tx\cm4_gcc\libtx.a(tx_initialize_high_level.o) (_tx_thread_initialize)
C:\Users\khurr\e2_studio_latest\workspace\VerticalControl\synergy\ssp\src\framework\el\tx\cm4_gcc\libtx.a(tx_thread_shell_entry.o)
                              C:\Users\khurr\e2_studio_latest\workspace\VerticalControl\synergy\ssp\src\framework\el\tx\cm4_gcc\libtx.a(tx_thread_create.o) (_tx_thread_shell_entry)
C:\Users\khurr\e2_studio_latest\workspace\VerticalControl\synergy\ssp\src\framework\el\tx\cm4_gcc\libtx.a(tx_thread_sleep.o)
                              ./src/adc_thread_entry.o (_tx_thread_sleep)
C:\Users\khurr\e2_studio_latest\workspace\VerticalControl\synergy\ssp\src\framework\el\tx\cm4_gcc\libtx.a(tx_thread_system_preempt_check.o)
                              C:\Users\khurr\e2_studio_latest\workspace\VerticalControl\synergy\ssp\src\framework\el\tx\cm4_gcc\libtx.a(txe_semaphore_create.o) (_tx_thread_system_preempt_check)
C:\Users\khurr\e2_studio_latest\workspace\VerticalControl\synergy\ssp\src\framework\el\tx\cm4_gcc\libtx.a(tx_thread_system_resume.o)
                              C:\Users\khurr\e2_studio_latest\workspace\VerticalControl\synergy\ssp\src\framework\el\tx\cm4_gcc\libtx.a(tx_semaphore_put.o) (_tx_thread_system_resume)
C:\Users\khurr\e2_studio_latest\workspace\VerticalControl\synergy\ssp\src\framework\el\tx\cm4_gcc\libtx.a(tx_thread_system_suspend.o)
[...]
Memory Configuration

Name             Origin             Length             Attributes
FLASH            0x00000000         0x00200000         xr
RAM              0x1ffe0000         0x000a0000         xrw
DATA_FLASH       0x40100000         0x00010000         xr
QSPI_FLASH       0x60000000         0x04000000         xr
SDRAM            0x90000000         0x02000000         xrw
ID_CODES         0x0100a150         0x00000010         xr
*default*        0x00000000         0xffffffff

Linker script and memory map

LOAD c:/renesas/synergy/e2studio_v2022-10_ssp_v2.4.0/toolchains/gcc_arm/gcc-arm-none-eabi-10.3-2021.10/bin/../lib/gcc/arm-none-eabi/10.3.1/thumb/v7e-m+fp/hard/crti.o
LOAD c:/renesas/synergy/e2studio_v2022-10_ssp_v2.4.0/toolchains/gcc_arm/gcc-arm-none-eabi-10.3-2021.10/bin/../lib/gcc/arm-none-eabi/10.3.1/thumb/v7e-m+fp/hard/crtbegin.o
LOAD c:/renesas/synergy/e2studio_v2022-10_ssp_v2.4.0/toolchains/gcc_arm/gcc-arm-none-eabi-10.3-2021.10/bin/../lib/gcc/arm-none-eabi/10.3.1/../../../../arm-none-eabi/lib/thumb/v7e-m+fp/hard/rdimon-crt0.o
START GROUP
LOAD ./synergy/ssp/src/driver/r_sci_i2c/r_sci_i2c.o
LOAD ./synergy/ssp/src/driver/r_ioport/r_ioport.o
LOAD ./synergy/ssp/src/driver/r_elc/r_elc.o
LOAD ./synergy/ssp/src/driver/r_dtc/r_dtc.o
LOAD ./synergy/ssp/src/driver/r_cgc/r_cgc.o
LOAD ./synergy/ssp/src/driver/r_can/hw/hw_can.o
LOAD ./synergy/ssp/src/driver/r_can/r_can.o
LOAD ./synergy/ssp/src/driver/r_adc/r_adc.o
LOAD ./synergy/ssp/src/bsp/mcu/s5d9/bsp_cache.o
LOAD ./synergy/ssp/src/bsp/mcu/s5d9/bsp_clocks.o
LOAD ./synergy/ssp/src/bsp/mcu/s5d9/bsp_feature.o
LOAD ./synergy/ssp/src/bsp/mcu/s5d9/bsp_group_irq.o
LOAD ./synergy/ssp/src/bsp/mcu/s5d9/bsp_hw_locks.o
LOAD ./synergy/ssp/src/bsp/mcu/s5d9/bsp_module_stop.o
LOAD ./synergy/ssp/src/bsp/mcu/s5d9/bsp_rom_registers.o
LOAD ./synergy/ssp/src/bsp/mcu/all/bsp_common.o
LOAD ./synergy/ssp/src/bsp/mcu/all/bsp_common_leds.o
LOAD ./synergy/ssp/src/bsp/mcu/all/bsp_delay.o
LOAD ./synergy/ssp/src/bsp/mcu/all/bsp_irq.o
LOAD ./synergy/ssp/src/bsp/mcu/all/bsp_locking.o
LOAD ./synergy/ssp/src/bsp/mcu/all/bsp_register_protection.o
LOAD ./synergy/ssp/src/bsp/mcu/all/bsp_sbrk.o
LOAD ./synergy/ssp/src/bsp/cmsis/Device/RENESAS/S5D9/Source/startup_S5D9.o
LOAD ./synergy/ssp/src/bsp/cmsis/Device/RENESAS/S5D9/Source/system_S5D9.o
LOAD ./src/synergy_gen/adc_thread.o
LOAD ./src/synergy_gen/can_thread.o
LOAD ./src/synergy_gen/common_data.o
LOAD ./src/synergy_gen/drv_thread.o
LOAD ./src/synergy_gen/hal_data.o
LOAD ./src/synergy_gen/main.o
LOAD ./src/synergy_gen/pin_data.o
LOAD ./src/synergy_gen/status_thread.o
LOAD ./src/adc_thread_entry.o
LOAD ./src/can_thread_entry.o
LOAD ./src/drv_thread_entry.o
LOAD ./src/status_thread_entry.o
LOAD C:\Users\khurr\e2_studio_latest\workspace\VerticalControl\synergy\ssp\src\bsp\cmsis\DSP_Lib\cm4_gcc\libDSP_Lib.a
LOAD C:\Users\khurr\e2_studio_latest\workspace\VerticalControl\synergy\ssp\src\bsp\cmsis\NN_Lib\cm4_gcc\libNN_Lib.a
LOAD C:\Users\khurr\e2_studio_latest\workspace\VerticalControl\synergy\ssp\src\driver\r_fmi\libs\libfmi_cm4_s5d9_gcc.a
LOAD C:\Users\khurr\e2_studio_latest\workspace\VerticalControl\synergy\ssp\src\framework\el\tx\cm4_gcc\libtx.a
LOAD C:\Users\khurr\e2_studio_latest\workspace\VerticalControl\synergy\ssp\src\bsp\mcu\s5d9\libfmi_R7FS5D97E3A01CFB_gcc.a
END GROUP
START GROUP
LOAD c:/renesas/synergy/e2studio_v2022-10_ssp_v2.4.0/toolchains/gcc_arm/gcc-arm-none-eabi-10.3-2021.10/bin/../lib/gcc/arm-none-eabi/10.3.1/thumb/v7e-m+fp/hard\libgcc.a
LOAD c:/renesas/synergy/e2studio_v2022-10_ssp_v2.4.0/toolchains/gcc_arm/gcc-arm-none-eabi-10.3-2021.10/bin/../lib/gcc/arm-none-eabi/10.3.1/../../../../arm-none-eabi/lib/thumb/v7e-m+fp/hard\libg_nano.a
LOAD c:/renesas/synergy/e2studio_v2022-10_ssp_v2.4.0/toolchains/gcc_arm/gcc-arm-none-eabi-10.3-2021.10/bin/../lib/gcc/arm-none-eabi/10.3.1/../../../../arm-none-eabi/lib/thumb/v7e-m+fp/hard\libc_nano.a
END GROUP
START GROUP
LOAD c:/renesas/synergy/e2studio_v2022-10_ssp_v2.4.0/toolchains/gcc_arm/gcc-arm-none-eabi-10.3-2021.10/bin/../lib/gcc/arm-none-eabi/10.3.1/thumb/v7e-m+fp/hard\libgcc.a
LOAD c:/renesas/synergy/e2studio_v2022-10_ssp_v2.4.0/toolchains/gcc_arm/gcc-arm-none-eabi-10.3-2021.10/bin/../lib/gcc/arm-none-eabi/10.3.1/../../../../arm-none-eabi/lib/thumb/v7e-m+fp/hard\libc_nano.a
LOAD c:/renesas/synergy/e2studio_v2022-10_ssp_v2.4.0/toolchains/gcc_arm/gcc-arm-none-eabi-10.3-2021.10/bin/../lib/gcc/arm-none-eabi/10.3.1/../../../../arm-none-eabi/lib/thumb/v7e-m+fp/hard\librdimon_nano.a
END GROUP
START GROUP
LOAD c:/renesas/synergy/e2studio_v2022-10_ssp_v2.4.0/toolchains/gcc_arm/gcc-arm-none-eabi-10.3-2021.10/bin/../lib/gcc/arm-none-eabi/10.3.1/thumb/v7e-m+fp/hard\libgcc.a
LOAD c:/renesas/synergy/e2studio_v2022-10_ssp_v2.4.0/toolchains/gcc_arm/gcc-arm-none-eabi-10.3-2021.10/bin/../lib/gcc/arm-none-eabi/10.3.1/../../../../arm-none-eabi/lib/thumb/v7e-m+fp/hard\libc_nano.a
LOAD c:/renesas/synergy/e2studio_v2022-10_ssp_v2.4.0/toolchains/gcc_arm/gcc-arm-none-eabi-10.3-2021.10/bin/../lib/gcc/arm-none-eabi/10.3.1/../../../../arm-none-eabi/lib/thumb/v7e-m+fp/hard\librdimon_nano.a
END GROUP
LOAD c:/renesas/synergy/e2studio_v2022-10_ssp_v2.4.0/toolchains/gcc_arm/gcc-arm-none-eabi-10.3-2021.10/bin/../lib/gcc/arm-none-eabi/10.3.1/thumb/v7e-m+fp/hard/crtend.o
LOAD c:/renesas/synergy/e2studio_v2022-10_ssp_v2.4.0/toolchains/gcc_arm/gcc-arm-none-eabi-10.3-2021.10/bin/../lib/gcc/arm-none-eabi/10.3.1/thumb/v7e-m+fp/hard/crtn.o
START GROUP
LOAD c:/renesas/synergy/e2studio_v2022-10_ssp_v2.4.0/toolchains/gcc_arm/gcc-arm-none-eabi-10.3-2021.10/bin/../lib/gcc/arm-none-eabi/10.3.1/thumb/v7e-m+fp/hard\libgcc.a
LOAD c:/renesas/synergy/e2studio_v2022-10_ssp_v2.4.0/toolchains/gcc_arm/gcc-arm-none-eabi-10.3-2021.10/bin/../lib/gcc/arm-none-eabi/10.3.1/../../../../arm-none-eabi/lib/thumb/v7e-m+fp/hard\libc.a
LOAD c:/renesas/synergy/e2studio_v2022-10_ssp_v2.4.0/toolchains/gcc_arm/gcc-arm-none-eabi-10.3-2021.10/bin/../lib/gcc/arm-none-eabi/10.3.1/../../../../arm-none-eabi/lib/thumb/v7e-m+fp/hard\libm.a
LOAD c:/renesas/synergy/e2studio_v2022-10_ssp_v2.4.0/toolchains/gcc_arm/gcc-arm-none-eabi-10.3-2021.10/bin/../lib/gcc/arm-none-eabi/10.3.1/../../../../arm-none-eabi/lib/thumb/v7e-m+fp/hard\libnosys.a
END GROUP

.text           0x00000000     0xbe88
                0x00000000                __ROM_Start = .
 *(.vectors)
 .vectors       0x00000000       0x40 ./synergy/ssp/src/bsp/cmsis/Device/RENESAS/S5D9/Source/startup_S5D9.o
                0x00000000                __Vectors
 *(SORT_BY_NAME(.vector.*))
 .vector.CAN_0_ERROR
                0x00000040        0x4 ./src/synergy_gen/can_thread.o
                0x00000040                g_vector_CAN_0_ERROR
 .vector.CAN_0_MAILBOX_RX
                0x00000044        0x4 ./src/synergy_gen/can_thread.o
                0x00000044                g_vector_CAN_0_MAILBOX_RX
 .vector.CAN_0_MAILBOX_TX
                0x00000048        0x4 ./src/synergy_gen/can_thread.o
                0x00000048                g_vector_CAN_0_MAILBOX_TX
 .vector.SCI_0_RXI
                0x0000004c        0x4 ./src/synergy_gen/drv_thread.o
                0x0000004c                g_vector_SCI_0_RXI
 .vector.SCI_0_TEI
                0x00000050        0x4 ./src/synergy_gen/drv_thread.o
                0x00000050                g_vector_SCI_0_TEI
 .vector.SCI_0_TXI
                0x00000054        0x4 ./src/synergy_gen/drv_thread.o
                0x00000054                g_vector_SCI_0_TXI
                0x00000058                __Vectors_End = .
                0x1ffe0c88                __end__ = .
                0x00000400                . = (__ROM_Start + 0x400)
 *fill*         0x00000058      0x3a8 ff
 *(.rom_registers*)
 .rom_registers
                0x00000400       0x3c ./synergy/ssp/src/bsp/mcu/s5d9/bsp_rom_registers.o
                0x00000500                . = (__ROM_Start + 0x500)
 *fill*         0x0000043c       0xc4 ff
                0x00000500                __Vector_Info_Start = .
 *(SORT_BY_NAME(.vector_info.*))
 .vector_info.CAN_0_ERROR
                0x00000500        0x8 ./src/synergy_gen/can_thread.o
                0x00000500                g_vector_info_CAN_0_ERROR
 .vector_info.CAN_0_MAILBOX_RX
                0x00000508        0x8 ./src/synergy_gen/can_thread.o
                0x00000508                g_vector_info_CAN_0_MAILBOX_RX
 .vector_info.CAN_0_MAILBOX_TX
                0x00000510        0x8 ./src/synergy_gen/can_thread.o
                0x00000510                g_vector_info_CAN_0_MAILBOX_TX
 .vector_info.SCI_0_RXI
                0x00000518        0x8 ./src/synergy_gen/drv_thread.o
                0x00000518                g_vector_info_SCI_0_RXI
 .vector_info.SCI_0_TEI
                0x00000520        0x8 ./src/synergy_gen/drv_thread.o
                0x00000520                g_vector_info_SCI_0_TEI
 .vector_info.SCI_0_TXI
                0x00000528        0x8 ./src/synergy_gen/drv_thread.o
                0x00000528                g_vector_info_SCI_0_TXI
                0x00000530                __Vector_Info_End = .
                0x00000530                __Lock_Lookup_Start = .
 *(SORT_BY_NAME(.hw_lock_lookup.*))
 .hw_lock_lookup.ADC_0U_0U
                0x00000530        0x4 ./synergy/ssp/src/bsp/mcu/s5d9/bsp_hw_locks.o
                0x00000530                g_lock_lookup_ADC_0U_0U
 .hw_lock_lookup.ADC_0U_1U
                0x00000534        0x4 ./synergy/ssp/src/bsp/mcu/s5d9/bsp_hw_locks.o
                0x00000534                g_lock_lookup_ADC_0U_1U
 .hw_lock_lookup.AGT_0U_0U
                0x00000538        0x4 ./synergy/ssp/src/bsp/mcu/s5d9/bsp_hw_locks.o
                0x00000538                g_lock_lookup_AGT_0U_0U
 .hw_lock_lookup.AGT_0U_1U
                0x0000053c        0x4 ./synergy/ssp/src/bsp/mcu/s5d9/bsp_hw_locks.o
                0x0000053c                g_lock_lookup_AGT_0U_1U
 .hw_lock_lookup.BSC_0U_1U
                0x00000540        0x4 ./synergy/ssp/src/bsp/mcu/s5d9/bsp_hw_locks.o
                0x00000540                g_lock_lookup_BSC_0U_1U
 .hw_lock_lookup.CAC_0U_0U
                0x00000544        0x4 ./synergy/ssp/src/bsp/mcu/s5d9/bsp_hw_locks.o
                0x00000544                g_lock_lookup_CAC_0U_0U
 .hw_lock_lookup.CAN_0U_0U
                0x00000548        0x4 ./synergy/ssp/src/bsp/mcu/s5d9/bsp_hw_locks.o
                0x00000548                g_lock_lookup_CAN_0U_0U
 .hw_lock_lookup.CAN_0U_1U
                0x0000054c        0x4 ./synergy/ssp/src/bsp/mcu/s5d9/bsp_hw_locks.o
                0x0000054c                g_lock_lookup_CAN_0U_1U
 .hw_lock_lookup.COMP_HS_0U_0U
                0x00000550        0x4 ./synergy/ssp/src/bsp/mcu/s5d9/bsp_hw_locks.o
                0x00000550                g_lock_lookup_COMP_HS_0U_0U
 .hw_lock_lookup.COMP_HS_0U_1U
                0x00000554        0x4 ./synergy/ssp/src/bsp/mcu/s5d9/bsp_hw_locks.o
                0x00000554                g_lock_lookup_COMP_HS_0U_1U
 .hw_lock_lookup.COMP_HS_0U_2U
                0x00000558        0x4 ./synergy/ssp/src/bsp/mcu/s5d9/bsp_hw_locks.o
                0x00000558                g_lock_lookup_COMP_HS_0U_2U
 .hw_lock_lookup.COMP_HS_0U_3U
                0x0000055c        0x4 ./synergy/ssp/src/bsp/mcu/s5d9/bsp_hw_locks.o
                0x0000055c                g_lock_lookup_COMP_HS_0U_3U
 .hw_lock_lookup.COMP_HS_0U_4U
                0x00000560        0x4 ./synergy/ssp/src/bsp/mcu/s5d9/bsp_hw_locks.o
                0x00000560                g_lock_lookup_COMP_HS_0U_4U
 .hw_lock_lookup.COMP_HS_0U_5U
                0x00000564        0x4 ./synergy/ssp/src/bsp/mcu/s5d9/bsp_hw_locks.o
                0x00000564                g_lock_lookup_COMP_HS_0U_5U
 .hw_lock_lookup.CRC_0U_0U
                0x00000568        0x4 ./synergy/ssp/src/bsp/mcu/s5d9/bsp_hw_locks.o
                0x00000568                g_lock_lookup_CRC_0U_0U
 .hw_lock_lookup.CTSU_0U_0U
                0x0000056c        0x4 ./synergy/ssp/src/bsp/mcu/s5d9/bsp_hw_locks.o
                0x0000056c                g_lock_lookup_CTSU_0U_0U
 .hw_lock_lookup.DAAD_0U_0U
                0x00000570        0x4 ./synergy/ssp/src/bsp/mcu/s5d9/bsp_hw_locks.o
                0x00000570                g_lock_lookup_DAAD_0U_0U
 .hw_lock_lookup.DAC_0U_0U
                0x00000574        0x4 ./synergy/ssp/src/bsp/mcu/s5d9/bsp_hw_locks.o
                0x00000574                g_lock_lookup_DAC_0U_0U
 .hw_lock_lookup.DAC_0U_1U
                0x00000578        0x4 ./synergy/ssp/src/bsp/mcu/s5d9/bsp_hw_locks.o
                0x00000578                g_lock_lookup_DAC_0U_1U
 .hw_lock_lookup.DMAC_0U_0U
                0x0000057c        0x4 ./synergy/ssp/src/bsp/mcu/s5d9/bsp_hw_locks.o
                0x0000057c                g_lock_lookup_DMAC_0U_0U
 .hw_lock_lookup.DMAC_0U_1U
                0x00000580        0x4 ./synergy/ssp/src/bsp/mcu/s5d9/bsp_hw_locks.o
                0x00000580                g_lock_lookup_DMAC_0U_1U
 .hw_lock_lookup.DMAC_0U_2U
                0x00000584        0x4 ./synergy/ssp/src/bsp/mcu/s5d9/bsp_hw_locks.o
                0x00000584                g_lock_lookup_DMAC_0U_2U
 .hw_lock_lookup.DMAC_0U_3U
                0x00000588        0x4 ./synergy/ssp/src/bsp/mcu/s5d9/bsp_hw_locks.o
                0x00000588                g_lock_lookup_DMAC_0U_3U
 .hw_lock_lookup.DMAC_0U_4U
                0x0000058c        0x4 ./synergy/ssp/src/bsp/mcu/s5d9/bsp_hw_locks.o
                0x0000058c                g_lock_lookup_DMAC_0U_4U
 .hw_lock_lookup.DMAC_0U_5U
                0x00000590        0x4 ./synergy/ssp/src/bsp/mcu/s5d9/bsp_hw_locks.o
                0x00000590                g_lock_lookup_DMAC_0U_5U
 .hw_lock_lookup.DMAC_0U_6U
                0x00000594        0x4 ./synergy/ssp/src/bsp/mcu/s5d9/bsp_hw_locks.o
                0x00000594                g_lock_lookup_DMAC_0U_6U
 .hw_lock_lookup.DMAC_0U_7U
                0x00000598        0x4 ./synergy/ssp/src/bsp/mcu/s5d9/bsp_hw_locks.o
                0x00000598                g_lock_lookup_DMAC_0U_7U
 .hw_lock_lookup.DOC_0U_0U
                0x0000059c        0x4 ./synergy/ssp/src/bsp/mcu/s5d9/bsp_hw_locks.o
                0x0000059c                g_lock_lookup_DOC_0U_0U
 .hw_lock_lookup.DRW_0U_0U
                0x000005a0        0x4 ./synergy/ssp/src/bsp/mcu/s5d9/bsp_hw_locks.o
                0x000005a0                g_lock_lookup_DRW_0U_0U
 .hw_lock_lookup.DTC_0U_0U
                0x000005a4        0x4 ./synergy/ssp/src/bsp/mcu/s5d9/bsp_hw_locks.o
                0x000005a4                g_lock_lookup_DTC_0U_0U
 .hw_lock_lookup.ELC_0U_0U
                0x000005a8        0x4 ./synergy/ssp/src/bsp/mcu/s5d9/bsp_hw_locks.o
                0x000005a8                g_lock_lookup_ELC_0U_0U
 .hw_lock_lookup.EPTPC_0U_0U
                0x000005ac        0x4 ./synergy/ssp/src/bsp/mcu/s5d9/bsp_hw_locks.o
                0x000005ac                g_lock_lookup_EPTPC_0U_0U
 .hw_lock_lookup.ETHER_0U_0U
                0x000005b0        0x4 ./synergy/ssp/src/bsp/mcu/s5d9/bsp_hw_locks.o
                0x000005b0                g_lock_lookup_ETHER_0U_0U
 .hw_lock_lookup.ETHER_0U_1U
                0x000005b4        0x4 ./synergy/ssp/src/bsp/mcu/s5d9/bsp_hw_locks.o
                0x000005b4                g_lock_lookup_ETHER_0U_1U
 .hw_lock_lookup.FCU_0U_0U
                0x000005b8        0x4 ./synergy/ssp/src/bsp/mcu/s5d9/bsp_hw_locks.o
                0x000005b8                g_lock_lookup_FCU_0U_0U
 .hw_lock_lookup.GLCDC_0U_0U
                0x000005bc        0x4 ./synergy/ssp/src/bsp/mcu/s5d9/bsp_hw_locks.o
                0x000005bc                g_lock_lookup_GLCDC_0U_0U
 .hw_lock_lookup.GPT_0U_0U
                0x000005c0        0x4 ./synergy/ssp/src/bsp/mcu/s5d9/bsp_hw_locks.o
                0x000005c0                g_lock_lookup_GPT_0U_0U
 .hw_lock_lookup.GPT_0U_10U
                0x000005c4        0x4 ./synergy/ssp/src/bsp/mcu/s5d9/bsp_hw_locks.o
                0x000005c4                g_lock_lookup_GPT_0U_10U
 .hw_lock_lookup.GPT_0U_11U
                0x000005c8        0x4 ./synergy/ssp/src/bsp/mcu/s5d9/bsp_hw_locks.o
                0x000005c8                g_lock_lookup_GPT_0U_11U
 .hw_lock_lookup.GPT_0U_12U
                0x000005cc        0x4 ./synergy/ssp/src/bsp/mcu/s5d9/bsp_hw_locks.o
                0x000005cc                g_lock_lookup_GPT_0U_12U
 .hw_lock_lookup.GPT_0U_13U
                0x000005d0        0x4 ./synergy/ssp/src/bsp/mcu/s5d9/bsp_hw_locks.o
                0x000005d0                g_lock_lookup_GPT_0U_13U
 .hw_lock_lookup.GPT_0U_1U
                0x000005d4        0x4 ./synergy/ssp/src/bsp/mcu/s5d9/bsp_hw_locks.o
                0x000005d4                g_lock_lookup_GPT_0U_1U
 .hw_lock_lookup.GPT_0U_2U
                0x000005d8        0x4 ./synergy/ssp/src/bsp/mcu/s5d9/bsp_hw_locks.o
                0x000005d8                g_lock_lookup_GPT_0U_2U
 .hw_lock_lookup.GPT_0U_3U
                0x000005dc        0x4 ./synergy/ssp/src/bsp/mcu/s5d9/bsp_hw_locks.o
                0x000005dc                g_lock_lookup_GPT_0U_3U
 .hw_lock_lookup.GPT_0U_4U
                0x000005e0        0x4 ./synergy/ssp/src/bsp/mcu/s5d9/bsp_hw_locks.o
                0x000005e0                g_lock_lookup_GPT_0U_4U
 .hw_lock_lookup.GPT_0U_5U
                0x000005e4        0x4 ./synergy/ssp/src/bsp/mcu/s5d9/bsp_hw_locks.o
                0x000005e4                g_lock_lookup_GPT_0U_5U
 .hw_lock_lookup.GPT_0U_6U
                0x000005e8        0x4 ./synergy/ssp/src/bsp/mcu/s5d9/bsp_hw_locks.o
                0x000005e8                g_lock_lookup_GPT_0U_6U
 .hw_lock_lookup.GPT_0U_7U
                0x000005ec        0x4 ./synergy/ssp/src/bsp/mcu/s5d9/bsp_hw_locks.o
                0x000005ec                g_lock_lookup_GPT_0U_7U
 .hw_lock_lookup.GPT_0U_8U
                0x000005f0        0x4 ./synergy/ssp/src/bsp/mcu/s5d9/bsp_hw_locks.o
                0x000005f0                g_lock_lookup_GPT_0U_8U
 .hw_lock_lookup.GPT_0U_9U
                0x000005f4        0x4 ./synergy/ssp/src/bsp/mcu/s5d9/bsp_hw_locks.o
                0x000005f4                g_lock_lookup_GPT_0U_9U
 .hw_lock_lookup.ICU_0U_0U
                0x000005f8        0x4 ./synergy/ssp/src/bsp/mcu/s5d9/bsp_hw_locks.o
                0x000005f8                g_lock_lookup_ICU_0U_0U
 .hw_lock_lookup.ICU_0U_10U
                0x000005fc        0x4 ./synergy/ssp/src/bsp/mcu/s5d9/bsp_hw_locks.o
                0x000005fc                g_lock_lookup_ICU_0U_10U
 .hw_lock_lookup.ICU_0U_11U
                0x00000600        0x4 ./synergy/ssp/src/bsp/mcu/s5d9/bsp_hw_locks.o
                0x00000600                g_lock_lookup_ICU_0U_11U
 .hw_lock_lookup.ICU_0U_12U
                0x00000604        0x4 ./synergy/ssp/src/bsp/mcu/s5d9/bsp_hw_locks.o
                0x00000604                g_lock_lookup_ICU_0U_12U
 .hw_lock_lookup.ICU_0U_13U
                0x00000608        0x4 ./synergy/ssp/src/bsp/mcu/s5d9/bsp_hw_locks.o
                0x00000608                g_lock_lookup_ICU_0U_13U
 .hw_lock_lookup.ICU_0U_14U
                0x0000060c        0x4 ./synergy/ssp/src/bsp/mcu/s5d9/bsp_hw_locks.o
                0x0000060c                g_lock_lookup_ICU_0U_14U
 .hw_lock_lookup.ICU_0U_15U
                0x00000610        0x4 ./synergy/ssp/src/bsp/mcu/s5d9/bsp_hw_locks.o
                0x00000610                g_lock_lookup_ICU_0U_15U
 .hw_lock_lookup.ICU_0U_1U
                0x00000614        0x4 ./synergy/ssp/src/bsp/mcu/s5d9/bsp_hw_locks.o
                0x00000614                g_lock_lookup_ICU_0U_1U
 .hw_lock_lookup.ICU_0U_2U
                0x00000618        0x4 ./synergy/ssp/src/bsp/mcu/s5d9/bsp_hw_locks.o
                0x00000618                g_lock_lookup_ICU_0U_2U
 .hw_lock_lookup.ICU_0U_3U
                0x0000061c        0x4 ./synergy/ssp/src/bsp/mcu/s5d9/bsp_hw_locks.o
                0x0000061c                g_lock_lookup_ICU_0U_3U
 .hw_lock_lookup.ICU_0U_4U
                0x00000620        0x4 ./synergy/ssp/src/bsp/mcu/s5d9/bsp_hw_locks.o
                0x00000620                g_lock_lookup_ICU_0U_4U
 .hw_lock_lookup.ICU_0U_5U
                0x00000624        0x4 ./synergy/ssp/src/bsp/mcu/s5d9/bsp_hw_locks.o
                0x00000624                g_lock_lookup_ICU_0U_5U
 .hw_lock_lookup.ICU_0U_6U
                0x00000628        0x4 ./synergy/ssp/src/bsp/mcu/s5d9/bsp_hw_locks.o
                0x00000628                g_lock_lookup_ICU_0U_6U
 .hw_lock_lookup.ICU_0U_7U
                0x0000062c        0x4 ./synergy/ssp/src/bsp/mcu/s5d9/bsp_hw_locks.o
                0x0000062c                g_lock_lookup_ICU_0U_7U
 .hw_lock_lookup.ICU_0U_8U
                0x00000630        0x4 ./synergy/ssp/src/bsp/mcu/s5d9/bsp_hw_locks.o
                0x00000630                g_lock_lookup_ICU_0U_8U
 .hw_lock_lookup.ICU_0U_9U
                0x00000634        0x4 ./synergy/ssp/src/bsp/mcu/s5d9/bsp_hw_locks.o
                0x00000634                g_lock_lookup_ICU_0U_9U
 .hw_lock_lookup.IIC_0U_0U
                0x00000638        0x4 ./synergy/ssp/src/bsp/mcu/s5d9/bsp_hw_locks.o
                0x00000638                g_lock_lookup_IIC_0U_0U
 .hw_lock_lookup.IIC_0U_1U
                0x0000063c        0x4 ./synergy/ssp/src/bsp/mcu/s5d9/bsp_hw_locks.o
                0x0000063c                g_lock_lookup_IIC_0U_1U
 .hw_lock_lookup.IIC_0U_2U
                0x00000640        0x4 ./synergy/ssp/src/bsp/mcu/s5d9/bsp_hw_locks.o
                0x00000640                g_lock_lookup_IIC_0U_2U
 .hw_lock_lookup.IRDA_0U_0U
                0x00000644        0x4 ./synergy/ssp/src/bsp/mcu/s5d9/bsp_hw_locks.o
                0x00000644                g_lock_lookup_IRDA_0U_0U
 .hw_lock_lookup.IWDT_0U_0U
                0x00000648        0x4 ./synergy/ssp/src/bsp/mcu/s5d9/bsp_hw_locks.o
                0x00000648                g_lock_lookup_IWDT_0U_0U
 .hw_lock_lookup.JPEG_0U_0U
                0x0000064c        0x4 ./synergy/ssp/src/bsp/mcu/s5d9/bsp_hw_locks.o
                0x0000064c                g_lock_lookup_JPEG_0U_0U
 .hw_lock_lookup.KEY_0U_0U
                0x00000650        0x4 ./synergy/ssp/src/bsp/mcu/s5d9/bsp_hw_locks.o
                0x00000650                g_lock_lookup_KEY_0U_0U
 .hw_lock_lookup.LPM_1U_0U
                0x00000654        0x4 ./synergy/ssp/src/bsp/mcu/s5d9/bsp_hw_locks.o
                0x00000654                g_lock_lookup_LPM_1U_0U
 .hw_lock_lookup.LVD_0U_0U
                0x00000658        0x4 ./synergy/ssp/src/bsp/mcu/s5d9/bsp_hw_locks.o
                0x00000658                g_lock_lookup_LVD_0U_0U
 .hw_lock_lookup.LVD_0U_1U
                0x0000065c        0x4 ./synergy/ssp/src/bsp/mcu/s5d9/bsp_hw_locks.o
                0x0000065c                g_lock_lookup_LVD_0U_1U
 .hw_lock_lookup.MMF_0U_0U
                0x00000660        0x4 ./synergy/ssp/src/bsp/mcu/s5d9/bsp_hw_locks.o
                0x00000660                g_lock_lookup_MMF_0U_0U
 .hw_lock_lookup.MPU_0U_0U
                0x00000664        0x4 ./synergy/ssp/src/bsp/mcu/s5d9/bsp_hw_locks.o
                0x00000664                g_lock_lookup_MPU_0U_0U
 .hw_lock_lookup.OPS_0U_0U
                0x00000668        0x4 ./synergy/ssp/src/bsp/mcu/s5d9/bsp_hw_locks.o
                0x00000668                g_lock_lookup_OPS_0U_0U
 .hw_lock_lookup.PDC_0U_0U
                0x0000066c        0x4 ./synergy/ssp/src/bsp/mcu/s5d9/bsp_hw_locks.o
                0x0000066c                g_lock_lookup_PDC_0U_0U
 .hw_lock_lookup.POEG_0U_0U
                0x00000670        0x4 ./synergy/ssp/src/bsp/mcu/s5d9/bsp_hw_locks.o
                0x00000670                g_lock_lookup_POEG_0U_0U
 .hw_lock_lookup.POEG_0U_1U
                0x00000674        0x4 ./synergy/ssp/src/bsp/mcu/s5d9/bsp_hw_locks.o
                0x00000674                g_lock_lookup_POEG_0U_1U
 .hw_lock_lookup.POEG_0U_2U
                0x00000678        0x4 ./synergy/ssp/src/bsp/mcu/s5d9/bsp_hw_locks.o
                0x00000678                g_lock_lookup_POEG_0U_2U
 .hw_lock_lookup.POEG_0U_3U
                0x0000067c        0x4 ./synergy/ssp/src/bsp/mcu/s5d9/bsp_hw_locks.o
                0x0000067c                g_lock_lookup_POEG_0U_3U
 .hw_lock_lookup.QSPI_0U_0U
                0x00000680        0x4 ./synergy/ssp/src/bsp/mcu/s5d9/bsp_hw_locks.o
                0x00000680                g_lock_lookup_QSPI_0U_0U
 .hw_lock_lookup.RTC_0U_0U
                0x00000684        0x4 ./synergy/ssp/src/bsp/mcu/s5d9/bsp_hw_locks.o
                0x00000684                g_lock_lookup_RTC_0U_0U
 .hw_lock_lookup.SCE_0U_0U
                0x00000688        0x4 ./synergy/ssp/src/bsp/mcu/s5d9/bsp_hw_locks.o
                0x00000688                g_lock_lookup_SCE_0U_0U
 .hw_lock_lookup.SCI_0U_0U
                0x0000068c        0x4 ./synergy/ssp/src/bsp/mcu/s5d9/bsp_hw_locks.o
                0x0000068c                g_lock_lookup_SCI_0U_0U
 .hw_lock_lookup.SCI_0U_1U
                0x00000690        0x4 ./synergy/ssp/src/bsp/mcu/s5d9/bsp_hw_locks.o
                0x00000690                g_lock_lookup_SCI_0U_1U
 .hw_lock_lookup.SCI_0U_2U
                0x00000694        0x4 ./synergy/ssp/src/bsp/mcu/s5d9/bsp_hw_locks.o
                0x00000694                g_lock_lookup_SCI_0U_2U
 .hw_lock_lookup.SCI_0U_3U
                0x00000698        0x4 ./synergy/ssp/src/bsp/mcu/s5d9/bsp_hw_locks.o
                0x00000698                g_lock_lookup_SCI_0U_3U
 .hw_lock_lookup.SCI_0U_4U
                0x0000069c        0x4 ./synergy/ssp/src/bsp/mcu/s5d9/bsp_hw_locks.o
                0x0000069c                g_lock_lookup_SCI_0U_4U
 .hw_lock_lookup.SCI_0U_5U
                0x000006a0        0x4 ./synergy/ssp/src/bsp/mcu/s5d9/bsp_hw_locks.o
                0x000006a0                g_lock_lookup_SCI_0U_5U
 .hw_lock_lookup.SCI_0U_6U
                0x000006a4        0x4 ./synergy/ssp/src/bsp/mcu/s5d9/bsp_hw_locks.o
                0x000006a4                g_lock_lookup_SCI_0U_6U
 .hw_lock_lookup.SCI_0U_7U
                0x000006a8        0x4 ./synergy/ssp/src/bsp/mcu/s5d9/bsp_hw_locks.o
                0x000006a8                g_lock_lookup_SCI_0U_7U
 .hw_lock_lookup.SCI_0U_8U
                0x000006ac        0x4 ./synergy/ssp/src/bsp/mcu/s5d9/bsp_hw_locks.o
                0x000006ac                g_lock_lookup_SCI_0U_8U
 .hw_lock_lookup.SCI_0U_9U
                0x000006b0        0x4 ./synergy/ssp/src/bsp/mcu/s5d9/bsp_hw_locks.o
                0x000006b0                g_lock_lookup_SCI_0U_9U
 .hw_lock_lookup.SDHIMMC_0U_0U
                0x000006b4        0x4 ./synergy/ssp/src/bsp/mcu/s5d9/bsp_hw_locks.o
                0x000006b4                g_lock_lookup_SDHIMMC_0U_0U
 .hw_lock_lookup.SDHIMMC_0U_1U
                0x000006b8        0x4 ./synergy/ssp/src/bsp/mcu/s5d9/bsp_hw_locks.o
                0x000006b8                g_lock_lookup_SDHIMMC_0U_1U
 .hw_lock_lookup.SPI_0U_0U
                0x000006bc        0x4 ./synergy/ssp/src/bsp/mcu/s5d9/bsp_hw_locks.o
                0x000006bc                g_lock_lookup_SPI_0U_0U
 .hw_lock_lookup.SPI_0U_1U
                0x000006c0        0x4 ./synergy/ssp/src/bsp/mcu/s5d9/bsp_hw_locks.o
                0x000006c0                g_lock_lookup_SPI_0U_1U
 .hw_lock_lookup.SRC_0U_0U
                0x000006c4        0x4 ./synergy/ssp/src/bsp/mcu/s5d9/bsp_hw_locks.o
                0x000006c4                g_lock_lookup_SRC_0U_0U
 .hw_lock_lookup.SSI_0U_0U
                0x000006c8        0x4 ./synergy/ssp/src/bsp/mcu/s5d9/bsp_hw_locks.o
                0x000006c8                g_lock_lookup_SSI_0U_0U
 .hw_lock_lookup.SSI_0U_1U
                0x000006cc        0x4 ./synergy/ssp/src/bsp/mcu/s5d9/bsp_hw_locks.o
                0x000006cc                g_lock_lookup_SSI_0U_1U
 .hw_lock_lookup.TSN_0U_0U
                0x000006d0        0x4 ./synergy/ssp/src/bsp/mcu/s5d9/bsp_hw_locks.o
                0x000006d0                g_lock_lookup_TSN_0U_0U
 .hw_lock_lookup.USB_0U_0U
                0x000006d4        0x4 ./synergy/ssp/src/bsp/mcu/s5d9/bsp_hw_locks.o
                0x000006d4                g_lock_lookup_USB_0U_0U
 .hw_lock_lookup.USB_1U_0U
                0x000006d8        0x4 ./synergy/ssp/src/bsp/mcu/s5d9/bsp_hw_locks.o
                0x000006d8                g_lock_lookup_USB_1U_0U
 .hw_lock_lookup.WDT_0U_0U
                0x000006dc        0x4 ./synergy/ssp/src/bsp/mcu/s5d9/bsp_hw_locks.o
                0x000006dc                g_lock_lookup_WDT_0U_0U
                0x000006e0                __Lock_Lookup_End = .
 *(.text*)
 .text          0x000006e0       0x40 c:/renesas/synergy/e2studio_v2022-10_ssp_v2.4.0/toolchains/gcc_arm/gcc-arm-none-eabi-10.3-2021.10/bin/../lib/gcc/arm-none-eabi/10.3.1/thumb/v7e-m+fp/hard/crtbegin.o
 .text.R_SCI_SIIC_MasterVersionGet
                0x00000720       0x10 ./synergy/ssp/src/driver/r_sci_i2c/r_sci_i2c.o
                0x00000720                R_SCI_SIIC_MasterVersionGet
 .text.R_SCI_SIIC_MasterSlaveAddressSet
                0x00000730       0x38 ./synergy/ssp/src/driver/r_sci_i2c/r_sci_i2c.o
                0x00000730                R_SCI_SIIC_MasterSlaveAddressSet
 .text.sci_siic_stop_transfer_interface
                0x00000768       0x50 ./synergy/ssp/src/driver/r_sci_i2c/r_sci_i2c.o
 .text.sci_siic_enable_transfer_support_tx
                0x000007b8       0x34 ./synergy/ssp/src/driver/r_sci_i2c/r_sci_i2c.o
 .text.R_SCI_SIIC_MasterOpen
                0x000007ec      0x728 ./synergy/ssp/src/driver/r_sci_i2c/r_sci_i2c.o
                0x000007ec                R_SCI_SIIC_MasterOpen
 .text.sci_siic_abort_hw_master
                0x00000f14      0x130 ./synergy/ssp/src/driver/r_sci_i2c/r_sci_i2c.o
 .text.sci_siic_run_hw_master
                0x00001044      0x254 ./synergy/ssp/src/driver/r_sci_i2c/r_sci_i2c.o
 .text.R_SCI_SIIC_MasterRead
                0x00001298       0xb4 ./synergy/ssp/src/driver/r_sci_i2c/r_sci_i2c.o
                0x00001298                R_SCI_SIIC_MasterRead
 .text.R_SCI_SIIC_MasterWrite
                0x0000134c       0xc4 ./synergy/ssp/src/driver/r_sci_i2c/r_sci_i2c.o
                0x0000134c                R_SCI_SIIC_MasterWrite
 .text.R_SCI_SIIC_MasterReset
                0x00001410       0x74 ./synergy/ssp/src/driver/r_sci_i2c/r_sci_i2c.o
                0x00001410                R_SCI_SIIC_MasterReset
 .text.R_SCI_SIIC_MasterClose
                0x00001484      0x1a8 ./synergy/ssp/src/driver/r_sci_i2c/r_sci_i2c.o
                0x00001484                R_SCI_SIIC_MasterClose
 .text.sci_i2c_rxi_isr
                0x0000162c      0x144 ./synergy/ssp/src/driver/r_sci_i2c/r_sci_i2c.o
                0x0000162c                sci_i2c_rxi_isr
 .text.sci_i2c_txi_isr
                0x00001770      0x220 ./synergy/ssp/src/driver/r_sci_i2c/r_sci_i2c.o
                0x00001770                sci_i2c_txi_isr
 .text.sci_i2c_tei_isr
                0x00001990      0x170 ./synergy/ssp/src/driver/r_sci_i2c/r_sci_i2c.o
                0x00001990                sci_i2c_tei_isr
 .text.R_IOPORT_PortRead
                0x00001b00       0x34 ./synergy/ssp/src/driver/r_ioport/r_ioport.o
                0x00001b00                R_IOPORT_PortRead
 .text.R_IOPORT_PortWrite
                0x00001b34       0x40 ./synergy/ssp/src/driver/r_ioport/r_ioport.o
                0x00001b34                R_IOPORT_PortWrite
 .text.R_IOPORT_PortDirectionSet
                0x00001b74       0x50 ./synergy/ssp/src/driver/r_ioport/r_ioport.o
                0x00001b74                R_IOPORT_PortDirectionSet
 .text.R_IOPORT_PortEventInputRead
                0x00001bc4       0x34 ./synergy/ssp/src/driver/r_ioport/r_ioport.o
                0x00001bc4                R_IOPORT_PortEventInputRead
 .text.R_IOPORT_PortEventOutputWrite
                0x00001bf8       0x3c ./synergy/ssp/src/driver/r_ioport/r_ioport.o
                0x00001bf8                R_IOPORT_PortEventOutputWrite
 .text.R_IOPORT_VersionGet
                0x00001c34       0x10 ./synergy/ssp/src/driver/r_ioport/r_ioport.o
                0x00001c34                R_IOPORT_VersionGet
 .text.bsp_vbatt_init
                0x00001c44       0xac ./synergy/ssp/src/driver/r_ioport/r_ioport.o
 .text.R_IOPORT_PinDirectionSet
                0x00001cf0       0xd0 ./synergy/ssp/src/driver/r_ioport/r_ioport.o
                0x00001cf0                R_IOPORT_PinDirectionSet
 .text.R_IOPORT_EthernetModeCfg
                0x00001dc0       0x50 ./synergy/ssp/src/driver/r_ioport/r_ioport.o
                0x00001dc0                R_IOPORT_EthernetModeCfg
 .text.R_IOPORT_PinsCfg
                0x00001e10       0xd4 ./synergy/ssp/src/driver/r_ioport/r_ioport.o
                0x00001e10                R_IOPORT_PinsCfg
 .text.R_IOPORT_Init
                0x00001ee4       0x74 ./synergy/ssp/src/driver/r_ioport/r_ioport.o
                0x00001ee4                R_IOPORT_Init
 .text.R_IOPORT_PinRead
                0x00001f58       0x50 ./synergy/ssp/src/driver/r_ioport/r_ioport.o
                0x00001f58                R_IOPORT_PinRead
 .text.R_IOPORT_PinEventInputRead
                0x00001fa8       0x5c ./synergy/ssp/src/driver/r_ioport/r_ioport.o
                0x00001fa8                R_IOPORT_PinEventInputRead
 .text.R_IOPORT_PinEventOutputWrite
                0x00002004       0x64 ./synergy/ssp/src/driver/r_ioport/r_ioport.o
                0x00002004                R_IOPORT_PinEventOutputWrite
 .text.R_IOPORT_PinWrite
                0x00002068       0x54 ./synergy/ssp/src/driver/r_ioport/r_ioport.o
                0x00002068                R_IOPORT_PinWrite
 .text.R_IOPORT_PinCfg
                0x000020bc       0xc8 ./synergy/ssp/src/driver/r_ioport/r_ioport.o
                0x000020bc                R_IOPORT_PinCfg
 .text.R_ELC_LinkSet
                0x00002184       0x14 ./synergy/ssp/src/driver/r_elc/r_elc.o
                0x00002184                R_ELC_LinkSet
 .text.R_ELC_LinkBreak
                0x00002198       0x14 ./synergy/ssp/src/driver/r_elc/r_elc.o
                0x00002198                R_ELC_LinkBreak
 .text.R_ELC_Enable
                0x000021ac       0x14 ./synergy/ssp/src/driver/r_elc/r_elc.o
                0x000021ac                R_ELC_Enable
 .text.R_ELC_Disable
                0x000021c0       0x14 ./synergy/ssp/src/driver/r_elc/r_elc.o
                0x000021c0                R_ELC_Disable
 .text.R_ELC_VersionGet
                0x000021d4       0x10 ./synergy/ssp/src/driver/r_elc/r_elc.o
                0x000021d4                R_ELC_VersionGet
 .text.R_ELC_Init
                0x000021e4       0x7c ./synergy/ssp/src/driver/r_elc/r_elc.o
                0x000021e4                R_ELC_Init
 .text.R_ELC_SoftwareEventGenerate
                0x00002260       0x30 ./synergy/ssp/src/driver/r_elc/r_elc.o
                0x00002260                R_ELC_SoftwareEventGenerate
 .text.R_DTC_Start
                0x00002290        0x4 ./synergy/ssp/src/driver/r_dtc/r_dtc.o
                0x00002290                R_DTC_Start
 .text.R_DTC_Stop
                0x00002294        0x4 ./synergy/ssp/src/driver/r_dtc/r_dtc.o
                0x00002294                R_DTC_Stop
 .text.R_DTC_Disable
                0x00002298       0x34 ./synergy/ssp/src/driver/r_dtc/r_dtc.o
                0x00002298                R_DTC_Disable
 .text.R_DTC_VersionGet
                0x000022cc       0x10 ./synergy/ssp/src/driver/r_dtc/r_dtc.o
                0x000022cc                R_DTC_VersionGet
 .text.R_DTC_InfoGet
                0x000022dc       0x78 ./synergy/ssp/src/driver/r_dtc/r_dtc.o
                0x000022dc                R_DTC_InfoGet
 .text.R_DTC_Close
                0x00002354       0x58 ./synergy/ssp/src/driver/r_dtc/r_dtc.o
                0x00002354                R_DTC_Close
 .text.R_DTC_Enable
                0x000023ac       0x8c ./synergy/ssp/src/driver/r_dtc/r_dtc.o
                0x000023ac                R_DTC_Enable
 .text.R_DTC_Reset
                0x00002438       0xac ./synergy/ssp/src/driver/r_dtc/r_dtc.o
                0x00002438                R_DTC_Reset
 .text.R_DTC_BlockReset
                0x000024e4       0xbc ./synergy/ssp/src/driver/r_dtc/r_dtc.o
                0x000024e4                R_DTC_BlockReset
 .text.R_DTC_Open
                0x000025a0      0x17c ./synergy/ssp/src/driver/r_dtc/r_dtc.o
                0x000025a0                R_DTC_Open
 .text.R_DTC_Stop_ActivationRequest
                0x0000271c        0x4 ./synergy/ssp/src/driver/r_dtc/r_dtc.o
                0x0000271c                R_DTC_Stop_ActivationRequest
 .text.R_CGC_LCDClockCfg
                0x00002720        0x4 ./synergy/ssp/src/driver/r_cgc/r_cgc.o
                0x00002720                R_CGC_LCDClockCfg
 .text.R_CGC_LCDClockEnable
                0x00002724        0x4 ./synergy/ssp/src/driver/r_cgc/r_cgc.o
                0x00002724                R_CGC_LCDClockEnable
 .text.R_CGC_VersionGet
                0x00002728       0x10 ./synergy/ssp/src/driver/r_cgc/r_cgc.o
                0x00002728                R_CGC_VersionGet
 .text.r_cgc_init_pllfreq
                0x00002738       0xd8 ./synergy/ssp/src/driver/r_cgc/r_cgc.o
 .text.R_CGC_SystemClockFreqGet
                0x00002810       0xb0 ./synergy/ssp/src/driver/r_cgc/r_cgc.o
                0x00002810                R_CGC_SystemClockFreqGet
 .text.R_CGC_BusClockOutCfg
                0x000028c0       0x28 ./synergy/ssp/src/driver/r_cgc/r_cgc.o
                0x000028c0                R_CGC_BusClockOutCfg
 .text.R_CGC_BusClockOutEnable
                0x000028e8       0x28 ./synergy/ssp/src/driver/r_cgc/r_cgc.o
                0x000028e8                R_CGC_BusClockOutEnable
 .text.R_CGC_BusClockOutDisable
                0x00002910       0x28 ./synergy/ssp/src/driver/r_cgc/r_cgc.o
                0x00002910                R_CGC_BusClockOutDisable
 .text.R_CGC_ClockOutEnable
                0x00002938       0x28 ./synergy/ssp/src/driver/r_cgc/r_cgc.o
                0x00002938                R_CGC_ClockOutEnable
 .text.R_CGC_ClockOutDisable
                0x00002960       0x28 ./synergy/ssp/src/driver/r_cgc/r_cgc.o
                0x00002960                R_CGC_ClockOutDisable
 .text.R_CGC_SDRAMClockOutEnable
                0x00002988       0x28 ./synergy/ssp/src/driver/r_cgc/r_cgc.o
                0x00002988                R_CGC_SDRAMClockOutEnable
 .text.R_CGC_SDRAMClockOutDisable
                0x000029b0       0x28 ./synergy/ssp/src/driver/r_cgc/r_cgc.o
                0x000029b0                R_CGC_SDRAMClockOutDisable
 .text.R_CGC_USBClockCfg
                0x000029d8       0x28 ./synergy/ssp/src/driver/r_cgc/r_cgc.o
                0x000029d8                R_CGC_USBClockCfg
 .text.R_CGC_SystickUpdate.part.0
                0x00002a00       0x84 ./synergy/ssp/src/driver/r_cgc/r_cgc.o
 .text.R_CGC_SystickUpdate
                0x00002a84        0xc ./synergy/ssp/src/driver/r_cgc/r_cgc.o
                0x00002a84                R_CGC_SystickUpdate
 .text.R_CGC_ClockOutCfg
                0x00002a90       0x5c ./synergy/ssp/src/driver/r_cgc/r_cgc.o
                0x00002a90                R_CGC_ClockOutCfg
 .text.r_cgc_system_dividers_set.isra.0
                0x00002aec       0x5c ./synergy/ssp/src/driver/r_cgc/r_cgc.o
 .text.R_CGC_OscStopStatusClear
                0x00002b48       0x64 ./synergy/ssp/src/driver/r_cgc/r_cgc.o
                0x00002b48                R_CGC_OscStopStatusClear
 .text.R_CGC_SDADCClockCfg
                0x00002bac        0x4 ./synergy/ssp/src/driver/r_cgc/r_cgc.o
                0x00002bac                R_CGC_SDADCClockCfg
 .text.R_CGC_SDADCClockEnable
                0x00002bb0        0x4 ./synergy/ssp/src/driver/r_cgc/r_cgc.o
                0x00002bb0                R_CGC_SDADCClockEnable
 .text.R_CGC_SDADCClockDisable
                0x00002bb4        0x4 ./synergy/ssp/src/driver/r_cgc/r_cgc.o
                0x00002bb4                R_CGC_SDADCClockDisable
 .text.R_CGC_LCDClockDisable
                0x00002bb8        0x4 ./synergy/ssp/src/driver/r_cgc/r_cgc.o
                0x00002bb8                R_CGC_LCDClockDisable
 .text.R_CGC_SystemClockGet
                0x00002bbc       0x5c ./synergy/ssp/src/driver/r_cgc/r_cgc.o
                0x00002bbc                R_CGC_SystemClockGet
 .text.R_CGC_OscStopDetect
                0x00002c18      0x108 ./synergy/ssp/src/driver/r_cgc/r_cgc.o
                0x00002c18                R_CGC_OscStopDetect
 .text.R_CGC_Init
                0x00002d20      0x11c ./synergy/ssp/src/driver/r_cgc/r_cgc.o
                0x00002d20                R_CGC_Init
 .text.r_cgc_clock_run_state_get
                0x00002e3c       0x68 ./synergy/ssp/src/driver/r_cgc/r_cgc.o
                0x00002e3c                r_cgc_clock_run_state_get
 .text.R_CGC_ClockStop
                0x00002ea4      0x160 ./synergy/ssp/src/driver/r_cgc/r_cgc.o
                0x00002ea4                R_CGC_ClockStop
 .text.R_CGC_ClockCheck
                0x00003004       0x8c ./synergy/ssp/src/driver/r_cgc/r_cgc.o
                0x00003004                R_CGC_ClockCheck
 .text.r_cgc_operating_hw_modeset
                0x00003090      0x100 ./synergy/ssp/src/driver/r_cgc/r_cgc.o
                0x00003090                r_cgc_operating_hw_modeset
 .text.r_cgc_operating_mode_set
                0x00003190       0x50 ./synergy/ssp/src/driver/r_cgc/r_cgc.o
 .text.R_CGC_SystemClockSet
                0x000031e0      0x1e0 ./synergy/ssp/src/driver/r_cgc/r_cgc.o
                0x000031e0                R_CGC_SystemClockSet
 .text.R_CGC_ClockStart.part.0
                0x000033c0      0x3e4 ./synergy/ssp/src/driver/r_cgc/r_cgc.o
 .text.R_CGC_ClockStart
                0x000037a4       0x70 ./synergy/ssp/src/driver/r_cgc/r_cgc.o
                0x000037a4                R_CGC_ClockStart
 .text.r_cgc_clock_start_stop
                0x00003814       0xc8 ./synergy/ssp/src/driver/r_cgc/r_cgc.o
 .text.R_CGC_ClocksCfg
                0x000038dc      0x16c ./synergy/ssp/src/driver/r_cgc/r_cgc.o
                0x000038dc                R_CGC_ClocksCfg
 .text.HW_CAN_Control
                0x00003a48      0x42c ./synergy/ssp/src/driver/r_can/hw/hw_can.o
                0x00003a48                HW_CAN_Control
 .text.HW_CAN_MailboxIdSet
                0x00003e74       0xc8 ./synergy/ssp/src/driver/r_can/hw/hw_can.o
                0x00003e74                HW_CAN_MailboxIdSet
 .text.HW_CAN_MailboxMaskSet
                0x00003f3c       0x68 ./synergy/ssp/src/driver/r_can/hw/hw_can.o
                0x00003f3c                HW_CAN_MailboxMaskSet
 .text.HW_CAN_TimeStampReset
                0x00003fa4       0x40 ./synergy/ssp/src/driver/r_can/hw/hw_can.o
                0x00003fa4                HW_CAN_TimeStampReset
 .text.HW_CAN_BitRateGet
                0x00003fe4       0x60 ./synergy/ssp/src/driver/r_can/hw/hw_can.o
                0x00003fe4                HW_CAN_BitRateGet
 .text.HW_CAN_MailboxesClear
                0x00004044       0x50 ./synergy/ssp/src/driver/r_can/hw/hw_can.o
                0x00004044                HW_CAN_MailboxesClear
 .text.HW_CAN_MailboxTypeGet
                0x00004094       0x10 ./synergy/ssp/src/driver/r_can/hw/hw_can.o
                0x00004094                HW_CAN_MailboxTypeGet
 .text.HW_CAN_ReceiveDataGet
                0x000040a4       0x68 ./synergy/ssp/src/driver/r_can/hw/hw_can.o
                0x000040a4                HW_CAN_ReceiveDataGet
 .text.HW_CAN_TransmitFrameSend
                0x0000410c       0x78 ./synergy/ssp/src/driver/r_can/hw/hw_can.o
                0x0000410c                HW_CAN_TransmitFrameSend
 .text.HW_CAN_InterruptErrorGet
                0x00004184       0x14 ./synergy/ssp/src/driver/r_can/hw/hw_can.o
                0x00004184                HW_CAN_InterruptErrorGet
 .text.HW_CAN_StatusGet
                0x00004198       0xc0 ./synergy/ssp/src/driver/r_can/hw/hw_can.o
                0x00004198                HW_CAN_StatusGet
 .text.HW_CAN_ErrorsGet
                0x00004258       0x2c ./synergy/ssp/src/driver/r_can/hw/hw_can.o
                0x00004258                HW_CAN_ErrorsGet
 .text.R_CAN_VersionGet
                0x00004284       0x10 ./synergy/ssp/src/driver/r_can/r_can.o
                0x00004284                R_CAN_VersionGet
 .text.R_CAN_Control
                0x00004294       0x34 ./synergy/ssp/src/driver/r_can/r_can.o
                0x00004294                R_CAN_Control
 .text.R_CAN_Write
                0x000042c8       0x74 ./synergy/ssp/src/driver/r_can/r_can.o
                0x000042c8                R_CAN_Write
 .text.R_CAN_InfoGet
                0x0000433c       0x38 ./synergy/ssp/src/driver/r_can/r_can.o
                0x0000433c                R_CAN_InfoGet
 .text.R_CAN_Read
                0x00004374       0xbc ./synergy/ssp/src/driver/r_can/r_can.o
                0x00004374                R_CAN_Read
 .text.can_irq_disable
                0x00004430      0x100 ./synergy/ssp/src/driver/r_can/r_can.o
 .text.R_CAN_Close
                0x00004530       0x40 ./synergy/ssp/src/driver/r_can/r_can.o
                0x00004530                R_CAN_Close
 .text.R_CAN_Open
                0x00004570      0x440 ./synergy/ssp/src/driver/r_can/r_can.o
                0x00004570                R_CAN_Open
 .text.can_error_isr
                0x000049b0       0xe0 ./synergy/ssp/src/driver/r_can/r_can.o
                0x000049b0                can_error_isr
 .text.can_mailbox_rx_isr
                0x00004a90       0x7c ./synergy/ssp/src/driver/r_can/r_can.o
                0x00004a90                can_mailbox_rx_isr
 .text.can_mailbox_tx_isr
                0x00004b0c       0xb0 ./synergy/ssp/src/driver/r_can/r_can.o
                0x00004b0c                can_mailbox_tx_isr
 .text.R_ADC_VersionGet
                0x00004bbc       0x10 ./synergy/ssp/src/driver/r_adc/r_adc.o
                0x00004bbc                R_ADC_VersionGet
 .text.R_ADC_OffsetSet
                0x00004bcc        0x4 ./synergy/ssp/src/driver/r_adc/r_adc.o
                0x00004bcc                R_ADC_OffsetSet
 .text.R_ADC_ScanStart
                0x00004bd0       0x44 ./synergy/ssp/src/driver/r_adc/r_adc.o
                0x00004bd0                R_ADC_ScanStart
 .text.R_ADC_ScanStop
                0x00004c14       0x34 ./synergy/ssp/src/driver/r_adc/r_adc.o
                0x00004c14                R_ADC_ScanStop
 .text.R_ADC_CheckScanDone
                0x00004c48       0x28 ./synergy/ssp/src/driver/r_adc/r_adc.o
                0x00004c48                R_ADC_CheckScanDone
 .text.R_ADC_Read
                0x00004c70       0x64 ./synergy/ssp/src/driver/r_adc/r_adc.o
                0x00004c70                R_ADC_Read
 .text.R_ADC_SetSampleStateCount
                0x00004cd4       0x7c ./synergy/ssp/src/driver/r_adc/r_adc.o
                0x00004cd4                R_ADC_SetSampleStateCount
 .text.R_ADC_InfoGet
                0x00004d50      0x100 ./synergy/ssp/src/driver/r_adc/r_adc.o
                0x00004d50                R_ADC_InfoGet
 .text.R_ADC_Calibrate
                0x00004e50       0x48 ./synergy/ssp/src/driver/r_adc/r_adc.o
                0x00004e50                R_ADC_Calibrate
 .text.r_adc_close_sub
                0x00004e98       0x60 ./synergy/ssp/src/driver/r_adc/r_adc.o
 .text.r_adc_open_configure_pga_settings.part.0
                0x00004ef8      0x214 ./synergy/ssp/src/driver/r_adc/r_adc.o
 .text.R_ADC_Close
                0x0000510c      0x104 ./synergy/ssp/src/driver/r_adc/r_adc.o
                0x0000510c                R_ADC_Close
 .text.R_ADC_Read32
                0x00005210       0x90 ./synergy/ssp/src/driver/r_adc/r_adc.o
                0x00005210                R_ADC_Read32
 .text.R_ADC_Open
                0x000052a0      0x4cc ./synergy/ssp/src/driver/r_adc/r_adc.o
                0x000052a0                R_ADC_Open
 .text.R_ADC_ScanConfigure
                0x0000576c      0x454 ./synergy/ssp/src/driver/r_adc/r_adc.o
                0x0000576c                R_ADC_ScanConfigure
 .text.R_BSP_CacheOff
                0x00005bc0       0x28 ./synergy/ssp/src/bsp/mcu/s5d9/bsp_cache.o
                0x00005bc0                R_BSP_CacheOff
 .text.R_BSP_CacheSet
                0x00005be8       0x48 ./synergy/ssp/src/bsp/mcu/s5d9/bsp_cache.o
                0x00005be8                R_BSP_CacheSet
 .text.bsp_clock_init
                0x00005c30       0xa8 ./synergy/ssp/src/bsp/mcu/s5d9/bsp_clocks.o
                0x00005c30                bsp_clock_init
 .text.bsp_cpu_clock_get
                0x00005cd8       0x20 ./synergy/ssp/src/bsp/mcu/s5d9/bsp_clocks.o
                0x00005cd8                bsp_cpu_clock_get
 .text.bsp_clock_set_callback
                0x00005cf8      0x10c ./synergy/ssp/src/bsp/mcu/s5d9/bsp_clocks.o
                0x00005cf8                bsp_clock_set_callback
 .text.R_BSP_FeatureSciGet
                0x00005e04        0x8 ./synergy/ssp/src/bsp/mcu/s5d9/bsp_feature.o
                0x00005e04                R_BSP_FeatureSciGet
 .text.R_BSP_FeatureAdcGet
                0x00005e0c       0x2c ./synergy/ssp/src/bsp/mcu/s5d9/bsp_feature.o
                0x00005e0c                R_BSP_FeatureAdcGet
 .text.R_BSP_FeatureCanGet
                0x00005e38       0x10 ./synergy/ssp/src/bsp/mcu/s5d9/bsp_feature.o
                0x00005e38                R_BSP_FeatureCanGet
 .text.R_BSP_FeatureIoportGet
                0x00005e48       0x10 ./synergy/ssp/src/bsp/mcu/s5d9/bsp_feature.o
                0x00005e48                R_BSP_FeatureIoportGet
 .text.R_BSP_FeatureCgcGet
                0x00005e58        0xc ./synergy/ssp/src/bsp/mcu/s5d9/bsp_feature.o
                0x00005e58                R_BSP_FeatureCgcGet
 .text.bsp_group_interrupt_open
                0x00005e64       0x10 ./synergy/ssp/src/bsp/mcu/s5d9/bsp_group_irq.o
                0x00005e64                bsp_group_interrupt_open
 .text.R_BSP_GroupIrqWrite
                0x00005e74       0x10 ./synergy/ssp/src/bsp/mcu/s5d9/bsp_group_irq.o
                0x00005e74                R_BSP_GroupIrqWrite
 .text.NMI_Handler
                0x00005e84      0x1c8 ./synergy/ssp/src/bsp/mcu/s5d9/bsp_group_irq.o
                0x00005e84                NMI_Handler
 .text.R_BSP_ModuleStop
                0x0000604c       0x54 ./synergy/ssp/src/bsp/mcu/s5d9/bsp_module_stop.o
                0x0000604c                R_BSP_ModuleStop
 .text.R_BSP_ModuleStart
                0x000060a0       0x88 ./synergy/ssp/src/bsp/mcu/s5d9/bsp_module_stop.o
                0x000060a0                R_BSP_ModuleStart
 .text.bsp_init_internal
                0x00006128        0x4 ./synergy/ssp/src/bsp/mcu/all/bsp_common.o
                0x00006128                bsp_init_internal
                0x00006128                bsp_init
 .text.software_delay_loop
                0x0000612c        0xc ./synergy/ssp/src/bsp/mcu/all/bsp_delay.o
 .text.R_BSP_SoftwareDelay
                0x00006138       0x60 ./synergy/ssp/src/bsp/mcu/all/bsp_delay.o
                0x00006138                R_BSP_SoftwareDelay
 .text.R_BSP_IrqStatusClear
                0x00006198       0x18 ./synergy/ssp/src/bsp/mcu/all/bsp_irq.o
                0x00006198                R_BSP_IrqStatusClear
 .text.bsp_irq_cfg
                0x000061b0       0x40 ./synergy/ssp/src/bsp/mcu/all/bsp_irq.o
                0x000061b0                bsp_irq_cfg
 .text.R_BSP_HardwareLock
                0x000061f0       0x5c ./synergy/ssp/src/bsp/mcu/all/bsp_locking.o
                0x000061f0                R_BSP_HardwareLock
 .text.R_BSP_HardwareUnlock
                0x0000624c       0x3c ./synergy/ssp/src/bsp/mcu/all/bsp_locking.o
                0x0000624c                R_BSP_HardwareUnlock
 .text.bsp_init_hardware_locks
                0x00006288       0x60 ./synergy/ssp/src/bsp/mcu/all/bsp_locking.o
                0x00006288                bsp_init_hardware_locks
 .text.R_BSP_RegisterProtectEnable
                0x000062e8       0x60 ./synergy/ssp/src/bsp/mcu/all/bsp_register_protection.o
                0x000062e8                R_BSP_RegisterProtectEnable
 .text.R_BSP_RegisterProtectDisable
                0x00006348       0x54 ./synergy/ssp/src/bsp/mcu/all/bsp_register_protection.o
                0x00006348                R_BSP_RegisterProtectDisable
 .text.bsp_register_protect_open
                0x0000639c       0x10 ./synergy/ssp/src/bsp/mcu/all/bsp_register_protection.o
                0x0000639c                bsp_register_protect_open
 .text._sbrk    0x000063ac       0x3c ./synergy/ssp/src/bsp/mcu/all/bsp_sbrk.o
                0x000063ac                _sbrk
 .text.Default_Handler
                0x000063e8        0x4 ./synergy/ssp/src/bsp/cmsis/Device/RENESAS/S5D9/Source/startup_S5D9.o
                0x000063e8                HardFault_Handler
                0x000063e8                UsageFault_Handler
                0x000063e8                Default_Handler
                0x000063e8                MemManage_Handler
                0x000063e8                SVC_Handler
                0x000063e8                BusFault_Handler
                0x000063e8                DebugMon_Handler
 .text.Reset_Handler
                0x000063ec        0xc ./synergy/ssp/src/bsp/cmsis/Device/RENESAS/S5D9/Source/startup_S5D9.o
                0x000063ec                Reset_Handler
 .text.R_BSP_WarmStart
                0x000063f8        0x4 ./synergy/ssp/src/bsp/cmsis/Device/RENESAS/S5D9/Source/system_S5D9.o
                0x000063f8                R_BSP_WarmStart
 .text.SystemInit
                0x000063fc      0x160 ./synergy/ssp/src/bsp/cmsis/Device/RENESAS/S5D9/Source/system_S5D9.o
                0x000063fc                SystemInit
 .text.adc_thread_func
                0x0000655c       0x10 ./src/synergy_gen/adc_thread.o
 .text.adc_thread_create
                0x0000656c       0x5c ./src/synergy_gen/adc_thread.o
                0x0000656c                adc_thread_create
 .text.can_thread_func
                0x000065c8       0x10 ./src/synergy_gen/can_thread.o
 .text.can_thread_create
                0x000065d8       0x5c ./src/synergy_gen/can_thread.o
                0x000065d8                can_thread_create
 .text.g_common_init
                0x00006634        0x4 ./src/synergy_gen/common_data.o
                0x00006634                g_common_init
 .text.drv_thread_func
                0x00006638       0x10 ./src/synergy_gen/drv_thread.o
 .text.drv_thread_create
                0x00006648       0x58 ./src/synergy_gen/drv_thread.o
                0x00006648                drv_thread_create
 .text.g_hal_init
                0x000066a0        0x4 ./src/synergy_gen/hal_data.o
                0x000066a0                g_hal_init
 .text.tx_application_define_internal
                0x000066a4        0x4 ./src/synergy_gen/main.o
                0x000066a4                tx_application_define_user
                0x000066a4                tx_application_define_internal
 .text.tx_startup_err_callback_internal
                0x000066a8        0x4 ./src/synergy_gen/main.o
                0x000066a8                tx_startup_err_callback_internal
                0x000066a8                tx_startup_err_callback
 .text.tx_application_define
                0x000066ac       0x50 ./src/synergy_gen/main.o
                0x000066ac                tx_application_define
 .text.tx_startup_common_init
                0x000066fc       0x64 ./src/synergy_gen/main.o
                0x000066fc                tx_startup_common_init
 .text.startup.main
                0x00006760        0xc ./src/synergy_gen/main.o
                0x00006760                main
 .text.status_thread_func
                0x0000676c       0x10 ./src/synergy_gen/status_thread.o
 .text.status_thread_create
                0x0000677c       0x5c ./src/synergy_gen/status_thread.o
                0x0000677c                status_thread_create
 .text.scanADC  0x000067d8      0x11c ./src/adc_thread_entry.o
                0x000067d8                scanADC
 .text.setMux   0x000068f4       0xa0 ./src/adc_thread_entry.o
                0x000068f4                setMux
 .text.adc_thread_entry
                0x00006994       0x44 ./src/adc_thread_entry.o
                0x00006994                adc_thread_entry
 .text.can_thread_entry
                0x000069d8       0xa4 ./src/can_thread_entry.o
                0x000069d8                can_thread_entry
 .text.CanCallback
                0x00006a7c       0x78 ./src/can_thread_entry.o
                0x00006a7c                CanCallback
 .text.i2cWriteOutputBuffer
                0x00006af4       0x58 ./src/drv_thread_entry.o
                0x00006af4                i2cWriteOutputBuffer
 .text.LiftDown
                0x00006b4c       0x70 ./src/drv_thread_entry.o
                0x00006b4c                LiftDown
 .text.LiftUp   0x00006bbc       0x9c ./src/drv_thread_entry.o
                0x00006bbc                LiftUp
 .text.LiftStop
                0x00006c58       0x70 ./src/drv_thread_entry.o
                0x00006c58                LiftStop
 .text.callfloor0
                0x00006cc8       0x80 ./src/drv_thread_entry.o
                0x00006cc8                callfloor0
 .text.callfloor1
                0x00006d48       0xbc ./src/drv_thread_entry.o
                0x00006d48                callfloor1
 .text.callfloor_1
                0x00006e04       0xc4 ./src/drv_thread_entry.o
                0x00006e04                callfloor_1
 .text.callfloor2
                0x00006ec8      0x134 ./src/drv_thread_entry.o
                0x00006ec8                callfloor2
 .text.callfloor_2
                0x00006ffc      0x13c ./src/drv_thread_entry.o
                0x00006ffc                callfloor_2
 .text.callfloor3
                0x00007138      0x178 ./src/drv_thread_entry.o
                0x00007138                callfloor3
 .text.callfloor_3
                0x000072b0      0x180 ./src/drv_thread_entry.o
                0x000072b0                callfloor_3
 .text.callfloor4
                0x00007430       0x74 ./src/drv_thread_entry.o
                0x00007430                callfloor4
 .text.callfloor_4
                0x000074a4       0x80 ./src/drv_thread_entry.o
                0x000074a4                callfloor_4
 .text.callfloor01
                0x00007524       0x40 ./src/drv_thread_entry.o
                0x00007524                callfloor01
 .text.stoppinglift
                0x00007564      0x26c ./src/drv_thread_entry.o
                0x00007564                stoppinglift
 .text.dooropen
                0x000077d0       0xd0 ./src/drv_thread_entry.o
                0x000077d0                dooropen
 .text.dooropen1
                0x000078a0       0xdc ./src/drv_thread_entry.o
                0x000078a0                dooropen1
 .text.dooroperate
                0x0000797c       0xd0 ./src/drv_thread_entry.o
                0x0000797c                dooroperate
 .text.dooroperate1
                0x00007a4c       0xdc ./src/drv_thread_entry.o
                0x00007a4c                dooroperate1
 .text.stoppinglift_1
                0x00007b28      0x208 ./src/drv_thread_entry.o
                0x00007b28                stoppinglift_1
 .text.drv_thread_entry
                0x00007d30      0x808 ./src/drv_thread_entry.o
                0x00007d30                drv_thread_entry
 .text.status_thread_entry
                0x00008538       0x2c ./src/status_thread_entry.o
                0x00008538                status_thread_entry
 .text.R_FMI_ProductInfoGet
                0x00008564       0x34 C:\Users\khurr\e2_studio_latest\workspace\VerticalControl\synergy\ssp\src\driver\r_fmi\libs\libfmi_cm4_s5d9_gcc.a(r_fmi.o)
 .text.R_FMI_VersionGet
                0x00008598       0x10 C:\Users\khurr\e2_studio_latest\workspace\VerticalControl\synergy\ssp\src\driver\r_fmi\libs\libfmi_cm4_s5d9_gcc.a(r_fmi.o)
 .text.R_FMI_UniqueIdGet
                0x000085a8       0x40 C:\Users\khurr\e2_studio_latest\workspace\VerticalControl\synergy\ssp\src\driver\r_fmi\libs\libfmi_cm4_s5d9_gcc.a(r_fmi.o)
 .text.R_FMI_EventInfoGet
                0x000085e8       0x8c C:\Users\khurr\e2_studio_latest\workspace\VerticalControl\synergy\ssp\src\driver\r_fmi\libs\libfmi_cm4_s5d9_gcc.a(r_fmi.o)
 .text.R_FMI_Init
                0x00008674       0x90 C:\Users\khurr\e2_studio_latest\workspace\VerticalControl\synergy\ssp\src\driver\r_fmi\libs\libfmi_cm4_s5d9_gcc.a(r_fmi.o)
 .text.R_FMI_FeatureGet
                0x00008704      0x238 C:\Users\khurr\e2_studio_latest\workspace\VerticalControl\synergy\ssp\src\driver\r_fmi\libs\libfmi_cm4_s5d9_gcc.a(r_fmi.o)
 .text._txe_semaphore_create
                0x0000893c       0xa0 C:\Users\khurr\e2_studio_latest\workspace\VerticalControl\synergy\ssp\src\framework\el\tx\cm4_gcc\libtx.a(txe_semaphore_create.o)
                0x0000893c                _txe_semaphore_create
 .text._txe_semaphore_get
                0x000089dc       0x2c C:\Users\khurr\e2_studio_latest\workspace\VerticalControl\synergy\ssp\src\framework\el\tx\cm4_gcc\libtx.a(txe_semaphore_get.o)
                0x000089dc                _txe_semaphore_get
 .text._txe_semaphore_put
                0x00008a08       0x18 C:\Users\khurr\e2_studio_latest\workspace\VerticalControl\synergy\ssp\src\framework\el\tx\cm4_gcc\libtx.a(txe_semaphore_put.o)
                0x00008a08                _txe_semaphore_put
 .text._txe_thread_create
                0x00008a20      0x14c C:\Users\khurr\e2_studio_latest\workspace\VerticalControl\synergy\ssp\src\framework\el\tx\cm4_gcc\libtx.a(txe_thread_create.o)
                0x00008a20                _txe_thread_create
 .text._tx_initialize_high_level
                0x00008b6c       0x70 C:\Users\khurr\e2_studio_latest\workspace\VerticalControl\synergy\ssp\src\framework\el\tx\cm4_gcc\libtx.a(tx_initialize_high_level.o)
                0x00008b6c                _tx_initialize_high_level
 .text._tx_initialize_kernel_enter
                0x00008bdc       0x48 C:\Users\khurr\e2_studio_latest\workspace\VerticalControl\synergy\ssp\src\framework\el\tx\cm4_gcc\libtx.a(tx_initialize_kernel_enter.o)
                0x00008bdc                _tx_initialize_kernel_enter
 .text.tx_isr_end
                0x00008c24        0x4 C:\Users\khurr\e2_studio_latest\workspace\VerticalControl\synergy\ssp\src\framework\el\tx\cm4_gcc\libtx.a(tx_isr_end.o)
                0x00008c24                tx_isr_end
 .text.tx_isr_start
                0x00008c28        0x4 C:\Users\khurr\e2_studio_latest\workspace\VerticalControl\synergy\ssp\src\framework\el\tx\cm4_gcc\libtx.a(tx_isr_start.o)
                0x00008c28                tx_isr_start
 .text._tx_semaphore_create
                0x00008c2c       0x54 C:\Users\khurr\e2_studio_latest\workspace\VerticalControl\synergy\ssp\src\framework\el\tx\cm4_gcc\libtx.a(tx_semaphore_create.o)
                0x00008c2c                _tx_semaphore_create
 .text._tx_semaphore_get
                0x00008c80       0x84 C:\Users\khurr\e2_studio_latest\workspace\VerticalControl\synergy\ssp\src\framework\el\tx\cm4_gcc\libtx.a(tx_semaphore_get.o)
                0x00008c80                _tx_semaphore_get
 .text._tx_semaphore_put
                0x00008d04       0x54 C:\Users\khurr\e2_studio_latest\workspace\VerticalControl\synergy\ssp\src\framework\el\tx\cm4_gcc\libtx.a(tx_semaphore_put.o)
                0x00008d04                _tx_semaphore_put
 .text._tx_thread_create
                0x00008d58      0x134 C:\Users\khurr\e2_studio_latest\workspace\VerticalControl\synergy\ssp\src\framework\el\tx\cm4_gcc\libtx.a(tx_thread_create.o)
                0x00008d58                _tx_thread_create
 .text._tx_thread_initialize
                0x00008e8c       0x64 C:\Users\khurr\e2_studio_latest\workspace\VerticalControl\synergy\ssp\src\framework\el\tx\cm4_gcc\libtx.a(tx_thread_initialize.o)
                0x00008e8c                _tx_thread_initialize
 .text._tx_thread_shell_entry
                0x00008ef0       0x54 C:\Users\khurr\e2_studio_latest\workspace\VerticalControl\synergy\ssp\src\framework\el\tx\cm4_gcc\libtx.a(tx_thread_shell_entry.o)
                0x00008ef0                _tx_thread_shell_entry
 .text._tx_thread_sleep
                0x00008f44       0x60 C:\Users\khurr\e2_studio_latest\workspace\VerticalControl\synergy\ssp\src\framework\el\tx\cm4_gcc\libtx.a(tx_thread_sleep.o)
                0x00008f44                _tx_thread_sleep
 .text._tx_thread_system_preempt_check
                0x00008fa4       0x3c C:\Users\khurr\e2_studio_latest\workspace\VerticalControl\synergy\ssp\src\framework\el\tx\cm4_gcc\libtx.a(tx_thread_system_preempt_check.o)
                0x00008fa4                _tx_thread_system_preempt_check
 .text._tx_thread_system_resume
                0x00008fe0       0xec C:\Users\khurr\e2_studio_latest\workspace\VerticalControl\synergy\ssp\src\framework\el\tx\cm4_gcc\libtx.a(tx_thread_system_resume.o)
                0x00008fe0                _tx_thread_system_resume
 .text._tx_thread_system_suspend
                0x000090cc      0x100 C:\Users\khurr\e2_studio_latest\workspace\VerticalControl\synergy\ssp\src\framework\el\tx\cm4_gcc\libtx.a(tx_thread_system_suspend.o)
                0x000090cc                _tx_thread_system_suspend
 .text._tx_thread_timeout
                0x000091cc       0x30 C:\Users\khurr\e2_studio_latest\workspace\VerticalControl\synergy\ssp\src\framework\el\tx\cm4_gcc\libtx.a(tx_thread_timeout.o)
                0x000091cc                _tx_thread_timeout
 .text._tx_timer_initialize
                0x000091fc       0x74 C:\Users\khurr\e2_studio_latest\workspace\VerticalControl\synergy\ssp\src\framework\el\tx\cm4_gcc\libtx.a(tx_timer_initialize.o)
                0x000091fc                _tx_timer_initialize
 .text._tx_timer_system_activate
                0x00009270       0x54 C:\Users\khurr\e2_studio_latest\workspace\VerticalControl\synergy\ssp\src\framework\el\tx\cm4_gcc\libtx.a(tx_timer_system_activate.o)
                0x00009270                _tx_timer_system_activate
 .text._tx_timer_system_deactivate
                0x000092c4       0x2c C:\Users\khurr\e2_studio_latest\workspace\VerticalControl\synergy\ssp\src\framework\el\tx\cm4_gcc\libtx.a(tx_timer_system_deactivate.o)
                0x000092c4                _tx_timer_system_deactivate
 .text._tx_initialize_low_level
                0x000092f0       0x88 C:\Users\khurr\e2_studio_latest\workspace\VerticalControl\synergy\ssp\src\framework\el\tx\cm4_gcc\libtx.a(tx_initialize_low_level.o)
                0x000092f0                _tx_initialize_low_level
 .text._tx_thread_schedule
                0x00009378       0x60 C:\Users\khurr\e2_studio_latest\workspace\VerticalControl\synergy\ssp\src\framework\el\tx\cm4_gcc\libtx.a(tx_thread_schedule.o)
                0x00009378                _tx_thread_schedule
 .text._tx_port_wait_thread_ready
                0x000093d8       0xa8 C:\Users\khurr\e2_studio_latest\workspace\VerticalControl\synergy\ssp\src\framework\el\tx\cm4_gcc\libtx.a(tx_thread_schedule.o)
                0x000093d8                _tx_port_wait_thread_ready
 .text.PendSV_Handler
                0x00009480       0xa8 C:\Users\khurr\e2_studio_latest\workspace\VerticalControl\synergy\ssp\src\framework\el\tx\cm4_gcc\libtx.a(tx_thread_schedule.o)
                0x00009480                PendSV_Handler
 .text.SysTick_Handler
                0x00009528        0x4 C:\Users\khurr\e2_studio_latest\workspace\VerticalControl\synergy\ssp\src\framework\el\tx\cm4_gcc\libtx.a(tx_thread_schedule.o)
                0x00009528                SysTick_Handler
 .text._tx_thread_stack_build
                0x0000952c       0x50 C:\Users\khurr\e2_studio_latest\workspace\VerticalControl\synergy\ssp\src\framework\el\tx\cm4_gcc\libtx.a(tx_thread_stack_build.o)
                0x0000952c                _tx_thread_stack_build
 .text._tx_timer_interrupt
                0x0000957c       0xc0 C:\Users\khurr\e2_studio_latest\workspace\VerticalControl\synergy\ssp\src\framework\el\tx\cm4_gcc\libtx.a(tx_timer_interrupt.o)
                0x0000957c                _tx_timer_interrupt
 .text._tx_semaphore_cleanup
                0x0000963c       0x80 C:\Users\khurr\e2_studio_latest\workspace\VerticalControl\synergy\ssp\src\framework\el\tx\cm4_gcc\libtx.a(tx_semaphore_cleanup.o)
                0x0000963c                _tx_semaphore_cleanup
 .text._tx_thread_time_slice
                0x000096bc       0x6c C:\Users\khurr\e2_studio_latest\workspace\VerticalControl\synergy\ssp\src\framework\el\tx\cm4_gcc\libtx.a(tx_thread_time_slice.o)
                0x000096bc                _tx_thread_time_slice
 .text._tx_timer_expiration_process
                0x00009728      0x104 C:\Users\khurr\e2_studio_latest\workspace\VerticalControl\synergy\ssp\src\framework\el\tx\cm4_gcc\libtx.a(tx_timer_expiration_process.o)
                0x00009728                _tx_timer_expiration_process
 .text          0x0000982c       0x30 c:/renesas/synergy/e2studio_v2022-10_ssp_v2.4.0/toolchains/gcc_arm/gcc-arm-none-eabi-10.3-2021.10/bin/../lib/gcc/arm-none-eabi/10.3.1/thumb/v7e-m+fp/hard\libgcc.a(_aeabi_uldivmod.o)
                0x0000982c                __aeabi_uldivmod
 .text          0x0000985c      0x2d0 c:/renesas/synergy/e2studio_v2022-10_ssp_v2.4.0/toolchains/gcc_arm/gcc-arm-none-eabi-10.3-2021.10/bin/../lib/gcc/arm-none-eabi/10.3.1/thumb/v7e-m+fp/hard\libgcc.a(_udivmoddi4.o)
                0x0000985c                __udivmoddi4
 .text          0x00009b2c        0x4 c:/renesas/synergy/e2studio_v2022-10_ssp_v2.4.0/toolchains/gcc_arm/gcc-arm-none-eabi-10.3-2021.10/bin/../lib/gcc/arm-none-eabi/10.3.1/thumb/v7e-m+fp/hard\libgcc.a(_dvmd_tls.o)
                0x00009b2c                __aeabi_idiv0
                0x00009b2c                __aeabi_ldiv0
 .text.__errno  0x00009b30        0xc c:/renesas/synergy/e2studio_v2022-10_ssp_v2.4.0/toolchains/gcc_arm/gcc-arm-none-eabi-10.3-2021.10/bin/../lib/gcc/arm-none-eabi/10.3.1/../../../../arm-none-eabi/lib/thumb/v7e-m+fp/hard\libg_nano.a(lib_a-errno.o)
                0x00009b30                __errno
 .text.memcpy   0x00009b3c       0x1c c:/renesas/synergy/e2studio_v2022-10_ssp_v2.4.0/toolchains/gcc_arm/gcc-arm-none-eabi-10.3-2021.10/bin/../lib/gcc/arm-none-eabi/10.3.1/../../../../arm-none-eabi/lib/thumb/v7e-m+fp/hard\libg_nano.a(lib_a-memcpy-stub.o)
                0x00009b3c                memcpy
 .text.memset   0x00009b58       0x10 c:/renesas/synergy/e2studio_v2022-10_ssp_v2.4.0/toolchains/gcc_arm/gcc-arm-none-eabi-10.3-2021.10/bin/../lib/gcc/arm-none-eabi/10.3.1/../../../../arm-none-eabi/lib/thumb/v7e-m+fp/hard\libg_nano.a(lib_a-memset.o)
                0x00009b58                memset
 .text.srand    0x00009b68       0x5c c:/renesas/synergy/e2studio_v2022-10_ssp_v2.4.0/toolchains/gcc_arm/gcc-arm-none-eabi-10.3-2021.10/bin/../lib/gcc/arm-none-eabi/10.3.1/../../../../arm-none-eabi/lib/thumb/v7e-m+fp/hard\libg_nano.a(lib_a-rand.o)
                0x00009b68                srand
 .text.__assert_func
                0x00009bc4       0x3c c:/renesas/synergy/e2studio_v2022-10_ssp_v2.4.0/toolchains/gcc_arm/gcc-arm-none-eabi-10.3-2021.10/bin/../lib/gcc/arm-none-eabi/10.3.1/../../../../arm-none-eabi/lib/thumb/v7e-m+fp/hard\libg_nano.a(lib_a-assert.o)
                0x00009bc4                __assert_func
 .text.fprintf  0x00009c00       0x24 c:/renesas/synergy/e2studio_v2022-10_ssp_v2.4.0/toolchains/gcc_arm/gcc-arm-none-eabi-10.3-2021.10/bin/../lib/gcc/arm-none-eabi/10.3.1/../../../../arm-none-eabi/lib/thumb/v7e-m+fp/hard\libg_nano.a(lib_a-fprintf.o)
                0x00009c00                fiprintf
                0x00009c00                fprintf
 .text.malloc   0x00009c24       0x10 c:/renesas/synergy/e2studio_v2022-10_ssp_v2.4.0/toolchains/gcc_arm/gcc-arm-none-eabi-10.3-2021.10/bin/../lib/gcc/arm-none-eabi/10.3.1/../../../../arm-none-eabi/lib/thumb/v7e-m+fp/hard\libg_nano.a(lib_a-malloc.o)
                0x00009c24                malloc
 .text._free_r  0x00009c34       0x98 c:/renesas/synergy/e2studio_v2022-10_ssp_v2.4.0/toolchains/gcc_arm/gcc-arm-none-eabi-10.3-2021.10/bin/../lib/gcc/arm-none-eabi/10.3.1/../../../../arm-none-eabi/lib/thumb/v7e-m+fp/hard\libg_nano.a(lib_a-nano-freer.o)
                0x00009c34                _free_r
 .text.sbrk_aligned
                0x00009ccc       0x40 c:/renesas/synergy/e2studio_v2022-10_ssp_v2.4.0/toolchains/gcc_arm/gcc-arm-none-eabi-10.3-2021.10/bin/../lib/gcc/arm-none-eabi/10.3.1/../../../../arm-none-eabi/lib/thumb/v7e-m+fp/hard\libg_nano.a(lib_a-nano-mallocr.o)
 .text._malloc_r
                0x00009d0c       0xe8 c:/renesas/synergy/e2studio_v2022-10_ssp_v2.4.0/toolchains/gcc_arm/gcc-arm-none-eabi-10.3-2021.10/bin/../lib/gcc/arm-none-eabi/10.3.1/../../../../arm-none-eabi/lib/thumb/v7e-m+fp/hard\libg_nano.a(lib_a-nano-mallocr.o)
                0x00009d0c                _malloc_r
 .text.__sfputc_r
                0x00009df4       0x2e c:/renesas/synergy/e2studio_v2022-10_ssp_v2.4.0/toolchains/gcc_arm/gcc-arm-none-eabi-10.3-2021.10/bin/../lib/gcc/arm-none-eabi/10.3.1/../../../../arm-none-eabi/lib/thumb/v7e-m+fp/hard\libg_nano.a(lib_a-nano-vfprintf.o)
 .text.__sfputs_r
                0x00009e22       0x24 c:/renesas/synergy/e2studio_v2022-10_ssp_v2.4.0/toolchains/gcc_arm/gcc-arm-none-eabi-10.3-2021.10/bin/../lib/gcc/arm-none-eabi/10.3.1/../../../../arm-none-eabi/lib/thumb/v7e-m+fp/hard\libg_nano.a(lib_a-nano-vfprintf.o)
                0x00009e22                __sfputs_r
 *fill*         0x00009e46        0x2 ff
 .text._vfprintf_r
                0x00009e48      0x260 c:/renesas/synergy/e2studio_v2022-10_ssp_v2.4.0/toolchains/gcc_arm/gcc-arm-none-eabi-10.3-2021.10/bin/../lib/gcc/arm-none-eabi/10.3.1/../../../../arm-none-eabi/lib/thumb/v7e-m+fp/hard\libg_nano.a(lib_a-nano-vfprintf.o)
                0x00009e48                _vfprintf_r
                0x00009e48                _vfiprintf_r
 .text._printf_common
                0x0000a0a8       0xda c:/renesas/synergy/e2studio_v2022-10_ssp_v2.4.0/toolchains/gcc_arm/gcc-arm-none-eabi-10.3-2021.10/bin/../lib/gcc/arm-none-eabi/10.3.1/../../../../arm-none-eabi/lib/thumb/v7e-m+fp/hard\libg_nano.a(lib_a-nano-vfprintf_i.o)
                0x0000a0a8                _printf_common
 *fill*         0x0000a182        0x2 ff
 .text._printf_i
                0x0000a184      0x24c c:/renesas/synergy/e2studio_v2022-10_ssp_v2.4.0/toolchains/gcc_arm/gcc-arm-none-eabi-10.3-2021.10/bin/../lib/gcc/arm-none-eabi/10.3.1/../../../../arm-none-eabi/lib/thumb/v7e-m+fp/hard\libg_nano.a(lib_a-nano-vfprintf_i.o)
                0x0000a184                _printf_i
 .text._sbrk_r  0x0000a3d0       0x20 c:/renesas/synergy/e2studio_v2022-10_ssp_v2.4.0/toolchains/gcc_arm/gcc-arm-none-eabi-10.3-2021.10/bin/../lib/gcc/arm-none-eabi/10.3.1/../../../../arm-none-eabi/lib/thumb/v7e-m+fp/hard\libg_nano.a(lib_a-sbrkr.o)
                0x0000a3d0                _sbrk_r
 .text.__swbuf_r
                0x0000a3f0       0xa4 c:/renesas/synergy/e2studio_v2022-10_ssp_v2.4.0/toolchains/gcc_arm/gcc-arm-none-eabi-10.3-2021.10/bin/../lib/gcc/arm-none-eabi/10.3.1/../../../../arm-none-eabi/lib/thumb/v7e-m+fp/hard\libg_nano.a(lib_a-wbuf.o)
                0x0000a3f0                __swbuf_r
 .text.__swsetup_r
                0x0000a494       0xdc c:/renesas/synergy/e2studio_v2022-10_ssp_v2.4.0/toolchains/gcc_arm/gcc-arm-none-eabi-10.3-2021.10/bin/../lib/gcc/arm-none-eabi/10.3.1/../../../../arm-none-eabi/lib/thumb/v7e-m+fp/hard\libg_nano.a(lib_a-wsetup.o)
                0x0000a494                __swsetup_r
 .text.abort    0x0000a570        0xe c:/renesas/synergy/e2studio_v2022-10_ssp_v2.4.0/toolchains/gcc_arm/gcc-arm-none-eabi-10.3-2021.10/bin/../lib/gcc/arm-none-eabi/10.3.1/../../../../arm-none-eabi/lib/thumb/v7e-m+fp/hard\libg_nano.a(lib_a-abort.o)
                0x0000a570                abort
 *fill*         0x0000a57e        0x2 ff
 .text.__sflush_r
                0x0000a580      0x10c c:/renesas/synergy/e2studio_v2022-10_ssp_v2.4.0/toolchains/gcc_arm/gcc-arm-none-eabi-10.3-2021.10/bin/../lib/gcc/arm-none-eabi/10.3.1/../../../../arm-none-eabi/lib/thumb/v7e-m+fp/hard\libg_nano.a(lib_a-fflush.o)
                0x0000a580                __sflush_r
 .text._fflush_r
                0x0000a68c       0x78 c:/renesas/synergy/e2studio_v2022-10_ssp_v2.4.0/toolchains/gcc_arm/gcc-arm-none-eabi-10.3-2021.10/bin/../lib/gcc/arm-none-eabi/10.3.1/../../../../arm-none-eabi/lib/thumb/v7e-m+fp/hard\libg_nano.a(lib_a-fflush.o)
                0x0000a68c                _fflush_r
 .text.std      0x0000a704       0x48 c:/renesas/synergy/e2studio_v2022-10_ssp_v2.4.0/toolchains/gcc_arm/gcc-arm-none-eabi-10.3-2021.10/bin/../lib/gcc/arm-none-eabi/10.3.1/../../../../arm-none-eabi/lib/thumb/v7e-m+fp/hard\libg_nano.a(lib_a-findfp.o)
 .text._cleanup_r
                0x0000a74c        0xc c:/renesas/synergy/e2studio_v2022-10_ssp_v2.4.0/toolchains/gcc_arm/gcc-arm-none-eabi-10.3-2021.10/bin/../lib/gcc/arm-none-eabi/10.3.1/../../../../arm-none-eabi/lib/thumb/v7e-m+fp/hard\libg_nano.a(lib_a-findfp.o)
                0x0000a74c                _cleanup_r
 .text.__sfmoreglue
                0x0000a758       0x2c c:/renesas/synergy/e2studio_v2022-10_ssp_v2.4.0/toolchains/gcc_arm/gcc-arm-none-eabi-10.3-2021.10/bin/../lib/gcc/arm-none-eabi/10.3.1/../../../../arm-none-eabi/lib/thumb/v7e-m+fp/hard\libg_nano.a(lib_a-findfp.o)
                0x0000a758                __sfmoreglue
 .text.__sfp_lock_acquire
                0x0000a784        0xc c:/renesas/synergy/e2studio_v2022-10_ssp_v2.4.0/toolchains/gcc_arm/gcc-arm-none-eabi-10.3-2021.10/bin/../lib/gcc/arm-none-eabi/10.3.1/../../../../arm-none-eabi/lib/thumb/v7e-m+fp/hard\libg_nano.a(lib_a-findfp.o)
                0x0000a784                __sfp_lock_acquire
 .text.__sfp_lock_release
                0x0000a790        0xc c:/renesas/synergy/e2studio_v2022-10_ssp_v2.4.0/toolchains/gcc_arm/gcc-arm-none-eabi-10.3-2021.10/bin/../lib/gcc/arm-none-eabi/10.3.1/../../../../arm-none-eabi/lib/thumb/v7e-m+fp/hard\libg_nano.a(lib_a-findfp.o)
                0x0000a790                __sfp_lock_release
 .text.__sinit_lock_acquire
                0x0000a79c        0xc c:/renesas/synergy/e2studio_v2022-10_ssp_v2.4.0/toolchains/gcc_arm/gcc-arm-none-eabi-10.3-2021.10/bin/../lib/gcc/arm-none-eabi/10.3.1/../../../../arm-none-eabi/lib/thumb/v7e-m+fp/hard\libg_nano.a(lib_a-findfp.o)
                0x0000a79c                __sinit_lock_acquire
 .text.__sinit_lock_release
                0x0000a7a8        0xc c:/renesas/synergy/e2studio_v2022-10_ssp_v2.4.0/toolchains/gcc_arm/gcc-arm-none-eabi-10.3-2021.10/bin/../lib/gcc/arm-none-eabi/10.3.1/../../../../arm-none-eabi/lib/thumb/v7e-m+fp/hard\libg_nano.a(lib_a-findfp.o)
                0x0000a7a8                __sinit_lock_release
 .text.__sinit  0x0000a7b4       0x70 c:/renesas/synergy/e2studio_v2022-10_ssp_v2.4.0/toolchains/gcc_arm/gcc-arm-none-eabi-10.3-2021.10/bin/../lib/gcc/arm-none-eabi/10.3.1/../../../../arm-none-eabi/lib/thumb/v7e-m+fp/hard\libg_nano.a(lib_a-findfp.o)
                0x0000a7b4                __sinit
 .text.__sfp    0x0000a824       0x8c c:/renesas/synergy/e2studio_v2022-10_ssp_v2.4.0/toolchains/gcc_arm/gcc-arm-none-eabi-10.3-2021.10/bin/../lib/gcc/arm-none-eabi/10.3.1/../../../../arm-none-eabi/lib/thumb/v7e-m+fp/hard\libg_nano.a(lib_a-findfp.o)
                0x0000a824                __sfp
 .text._fwalk_reent
                0x0000a8b0       0x3e c:/renesas/synergy/e2studio_v2022-10_ssp_v2.4.0/toolchains/gcc_arm/gcc-arm-none-eabi-10.3-2021.10/bin/../lib/gcc/arm-none-eabi/10.3.1/../../../../arm-none-eabi/lib/thumb/v7e-m+fp/hard\libg_nano.a(lib_a-fwalk.o)
                0x0000a8b0                _fwalk_reent
 .text.__retarget_lock_init_recursive
                0x0000a8ee        0x2 c:/renesas/synergy/e2studio_v2022-10_ssp_v2.4.0/toolchains/gcc_arm/gcc-arm-none-eabi-10.3-2021.10/bin/../lib/gcc/arm-none-eabi/10.3.1/../../../../arm-none-eabi/lib/thumb/v7e-m+fp/hard\libg_nano.a(lib_a-lock.o)
                0x0000a8ee                __retarget_lock_init_recursive
 .text.__retarget_lock_acquire_recursive
                0x0000a8f0        0x2 c:/renesas/synergy/e2studio_v2022-10_ssp_v2.4.0/toolchains/gcc_arm/gcc-arm-none-eabi-10.3-2021.10/bin/../lib/gcc/arm-none-eabi/10.3.1/../../../../arm-none-eabi/lib/thumb/v7e-m+fp/hard\libg_nano.a(lib_a-lock.o)
                0x0000a8f0                __retarget_lock_acquire_recursive
 .text.__retarget_lock_release_recursive
                0x0000a8f2        0x2 c:/renesas/synergy/e2studio_v2022-10_ssp_v2.4.0/toolchains/gcc_arm/gcc-arm-none-eabi-10.3-2021.10/bin/../lib/gcc/arm-none-eabi/10.3.1/../../../../arm-none-eabi/lib/thumb/v7e-m+fp/hard\libg_nano.a(lib_a-lock.o)
                0x0000a8f2                __retarget_lock_release_recursive
 .text.__swhatbuf_r
                0x0000a8f4       0x4a c:/renesas/synergy/e2studio_v2022-10_ssp_v2.4.0/toolchains/gcc_arm/gcc-arm-none-eabi-10.3-2021.10/bin/../lib/gcc/arm-none-eabi/10.3.1/../../../../arm-none-eabi/lib/thumb/v7e-m+fp/hard\libg_nano.a(lib_a-makebuf.o)
                0x0000a8f4                __swhatbuf_r
 *fill*         0x0000a93e        0x2 ff
 .text.__smakebuf_r
                0x0000a940       0x80 c:/renesas/synergy/e2studio_v2022-10_ssp_v2.4.0/toolchains/gcc_arm/gcc-arm-none-eabi-10.3-2021.10/bin/../lib/gcc/arm-none-eabi/10.3.1/../../../../arm-none-eabi/lib/thumb/v7e-m+fp/hard\libg_nano.a(lib_a-makebuf.o)
                0x0000a940                __smakebuf_r
 .text          0x0000a9c0       0xa0 c:/renesas/synergy/e2studio_v2022-10_ssp_v2.4.0/toolchains/gcc_arm/gcc-arm-none-eabi-10.3-2021.10/bin/../lib/gcc/arm-none-eabi/10.3.1/../../../../arm-none-eabi/lib/thumb/v7e-m+fp/hard\libg_nano.a(lib_a-memchr.o)
                0x0000a9c0                memchr
 .text.__malloc_lock
                0x0000aa60        0xc c:/renesas/synergy/e2studio_v2022-10_ssp_v2.4.0/toolchains/gcc_arm/gcc-arm-none-eabi-10.3-2021.10/bin/../lib/gcc/arm-none-eabi/10.3.1/../../../../arm-none-eabi/lib/thumb/v7e-m+fp/hard\libg_nano.a(lib_a-mlock.o)
                0x0000aa60                __malloc_lock
 .text.__malloc_unlock
                0x0000aa6c        0xc c:/renesas/synergy/e2studio_v2022-10_ssp_v2.4.0/toolchains/gcc_arm/gcc-arm-none-eabi-10.3-2021.10/bin/../lib/gcc/arm-none-eabi/10.3.1/../../../../arm-none-eabi/lib/thumb/v7e-m+fp/hard\libg_nano.a(lib_a-mlock.o)
                0x0000aa6c                __malloc_unlock
 .text._raise_r
                0x0000aa78       0x50 c:/renesas/synergy/e2studio_v2022-10_ssp_v2.4.0/toolchains/gcc_arm/gcc-arm-none-eabi-10.3-2021.10/bin/../lib/gcc/arm-none-eabi/10.3.1/../../../../arm-none-eabi/lib/thumb/v7e-m+fp/hard\libg_nano.a(lib_a-signal.o)
                0x0000aa78                _raise_r
 .text.raise    0x0000aac8       0x10 c:/renesas/synergy/e2studio_v2022-10_ssp_v2.4.0/toolchains/gcc_arm/gcc-arm-none-eabi-10.3-2021.10/bin/../lib/gcc/arm-none-eabi/10.3.1/../../../../arm-none-eabi/lib/thumb/v7e-m+fp/hard\libg_nano.a(lib_a-signal.o)
                0x0000aac8                raise
 .text._kill_r  0x0000aad8       0x24 c:/renesas/synergy/e2studio_v2022-10_ssp_v2.4.0/toolchains/gcc_arm/gcc-arm-none-eabi-10.3-2021.10/bin/../lib/gcc/arm-none-eabi/10.3.1/../../../../arm-none-eabi/lib/thumb/v7e-m+fp/hard\libg_nano.a(lib_a-signalr.o)
                0x0000aad8                _kill_r
 .text._getpid_r
                0x0000aafc        0x4 c:/renesas/synergy/e2studio_v2022-10_ssp_v2.4.0/toolchains/gcc_arm/gcc-arm-none-eabi-10.3-2021.10/bin/../lib/gcc/arm-none-eabi/10.3.1/../../../../arm-none-eabi/lib/thumb/v7e-m+fp/hard\libg_nano.a(lib_a-signalr.o)
                0x0000aafc                _getpid_r
 .text.__sread  0x0000ab00       0x22 c:/renesas/synergy/e2studio_v2022-10_ssp_v2.4.0/toolchains/gcc_arm/gcc-arm-none-eabi-10.3-2021.10/bin/../lib/gcc/arm-none-eabi/10.3.1/../../../../arm-none-eabi/lib/thumb/v7e-m+fp/hard\libg_nano.a(lib_a-stdio.o)
                0x0000ab00                __sread
 .text.__swrite
                0x0000ab22       0x38 c:/renesas/synergy/e2studio_v2022-10_ssp_v2.4.0/toolchains/gcc_arm/gcc-arm-none-eabi-10.3-2021.10/bin/../lib/gcc/arm-none-eabi/10.3.1/../../../../arm-none-eabi/lib/thumb/v7e-m+fp/hard\libg_nano.a(lib_a-stdio.o)
                0x0000ab22                __swrite
 .text.__sseek  0x0000ab5a       0x24 c:/renesas/synergy/e2studio_v2022-10_ssp_v2.4.0/toolchains/gcc_arm/gcc-arm-none-eabi-10.3-2021.10/bin/../lib/gcc/arm-none-eabi/10.3.1/../../../../arm-none-eabi/lib/thumb/v7e-m+fp/hard\libg_nano.a(lib_a-stdio.o)
                0x0000ab5a                __sseek
 .text.__sclose
                0x0000ab7e        0x8 c:/renesas/synergy/e2studio_v2022-10_ssp_v2.4.0/toolchains/gcc_arm/gcc-arm-none-eabi-10.3-2021.10/bin/../lib/gcc/arm-none-eabi/10.3.1/../../../../arm-none-eabi/lib/thumb/v7e-m+fp/hard\libg_nano.a(lib_a-stdio.o)
                0x0000ab7e                __sclose
 *fill*         0x0000ab86        0x2 ff
 .text._write_r
                0x0000ab88       0x24 c:/renesas/synergy/e2studio_v2022-10_ssp_v2.4.0/toolchains/gcc_arm/gcc-arm-none-eabi-10.3-2021.10/bin/../lib/gcc/arm-none-eabi/10.3.1/../../../../arm-none-eabi/lib/thumb/v7e-m+fp/hard\libg_nano.a(lib_a-writer.o)
                0x0000ab88                _write_r
 .text._close_r
                0x0000abac       0x20 c:/renesas/synergy/e2studio_v2022-10_ssp_v2.4.0/toolchains/gcc_arm/gcc-arm-none-eabi-10.3-2021.10/bin/../lib/gcc/arm-none-eabi/10.3.1/../../../../arm-none-eabi/lib/thumb/v7e-m+fp/hard\libg_nano.a(lib_a-closer.o)
                0x0000abac                _close_r
 .text._fstat_r
                0x0000abcc       0x24 c:/renesas/synergy/e2studio_v2022-10_ssp_v2.4.0/toolchains/gcc_arm/gcc-arm-none-eabi-10.3-2021.10/bin/../lib/gcc/arm-none-eabi/10.3.1/../../../../arm-none-eabi/lib/thumb/v7e-m+fp/hard\libg_nano.a(lib_a-fstatr.o)
                0x0000abcc                _fstat_r
 .text._isatty_r
                0x0000abf0       0x20 c:/renesas/synergy/e2studio_v2022-10_ssp_v2.4.0/toolchains/gcc_arm/gcc-arm-none-eabi-10.3-2021.10/bin/../lib/gcc/arm-none-eabi/10.3.1/../../../../arm-none-eabi/lib/thumb/v7e-m+fp/hard\libg_nano.a(lib_a-isattyr.o)
                0x0000abf0                _isatty_r
 .text._lseek_r
                0x0000ac10       0x24 c:/renesas/synergy/e2studio_v2022-10_ssp_v2.4.0/toolchains/gcc_arm/gcc-arm-none-eabi-10.3-2021.10/bin/../lib/gcc/arm-none-eabi/10.3.1/../../../../arm-none-eabi/lib/thumb/v7e-m+fp/hard\libg_nano.a(lib_a-lseekr.o)
                0x0000ac10                _lseek_r
 .text._read_r  0x0000ac34       0x24 c:/renesas/synergy/e2studio_v2022-10_ssp_v2.4.0/toolchains/gcc_arm/gcc-arm-none-eabi-10.3-2021.10/bin/../lib/gcc/arm-none-eabi/10.3.1/../../../../arm-none-eabi/lib/thumb/v7e-m+fp/hard\libg_nano.a(lib_a-readr.o)
                0x0000ac34                _read_r
 .text.findslot
                0x0000ac58       0x34 c:/renesas/synergy/e2studio_v2022-10_ssp_v2.4.0/toolchains/gcc_arm/gcc-arm-none-eabi-10.3-2021.10/bin/../lib/gcc/arm-none-eabi/10.3.1/../../../../arm-none-eabi/lib/thumb/v7e-m+fp/hard\librdimon_nano.a(rdimon-syscalls.o)
 .text.error    0x0000ac8c       0x1c c:/renesas/synergy/e2studio_v2022-10_ssp_v2.4.0/toolchains/gcc_arm/gcc-arm-none-eabi-10.3-2021.10/bin/../lib/gcc/arm-none-eabi/10.3.1/../../../../arm-none-eabi/lib/thumb/v7e-m+fp/hard\librdimon_nano.a(rdimon-syscalls.o)
 .text.checkerror
                0x0000aca8        0xa c:/renesas/synergy/e2studio_v2022-10_ssp_v2.4.0/toolchains/gcc_arm/gcc-arm-none-eabi-10.3-2021.10/bin/../lib/gcc/arm-none-eabi/10.3.1/../../../../arm-none-eabi/lib/thumb/v7e-m+fp/hard\librdimon_nano.a(rdimon-syscalls.o)
 .text._swiread
                0x0000acb2       0x20 c:/renesas/synergy/e2studio_v2022-10_ssp_v2.4.0/toolchains/gcc_arm/gcc-arm-none-eabi-10.3-2021.10/bin/../lib/gcc/arm-none-eabi/10.3.1/../../../../arm-none-eabi/lib/thumb/v7e-m+fp/hard\librdimon_nano.a(rdimon-syscalls.o)
                0x0000acb2                _swiread
 .text._read    0x0000acd2       0x38 c:/renesas/synergy/e2studio_v2022-10_ssp_v2.4.0/toolchains/gcc_arm/gcc-arm-none-eabi-10.3-2021.10/bin/../lib/gcc/arm-none-eabi/10.3.1/../../../../arm-none-eabi/lib/thumb/v7e-m+fp/hard\librdimon_nano.a(rdimon-syscalls.o)
                0x0000acd2                _read
 .text._swilseek
                0x0000ad0a       0x78 c:/renesas/synergy/e2studio_v2022-10_ssp_v2.4.0/toolchains/gcc_arm/gcc-arm-none-eabi-10.3-2021.10/bin/../lib/gcc/arm-none-eabi/10.3.1/../../../../arm-none-eabi/lib/thumb/v7e-m+fp/hard\librdimon_nano.a(rdimon-syscalls.o)
                0x0000ad0a                _swilseek
 .text._lseek   0x0000ad82        0x4 c:/renesas/synergy/e2studio_v2022-10_ssp_v2.4.0/toolchains/gcc_arm/gcc-arm-none-eabi-10.3-2021.10/bin/../lib/gcc/arm-none-eabi/10.3.1/../../../../arm-none-eabi/lib/thumb/v7e-m+fp/hard\librdimon_nano.a(rdimon-syscalls.o)
                0x0000ad82                _lseek
 .text._swiwrite
                0x0000ad86       0x20 c:/renesas/synergy/e2studio_v2022-10_ssp_v2.4.0/toolchains/gcc_arm/gcc-arm-none-eabi-10.3-2021.10/bin/../lib/gcc/arm-none-eabi/10.3.1/../../../../arm-none-eabi/lib/thumb/v7e-m+fp/hard\librdimon_nano.a(rdimon-syscalls.o)
                0x0000ad86                _swiwrite
 .text._write   0x0000ada6       0x48 c:/renesas/synergy/e2studio_v2022-10_ssp_v2.4.0/toolchains/gcc_arm/gcc-arm-none-eabi-10.3-2021.10/bin/../lib/gcc/arm-none-eabi/10.3.1/../../../../arm-none-eabi/lib/thumb/v7e-m+fp/hard\librdimon_nano.a(rdimon-syscalls.o)
                0x0000ada6                _write
 .text._swiclose
                0x0000adee       0x1a c:/renesas/synergy/e2studio_v2022-10_ssp_v2.4.0/toolchains/gcc_arm/gcc-arm-none-eabi-10.3-2021.10/bin/../lib/gcc/arm-none-eabi/10.3.1/../../../../arm-none-eabi/lib/thumb/v7e-m+fp/hard\librdimon_nano.a(rdimon-syscalls.o)
                0x0000adee                _swiclose
 .text._close   0x0000ae08       0x4c c:/renesas/synergy/e2studio_v2022-10_ssp_v2.4.0/toolchains/gcc_arm/gcc-arm-none-eabi-10.3-2021.10/bin/../lib/gcc/arm-none-eabi/10.3.1/../../../../arm-none-eabi/lib/thumb/v7e-m+fp/hard\librdimon_nano.a(rdimon-syscalls.o)
                0x0000ae08                _close
 .text._getpid  0x0000ae54        0x4 c:/renesas/synergy/e2studio_v2022-10_ssp_v2.4.0/toolchains/gcc_arm/gcc-arm-none-eabi-10.3-2021.10/bin/../lib/gcc/arm-none-eabi/10.3.1/../../../../arm-none-eabi/lib/thumb/v7e-m+fp/hard\librdimon_nano.a(rdimon-syscalls.o)
                0x0000ae54                _getpid
 .text._swistat
                0x0000ae58       0x42 c:/renesas/synergy/e2studio_v2022-10_ssp_v2.4.0/toolchains/gcc_arm/gcc-arm-none-eabi-10.3-2021.10/bin/../lib/gcc/arm-none-eabi/10.3.1/../../../../arm-none-eabi/lib/thumb/v7e-m+fp/hard\librdimon_nano.a(rdimon-syscalls.o)
                0x0000ae58                _swistat
 .text._fstat   0x0000ae9a       0x1c c:/renesas/synergy/e2studio_v2022-10_ssp_v2.4.0/toolchains/gcc_arm/gcc-arm-none-eabi-10.3-2021.10/bin/../lib/gcc/arm-none-eabi/10.3.1/../../../../arm-none-eabi/lib/thumb/v7e-m+fp/hard\librdimon_nano.a(rdimon-syscalls.o)
                0x0000ae9a                _fstat
 .text._stat    0x0000aeb6       0x3a c:/renesas/synergy/e2studio_v2022-10_ssp_v2.4.0/toolchains/gcc_arm/gcc-arm-none-eabi-10.3-2021.10/bin/../lib/gcc/arm-none-eabi/10.3.1/../../../../arm-none-eabi/lib/thumb/v7e-m+fp/hard\librdimon_nano.a(rdimon-syscalls.o)
                0x0000aeb6                _stat
 .text._swiopen
                0x0000aef0       0xb4 c:/renesas/synergy/e2studio_v2022-10_ssp_v2.4.0/toolchains/gcc_arm/gcc-arm-none-eabi-10.3-2021.10/bin/../lib/gcc/arm-none-eabi/10.3.1/../../../../arm-none-eabi/lib/thumb/v7e-m+fp/hard\librdimon_nano.a(rdimon-syscalls.o)
                0x0000aef0                _swiopen
 .text._get_semihosting_exts
                0x0000afa4       0xb8 c:/renesas/synergy/e2studio_v2022-10_ssp_v2.4.0/toolchains/gcc_arm/gcc-arm-none-eabi-10.3-2021.10/bin/../lib/gcc/arm-none-eabi/10.3.1/../../../../arm-none-eabi/lib/thumb/v7e-m+fp/hard\librdimon_nano.a(rdimon-syscalls.o)
                0x0000afa4                _get_semihosting_exts
 .text.initialise_semihosting_exts
                0x0000b05c       0x34 c:/renesas/synergy/e2studio_v2022-10_ssp_v2.4.0/toolchains/gcc_arm/gcc-arm-none-eabi-10.3-2021.10/bin/../lib/gcc/arm-none-eabi/10.3.1/../../../../arm-none-eabi/lib/thumb/v7e-m+fp/hard\librdimon_nano.a(rdimon-syscalls.o)
 .text._has_ext_exit_extended
                0x0000b090       0x18 c:/renesas/synergy/e2studio_v2022-10_ssp_v2.4.0/toolchains/gcc_arm/gcc-arm-none-eabi-10.3-2021.10/bin/../lib/gcc/arm-none-eabi/10.3.1/../../../../arm-none-eabi/lib/thumb/v7e-m+fp/hard\librdimon_nano.a(rdimon-syscalls.o)
                0x0000b090                _has_ext_exit_extended
 .text._isatty  0x0000b0a8       0x38 c:/renesas/synergy/e2studio_v2022-10_ssp_v2.4.0/toolchains/gcc_arm/gcc-arm-none-eabi-10.3-2021.10/bin/../lib/gcc/arm-none-eabi/10.3.1/../../../../arm-none-eabi/lib/thumb/v7e-m+fp/hard\librdimon_nano.a(rdimon-syscalls.o)
                0x0000b0a8                _isatty
 .text._exit    0x0000b0e0       0x14 c:/renesas/synergy/e2studio_v2022-10_ssp_v2.4.0/toolchains/gcc_arm/gcc-arm-none-eabi-10.3-2021.10/bin/../lib/gcc/arm-none-eabi/10.3.1/../../../../arm-none-eabi/lib/thumb/v7e-m+fp/hard\librdimon_nano.a(rdimon-_exit.o)
                0x0000b0e0                _exit
 .text._kill_shared
                0x0000b0f4       0x26 c:/renesas/synergy/e2studio_v2022-10_ssp_v2.4.0/toolchains/gcc_arm/gcc-arm-none-eabi-10.3-2021.10/bin/../lib/gcc/arm-none-eabi/10.3.1/../../../../arm-none-eabi/lib/thumb/v7e-m+fp/hard\librdimon_nano.a(rdimon-_kill.o)
                0x0000b0f4                _kill_shared
 *fill*         0x0000b11a        0x2 ff
 .text._kill    0x0000b11c       0x18 c:/renesas/synergy/e2studio_v2022-10_ssp_v2.4.0/toolchains/gcc_arm/gcc-arm-none-eabi-10.3-2021.10/bin/../lib/gcc/arm-none-eabi/10.3.1/../../../../arm-none-eabi/lib/thumb/v7e-m+fp/hard\librdimon_nano.a(rdimon-_kill.o)
                0x0000b11c                _kill
 .text          0x0000b134       0x10 c:/renesas/synergy/e2studio_v2022-10_ssp_v2.4.0/toolchains/gcc_arm/gcc-arm-none-eabi-10.3-2021.10/bin/../lib/gcc/arm-none-eabi/10.3.1/../../../../arm-none-eabi/lib/thumb/v7e-m+fp/hard\libc_nano.a(lib_a-strlen.o)
                0x0000b134                strlen
 *(.version)
 .version       0x0000b144       0x7c ./synergy/ssp/src/bsp/mcu/all/bsp_common.o
 *(.init)
 .init          0x0000b1c0        0x4 c:/renesas/synergy/e2studio_v2022-10_ssp_v2.4.0/toolchains/gcc_arm/gcc-arm-none-eabi-10.3-2021.10/bin/../lib/gcc/arm-none-eabi/10.3.1/thumb/v7e-m+fp/hard/crti.o
                0x0000b1c0                _init
 .init          0x0000b1c4        0x8 c:/renesas/synergy/e2studio_v2022-10_ssp_v2.4.0/toolchains/gcc_arm/gcc-arm-none-eabi-10.3-2021.10/bin/../lib/gcc/arm-none-eabi/10.3.1/thumb/v7e-m+fp/hard/crtn.o
 *(.fini)