Archive member included to satisfy reference by file (symbol)

C:\Users\khurr\e2_studio_latest\workspace\COPJunction\synergy\ssp\src\driver\r_fmi\libs\libfmi_cm4_s3a7_gcc.a(r_fmi.o)
                              ./synergy/ssp/src/driver/r_sci_i2c/r_sci_i2c.o (g_fmi_on_fmi)
C:\Users\khurr\e2_studio_latest\workspace\COPJunction\synergy\ssp\src\framework\el\tx\cm4_gcc\libtx.a(txe_semaphore_create.o)
                              ./src/synergy_gen/main.o (_txe_semaphore_create)
C:\Users\khurr\e2_studio_latest\workspace\COPJunction\synergy\ssp\src\framework\el\tx\cm4_gcc\libtx.a(txe_semaphore_get.o)
                              ./src/synergy_gen/main.o (_txe_semaphore_get)
C:\Users\khurr\e2_studio_latest\workspace\COPJunction\synergy\ssp\src\framework\el\tx\cm4_gcc\libtx.a(txe_semaphore_put.o)
                              ./src/synergy_gen/main.o (_txe_semaphore_put)
C:\Users\khurr\e2_studio_latest\workspace\COPJunction\synergy\ssp\src\framework\el\tx\cm4_gcc\libtx.a(txe_thread_create.o)
                              ./src/synergy_gen/adc_thread.o (_txe_thread_create)
C:\Users\khurr\e2_studio_latest\workspace\COPJunction\synergy\ssp\src\framework\el\tx\cm4_gcc\libtx.a(tx_initialize_high_level.o)
                              C:\Users\khurr\e2_studio_latest\workspace\COPJunction\synergy\ssp\src\framework\el\tx\cm4_gcc\libtx.a(txe_semaphore_create.o) (_tx_semaphore_created_count)
C:\Users\khurr\e2_studio_latest\workspace\COPJunction\synergy\ssp\src\framework\el\tx\cm4_gcc\libtx.a(tx_initialize_kernel_enter.o)
                              ./src/synergy_gen/main.o (_tx_initialize_kernel_enter)
C:\Users\khurr\e2_studio_latest\workspace\COPJunction\synergy\ssp\src\framework\el\tx\cm4_gcc\libtx.a(tx_isr_end.o)
                              ./synergy/ssp/src/driver/r_sci_i2c/r_sci_i2c.o (tx_isr_end)
C:\Users\khurr\e2_studio_latest\workspace\COPJunction\synergy\ssp\src\framework\el\tx\cm4_gcc\libtx.a(tx_isr_start.o)
                              ./synergy/ssp/src/driver/r_sci_i2c/r_sci_i2c.o (tx_isr_start)
C:\Users\khurr\e2_studio_latest\workspace\COPJunction\synergy\ssp\src\framework\el\tx\cm4_gcc\libtx.a(tx_semaphore_create.o)
                              C:\Users\khurr\e2_studio_latest\workspace\COPJunction\synergy\ssp\src\framework\el\tx\cm4_gcc\libtx.a(txe_semaphore_create.o) (_tx_semaphore_create)
C:\Users\khurr\e2_studio_latest\workspace\COPJunction\synergy\ssp\src\framework\el\tx\cm4_gcc\libtx.a(tx_semaphore_get.o)
                              C:\Users\khurr\e2_studio_latest\workspace\COPJunction\synergy\ssp\src\framework\el\tx\cm4_gcc\libtx.a(txe_semaphore_get.o) (_tx_semaphore_get)
C:\Users\khurr\e2_studio_latest\workspace\COPJunction\synergy\ssp\src\framework\el\tx\cm4_gcc\libtx.a(tx_semaphore_put.o)
                              C:\Users\khurr\e2_studio_latest\workspace\COPJunction\synergy\ssp\src\framework\el\tx\cm4_gcc\libtx.a(txe_semaphore_put.o) (_tx_semaphore_put)
C:\Users\khurr\e2_studio_latest\workspace\COPJunction\synergy\ssp\src\framework\el\tx\cm4_gcc\libtx.a(tx_thread_create.o)
                              C:\Users\khurr\e2_studio_latest\workspace\COPJunction\synergy\ssp\src\framework\el\tx\cm4_gcc\libtx.a(txe_thread_create.o) (_tx_thread_create)
C:\Users\khurr\e2_studio_latest\workspace\COPJunction\synergy\ssp\src\framework\el\tx\cm4_gcc\libtx.a(tx_thread_initialize.o)
                              C:\Users\khurr\e2_studio_latest\workspace\COPJunction\synergy\ssp\src\framework\el\tx\cm4_gcc\libtx.a(tx_initialize_high_level.o) (_tx_thread_initialize)
C:\Users\khurr\e2_studio_latest\workspace\COPJunction\synergy\ssp\src\framework\el\tx\cm4_gcc\libtx.a(tx_thread_shell_entry.o)
                              C:\Users\khurr\e2_studio_latest\workspace\COPJunction\synergy\ssp\src\framework\el\tx\cm4_gcc\libtx.a(tx_thread_create.o) (_tx_thread_shell_entry)
C:\Users\khurr\e2_studio_latest\workspace\COPJunction\synergy\ssp\src\framework\el\tx\cm4_gcc\libtx.a(tx_thread_sleep.o)
                              ./src/adc_thread_entry.o (_tx_thread_sleep)
C:\Users\khurr\e2_studio_latest\workspace\COPJunction\synergy\ssp\src\framework\el\tx\cm4_gcc\libtx.a(tx_thread_system_preempt_check.o)
                              C:\Users\khurr\e2_studio_latest\workspace\COPJunction\synergy\ssp\src\framework\el\tx\cm4_gcc\libtx.a(txe_semaphore_create.o) (_tx_thread_system_preempt_check)
C:\Users\khurr\e2_studio_latest\workspace\COPJunction\synergy\ssp\src\framework\el\tx\cm4_gcc\libtx.a(tx_thread_system_resume.o)
                              C:\Users\khurr\e2_studio_latest\workspace\COPJunction\synergy\ssp\src\framework\el\tx\cm4_gcc\libtx.a(tx_semaphore_put.o) (_tx_thread_system_resume)
C:\Users\khurr\e2_studio_latest\workspace\COPJunction\synergy\ssp\src\framework\el\tx\cm4_gcc\libtx.a(tx_thread_system_suspend.o)
                              C:\Users\khurr\e2_studio_latest\workspace\COPJunction\synergy\ssp\src\framework\el\tx\cm4_gcc\libtx.a(tx_semaphore_get.o) (_tx_thread_system_suspend)
[...]
Memory Configuration

Name             Origin             Length             Attributes
FLASH            0x00000000         0x00100000         xr
RAM              0x20000000         0x00030000         xrw
DATA_FLASH       0x40100000         0x00004000         xr
QSPI_FLASH       0x60000000         0x04000000         xr
ID_CODE_1        0x01010018         0x00000004         xr
ID_CODE_2        0x01010020         0x00000004         xr
ID_CODE_3        0x01010028         0x00000004         xr
ID_CODE_4        0x01010030         0x00000004         xr
*default*        0x00000000         0xffffffff

Linker script and memory map

LOAD c:/renesas/synergy/e2studio_v2022-10_ssp_v2.4.0/toolchains/gcc_arm/gcc-arm-none-eabi-10.3-2021.10/bin/../lib/gcc/arm-none-eabi/10.3.1/thumb/v7e-m+fp/hard/crti.o
LOAD c:/renesas/synergy/e2studio_v2022-10_ssp_v2.4.0/toolchains/gcc_arm/gcc-arm-none-eabi-10.3-2021.10/bin/../lib/gcc/arm-none-eabi/10.3.1/thumb/v7e-m+fp/hard/crtbegin.o
LOAD c:/renesas/synergy/e2studio_v2022-10_ssp_v2.4.0/toolchains/gcc_arm/gcc-arm-none-eabi-10.3-2021.10/bin/../lib/gcc/arm-none-eabi/10.3.1/../../../../arm-none-eabi/lib/thumb/v7e-m+fp/hard/rdimon-crt0.o
START GROUP
LOAD ./synergy/ssp/src/driver/r_sci_i2c/r_sci_i2c.o
LOAD ./synergy/ssp/src/driver/r_ioport/r_ioport.o
LOAD ./synergy/ssp/src/driver/r_elc/r_elc.o
LOAD ./synergy/ssp/src/driver/r_dtc/r_dtc.o
LOAD ./synergy/ssp/src/driver/r_cgc/r_cgc.o
LOAD ./synergy/ssp/src/driver/r_can/hw/hw_can.o
LOAD ./synergy/ssp/src/driver/r_can/r_can.o
LOAD ./synergy/ssp/src/driver/r_adc/r_adc.o
LOAD ./synergy/ssp/src/bsp/mcu/s3a7/bsp_cache.o
LOAD ./synergy/ssp/src/bsp/mcu/s3a7/bsp_clocks.o
LOAD ./synergy/ssp/src/bsp/mcu/s3a7/bsp_feature.o
LOAD ./synergy/ssp/src/bsp/mcu/s3a7/bsp_group_irq.o
LOAD ./synergy/ssp/src/bsp/mcu/s3a7/bsp_hw_locks.o
LOAD ./synergy/ssp/src/bsp/mcu/s3a7/bsp_module_stop.o
LOAD ./synergy/ssp/src/bsp/mcu/s3a7/bsp_rom_registers.o
LOAD ./synergy/ssp/src/bsp/mcu/all/bsp_common.o
LOAD ./synergy/ssp/src/bsp/mcu/all/bsp_common_leds.o
LOAD ./synergy/ssp/src/bsp/mcu/all/bsp_delay.o
LOAD ./synergy/ssp/src/bsp/mcu/all/bsp_irq.o
LOAD ./synergy/ssp/src/bsp/mcu/all/bsp_locking.o
LOAD ./synergy/ssp/src/bsp/mcu/all/bsp_register_protection.o
LOAD ./synergy/ssp/src/bsp/mcu/all/bsp_sbrk.o
LOAD ./synergy/ssp/src/bsp/cmsis/Device/RENESAS/S3A7/Source/startup_S3A7.o
LOAD ./synergy/ssp/src/bsp/cmsis/Device/RENESAS/S3A7/Source/system_S3A7.o
LOAD ./src/synergy_gen/adc_thread.o
LOAD ./src/synergy_gen/can_thread.o
LOAD ./src/synergy_gen/common_data.o
LOAD ./src/synergy_gen/drv_thread.o
LOAD ./src/synergy_gen/hal_data.o
LOAD ./src/synergy_gen/lcd_thread.o
LOAD ./src/synergy_gen/main.o
LOAD ./src/synergy_gen/pin_data.o
LOAD ./src/synergy_gen/status_led.o
LOAD ./src/adc_thread_entry.o
LOAD ./src/can_thread_entry.o
LOAD ./src/drv_thread_entry.o
LOAD ./src/hal_entry.o
LOAD ./src/lcd_thread_entry.o
LOAD ./src/status_led_entry.o
LOAD C:\Users\khurr\e2_studio_latest\workspace\COPJunction\synergy\ssp\src\bsp\cmsis\DSP_Lib\cm4_gcc\libDSP_Lib.a
LOAD C:\Users\khurr\e2_studio_latest\workspace\COPJunction\synergy\ssp\src\bsp\cmsis\NN_Lib\cm4_gcc\libNN_Lib.a
LOAD C:\Users\khurr\e2_studio_latest\workspace\COPJunction\synergy\ssp\src\driver\r_fmi\libs\libfmi_cm4_s3a7_gcc.a
LOAD C:\Users\khurr\e2_studio_latest\workspace\COPJunction\synergy\ssp\src\framework\el\tx\cm4_gcc\libtx.a
LOAD C:\Users\khurr\e2_studio_latest\workspace\COPJunction\synergy\ssp\src\bsp\mcu\s3a7\libfmi_R7FS3A77C3A01CFM_gcc.a
END GROUP
START GROUP
LOAD c:/renesas/synergy/e2studio_v2022-10_ssp_v2.4.0/toolchains/gcc_arm/gcc-arm-none-eabi-10.3-2021.10/bin/../lib/gcc/arm-none-eabi/10.3.1/thumb/v7e-m+fp/hard\libgcc.a
LOAD c:/renesas/synergy/e2studio_v2022-10_ssp_v2.4.0/toolchains/gcc_arm/gcc-arm-none-eabi-10.3-2021.10/bin/../lib/gcc/arm-none-eabi/10.3.1/../../../../arm-none-eabi/lib/thumb/v7e-m+fp/hard\libg_nano.a
LOAD c:/renesas/synergy/e2studio_v2022-10_ssp_v2.4.0/toolchains/gcc_arm/gcc-arm-none-eabi-10.3-2021.10/bin/../lib/gcc/arm-none-eabi/10.3.1/../../../../arm-none-eabi/lib/thumb/v7e-m+fp/hard\libc_nano.a
END GROUP
START GROUP
LOAD c:/renesas/synergy/e2studio_v2022-10_ssp_v2.4.0/toolchains/gcc_arm/gcc-arm-none-eabi-10.3-2021.10/bin/../lib/gcc/arm-none-eabi/10.3.1/thumb/v7e-m+fp/hard\libgcc.a
LOAD c:/renesas/synergy/e2studio_v2022-10_ssp_v2.4.0/toolchains/gcc_arm/gcc-arm-none-eabi-10.3-2021.10/bin/../lib/gcc/arm-none-eabi/10.3.1/../../../../arm-none-eabi/lib/thumb/v7e-m+fp/hard\libc_nano.a
LOAD c:/renesas/synergy/e2studio_v2022-10_ssp_v2.4.0/toolchains/gcc_arm/gcc-arm-none-eabi-10.3-2021.10/bin/../lib/gcc/arm-none-eabi/10.3.1/../../../../arm-none-eabi/lib/thumb/v7e-m+fp/hard\librdimon_nano.a
END GROUP
START GROUP
LOAD c:/renesas/synergy/e2studio_v2022-10_ssp_v2.4.0/toolchains/gcc_arm/gcc-arm-none-eabi-10.3-2021.10/bin/../lib/gcc/arm-none-eabi/10.3.1/thumb/v7e-m+fp/hard\libgcc.a
LOAD c:/renesas/synergy/e2studio_v2022-10_ssp_v2.4.0/toolchains/gcc_arm/gcc-arm-none-eabi-10.3-2021.10/bin/../lib/gcc/arm-none-eabi/10.3.1/../../../../arm-none-eabi/lib/thumb/v7e-m+fp/hard\libc_nano.a
LOAD c:/renesas/synergy/e2studio_v2022-10_ssp_v2.4.0/toolchains/gcc_arm/gcc-arm-none-eabi-10.3-2021.10/bin/../lib/gcc/arm-none-eabi/10.3.1/../../../../arm-none-eabi/lib/thumb/v7e-m+fp/hard\librdimon_nano.a
END GROUP
LOAD c:/renesas/synergy/e2studio_v2022-10_ssp_v2.4.0/toolchains/gcc_arm/gcc-arm-none-eabi-10.3-2021.10/bin/../lib/gcc/arm-none-eabi/10.3.1/thumb/v7e-m+fp/hard/crtend.o
LOAD c:/renesas/synergy/e2studio_v2022-10_ssp_v2.4.0/toolchains/gcc_arm/gcc-arm-none-eabi-10.3-2021.10/bin/../lib/gcc/arm-none-eabi/10.3.1/thumb/v7e-m+fp/hard/crtn.o
START GROUP
LOAD c:/renesas/synergy/e2studio_v2022-10_ssp_v2.4.0/toolchains/gcc_arm/gcc-arm-none-eabi-10.3-2021.10/bin/../lib/gcc/arm-none-eabi/10.3.1/thumb/v7e-m+fp/hard\libgcc.a
LOAD c:/renesas/synergy/e2studio_v2022-10_ssp_v2.4.0/toolchains/gcc_arm/gcc-arm-none-eabi-10.3-2021.10/bin/../lib/gcc/arm-none-eabi/10.3.1/../../../../arm-none-eabi/lib/thumb/v7e-m+fp/hard\libc.a
LOAD c:/renesas/synergy/e2studio_v2022-10_ssp_v2.4.0/toolchains/gcc_arm/gcc-arm-none-eabi-10.3-2021.10/bin/../lib/gcc/arm-none-eabi/10.3.1/../../../../arm-none-eabi/lib/thumb/v7e-m+fp/hard\libm.a
LOAD c:/renesas/synergy/e2studio_v2022-10_ssp_v2.4.0/toolchains/gcc_arm/gcc-arm-none-eabi-10.3-2021.10/bin/../lib/gcc/arm-none-eabi/10.3.1/../../../../arm-none-eabi/lib/thumb/v7e-m+fp/hard\libnosys.a
END GROUP

.text           0x00000000     0x90d8
                0x00000000                __ROM_Start = .
 *(.vectors)
 .vectors       0x00000000       0x40 ./synergy/ssp/src/bsp/cmsis/Device/RENESAS/S3A7/Source/startup_S3A7.o
                0x00000000                __Vectors
 *(SORT_BY_NAME(.vector.*))
 .vector.CAN_0_ERROR
                0x00000040        0x4 ./src/synergy_gen/can_thread.o
                0x00000040                g_vector_CAN_0_ERROR
 .vector.CAN_0_MAILBOX_RX
                0x00000044        0x4 ./src/synergy_gen/can_thread.o
                0x00000044                g_vector_CAN_0_MAILBOX_RX
 .vector.CAN_0_MAILBOX_TX
                0x00000048        0x4 ./src/synergy_gen/can_thread.o
                0x00000048                g_vector_CAN_0_MAILBOX_TX
 .vector.SCI_0_RXI
                0x0000004c        0x4 ./src/synergy_gen/drv_thread.o
                0x0000004c                g_vector_SCI_0_RXI
 .vector.SCI_0_TEI
                0x00000050        0x4 ./src/synergy_gen/drv_thread.o
                0x00000050                g_vector_SCI_0_TEI
 .vector.SCI_0_TXI
                0x00000054        0x4 ./src/synergy_gen/drv_thread.o
                0x00000054                g_vector_SCI_0_TXI
                0x00000058                __Vectors_End = .
                0x20000a18                __end__ = .
                0x00000400                . = (__ROM_Start + 0x400)
 *fill*         0x00000058      0x3a8 ff
 *(.rom_registers*)
 .rom_registers
                0x00000400       0x3c ./synergy/ssp/src/bsp/mcu/s3a7/bsp_rom_registers.o
                0x00000500                . = (__ROM_Start + 0x500)
 *fill*         0x0000043c       0xc4 ff
                0x00000500                __Vector_Info_Start = .
 *(SORT_BY_NAME(.vector_info.*))
 .vector_info.CAN_0_ERROR
                0x00000500        0x8 ./src/synergy_gen/can_thread.o
                0x00000500                g_vector_info_CAN_0_ERROR
 .vector_info.CAN_0_MAILBOX_RX
                0x00000508        0x8 ./src/synergy_gen/can_thread.o
                0x00000508                g_vector_info_CAN_0_MAILBOX_RX
 .vector_info.CAN_0_MAILBOX_TX
                0x00000510        0x8 ./src/synergy_gen/can_thread.o
                0x00000510                g_vector_info_CAN_0_MAILBOX_TX
 .vector_info.SCI_0_RXI
                0x00000518        0x8 ./src/synergy_gen/drv_thread.o
                0x00000518                g_vector_info_SCI_0_RXI
 .vector_info.SCI_0_TEI
                0x00000520        0x8 ./src/synergy_gen/drv_thread.o
                0x00000520                g_vector_info_SCI_0_TEI
 .vector_info.SCI_0_TXI
                0x00000528        0x8 ./src/synergy_gen/drv_thread.o
                0x00000528                g_vector_info_SCI_0_TXI
                0x00000530                __Vector_Info_End = .
                0x00000530                __Lock_Lookup_Start = .
 *(SORT_BY_NAME(.hw_lock_lookup.*))
 .hw_lock_lookup.ADC_0U_0U
                0x00000530        0x4 ./synergy/ssp/src/bsp/mcu/s3a7/bsp_hw_locks.o
                0x00000530                g_lock_lookup_ADC_0U_0U
 .hw_lock_lookup.AGT_0U_0U
                0x00000534        0x4 ./synergy/ssp/src/bsp/mcu/s3a7/bsp_hw_locks.o
                0x00000534                g_lock_lookup_AGT_0U_0U
 .hw_lock_lookup.AGT_0U_1U
                0x00000538        0x4 ./synergy/ssp/src/bsp/mcu/s3a7/bsp_hw_locks.o
                0x00000538                g_lock_lookup_AGT_0U_1U
 .hw_lock_lookup.BSC_0U_1U
                0x0000053c        0x4 ./synergy/ssp/src/bsp/mcu/s3a7/bsp_hw_locks.o
                0x0000053c                g_lock_lookup_BSC_0U_1U
 .hw_lock_lookup.CAC_0U_0U
                0x00000540        0x4 ./synergy/ssp/src/bsp/mcu/s3a7/bsp_hw_locks.o
                0x00000540                g_lock_lookup_CAC_0U_0U
 .hw_lock_lookup.CAN_0U_0U
                0x00000544        0x4 ./synergy/ssp/src/bsp/mcu/s3a7/bsp_hw_locks.o
                0x00000544                g_lock_lookup_CAN_0U_0U
 .hw_lock_lookup.COMP_HS_0U_0U
                0x00000548        0x4 ./synergy/ssp/src/bsp/mcu/s3a7/bsp_hw_locks.o
                0x00000548                g_lock_lookup_COMP_HS_0U_0U
 .hw_lock_lookup.COMP_HS_0U_1U
                0x0000054c        0x4 ./synergy/ssp/src/bsp/mcu/s3a7/bsp_hw_locks.o
                0x0000054c                g_lock_lookup_COMP_HS_0U_1U
 .hw_lock_lookup.COMP_LP_0U_0U
                0x00000550        0x4 ./synergy/ssp/src/bsp/mcu/s3a7/bsp_hw_locks.o
                0x00000550                g_lock_lookup_COMP_LP_0U_0U
 .hw_lock_lookup.COMP_LP_0U_1U
                0x00000554        0x4 ./synergy/ssp/src/bsp/mcu/s3a7/bsp_hw_locks.o
                0x00000554                g_lock_lookup_COMP_LP_0U_1U
 .hw_lock_lookup.CRC_0U_0U
                0x00000558        0x4 ./synergy/ssp/src/bsp/mcu/s3a7/bsp_hw_locks.o
                0x00000558                g_lock_lookup_CRC_0U_0U
 .hw_lock_lookup.CTSU_0U_0U
                0x0000055c        0x4 ./synergy/ssp/src/bsp/mcu/s3a7/bsp_hw_locks.o
                0x0000055c                g_lock_lookup_CTSU_0U_0U
 .hw_lock_lookup.DAAD_0U_0U
                0x00000560        0x4 ./synergy/ssp/src/bsp/mcu/s3a7/bsp_hw_locks.o
                0x00000560                g_lock_lookup_DAAD_0U_0U
 .hw_lock_lookup.DAC_0U_0U
                0x00000564        0x4 ./synergy/ssp/src/bsp/mcu/s3a7/bsp_hw_locks.o
                0x00000564                g_lock_lookup_DAC_0U_0U
 .hw_lock_lookup.DAC_0U_1U
                0x00000568        0x4 ./synergy/ssp/src/bsp/mcu/s3a7/bsp_hw_locks.o
                0x00000568                g_lock_lookup_DAC_0U_1U
 .hw_lock_lookup.DMAC_0U_0U
                0x0000056c        0x4 ./synergy/ssp/src/bsp/mcu/s3a7/bsp_hw_locks.o
                0x0000056c                g_lock_lookup_DMAC_0U_0U
 .hw_lock_lookup.DMAC_0U_1U
                0x00000570        0x4 ./synergy/ssp/src/bsp/mcu/s3a7/bsp_hw_locks.o
                0x00000570                g_lock_lookup_DMAC_0U_1U
 .hw_lock_lookup.DMAC_0U_2U
                0x00000574        0x4 ./synergy/ssp/src/bsp/mcu/s3a7/bsp_hw_locks.o
                0x00000574                g_lock_lookup_DMAC_0U_2U
 .hw_lock_lookup.DMAC_0U_3U
                0x00000578        0x4 ./synergy/ssp/src/bsp/mcu/s3a7/bsp_hw_locks.o
                0x00000578                g_lock_lookup_DMAC_0U_3U
 .hw_lock_lookup.DOC_0U_0U
                0x0000057c        0x4 ./synergy/ssp/src/bsp/mcu/s3a7/bsp_hw_locks.o
                0x0000057c                g_lock_lookup_DOC_0U_0U
 .hw_lock_lookup.DTC_0U_0U
                0x00000580        0x4 ./synergy/ssp/src/bsp/mcu/s3a7/bsp_hw_locks.o
                0x00000580                g_lock_lookup_DTC_0U_0U
 .hw_lock_lookup.ELC_0U_0U
                0x00000584        0x4 ./synergy/ssp/src/bsp/mcu/s3a7/bsp_hw_locks.o
                0x00000584                g_lock_lookup_ELC_0U_0U
 .hw_lock_lookup.FCU_0U_0U
                0x00000588        0x4 ./synergy/ssp/src/bsp/mcu/s3a7/bsp_hw_locks.o
                0x00000588                g_lock_lookup_FCU_0U_0U
 .hw_lock_lookup.GPT_0U_0U
                0x0000058c        0x4 ./synergy/ssp/src/bsp/mcu/s3a7/bsp_hw_locks.o
                0x0000058c                g_lock_lookup_GPT_0U_0U
 .hw_lock_lookup.GPT_0U_1U
                0x00000590        0x4 ./synergy/ssp/src/bsp/mcu/s3a7/bsp_hw_locks.o
                0x00000590                g_lock_lookup_GPT_0U_1U
 .hw_lock_lookup.GPT_0U_2U
                0x00000594        0x4 ./synergy/ssp/src/bsp/mcu/s3a7/bsp_hw_locks.o
                0x00000594                g_lock_lookup_GPT_0U_2U
 .hw_lock_lookup.GPT_0U_3U
                0x00000598        0x4 ./synergy/ssp/src/bsp/mcu/s3a7/bsp_hw_locks.o
                0x00000598                g_lock_lookup_GPT_0U_3U
 .hw_lock_lookup.GPT_0U_4U
                0x0000059c        0x4 ./synergy/ssp/src/bsp/mcu/s3a7/bsp_hw_locks.o
                0x0000059c                g_lock_lookup_GPT_0U_4U
 .hw_lock_lookup.GPT_0U_5U
                0x000005a0        0x4 ./synergy/ssp/src/bsp/mcu/s3a7/bsp_hw_locks.o
                0x000005a0                g_lock_lookup_GPT_0U_5U
 .hw_lock_lookup.GPT_0U_6U
                0x000005a4        0x4 ./synergy/ssp/src/bsp/mcu/s3a7/bsp_hw_locks.o
                0x000005a4                g_lock_lookup_GPT_0U_6U
 .hw_lock_lookup.GPT_0U_7U
                0x000005a8        0x4 ./synergy/ssp/src/bsp/mcu/s3a7/bsp_hw_locks.o
                0x000005a8                g_lock_lookup_GPT_0U_7U
 .hw_lock_lookup.GPT_0U_8U
                0x000005ac        0x4 ./synergy/ssp/src/bsp/mcu/s3a7/bsp_hw_locks.o
                0x000005ac                g_lock_lookup_GPT_0U_8U
 .hw_lock_lookup.GPT_0U_9U
                0x000005b0        0x4 ./synergy/ssp/src/bsp/mcu/s3a7/bsp_hw_locks.o
                0x000005b0                g_lock_lookup_GPT_0U_9U
 .hw_lock_lookup.ICU_0U_0U
                0x000005b4        0x4 ./synergy/ssp/src/bsp/mcu/s3a7/bsp_hw_locks.o
                0x000005b4                g_lock_lookup_ICU_0U_0U
 .hw_lock_lookup.ICU_0U_10U
                0x000005b8        0x4 ./synergy/ssp/src/bsp/mcu/s3a7/bsp_hw_locks.o
                0x000005b8                g_lock_lookup_ICU_0U_10U
 .hw_lock_lookup.ICU_0U_11U
                0x000005bc        0x4 ./synergy/ssp/src/bsp/mcu/s3a7/bsp_hw_locks.o
                0x000005bc                g_lock_lookup_ICU_0U_11U
 .hw_lock_lookup.ICU_0U_12U
                0x000005c0        0x4 ./synergy/ssp/src/bsp/mcu/s3a7/bsp_hw_locks.o
                0x000005c0                g_lock_lookup_ICU_0U_12U
 .hw_lock_lookup.ICU_0U_13U
                0x000005c4        0x4 ./synergy/ssp/src/bsp/mcu/s3a7/bsp_hw_locks.o
                0x000005c4                g_lock_lookup_ICU_0U_13U
 .hw_lock_lookup.ICU_0U_14U
                0x000005c8        0x4 ./synergy/ssp/src/bsp/mcu/s3a7/bsp_hw_locks.o
                0x000005c8                g_lock_lookup_ICU_0U_14U
 .hw_lock_lookup.ICU_0U_15U
                0x000005cc        0x4 ./synergy/ssp/src/bsp/mcu/s3a7/bsp_hw_locks.o
                0x000005cc                g_lock_lookup_ICU_0U_15U
 .hw_lock_lookup.ICU_0U_1U
                0x000005d0        0x4 ./synergy/ssp/src/bsp/mcu/s3a7/bsp_hw_locks.o
                0x000005d0                g_lock_lookup_ICU_0U_1U
 .hw_lock_lookup.ICU_0U_2U
                0x000005d4        0x4 ./synergy/ssp/src/bsp/mcu/s3a7/bsp_hw_locks.o
                0x000005d4                g_lock_lookup_ICU_0U_2U
 .hw_lock_lookup.ICU_0U_3U
                0x000005d8        0x4 ./synergy/ssp/src/bsp/mcu/s3a7/bsp_hw_locks.o
                0x000005d8                g_lock_lookup_ICU_0U_3U
 .hw_lock_lookup.ICU_0U_4U
                0x000005dc        0x4 ./synergy/ssp/src/bsp/mcu/s3a7/bsp_hw_locks.o
                0x000005dc                g_lock_lookup_ICU_0U_4U
 .hw_lock_lookup.ICU_0U_5U
                0x000005e0        0x4 ./synergy/ssp/src/bsp/mcu/s3a7/bsp_hw_locks.o
                0x000005e0                g_lock_lookup_ICU_0U_5U
 .hw_lock_lookup.ICU_0U_6U
                0x000005e4        0x4 ./synergy/ssp/src/bsp/mcu/s3a7/bsp_hw_locks.o
                0x000005e4                g_lock_lookup_ICU_0U_6U
 .hw_lock_lookup.ICU_0U_7U
                0x000005e8        0x4 ./synergy/ssp/src/bsp/mcu/s3a7/bsp_hw_locks.o
                0x000005e8                g_lock_lookup_ICU_0U_7U
 .hw_lock_lookup.ICU_0U_8U
                0x000005ec        0x4 ./synergy/ssp/src/bsp/mcu/s3a7/bsp_hw_locks.o
                0x000005ec                g_lock_lookup_ICU_0U_8U
 .hw_lock_lookup.ICU_0U_9U
                0x000005f0        0x4 ./synergy/ssp/src/bsp/mcu/s3a7/bsp_hw_locks.o
                0x000005f0                g_lock_lookup_ICU_0U_9U
 .hw_lock_lookup.IIC_0U_0U
                0x000005f4        0x4 ./synergy/ssp/src/bsp/mcu/s3a7/bsp_hw_locks.o
                0x000005f4                g_lock_lookup_IIC_0U_0U
 .hw_lock_lookup.IIC_0U_1U
                0x000005f8        0x4 ./synergy/ssp/src/bsp/mcu/s3a7/bsp_hw_locks.o
                0x000005f8                g_lock_lookup_IIC_0U_1U
 .hw_lock_lookup.IIC_0U_2U
                0x000005fc        0x4 ./synergy/ssp/src/bsp/mcu/s3a7/bsp_hw_locks.o
                0x000005fc                g_lock_lookup_IIC_0U_2U
 .hw_lock_lookup.IRDA_0U_0U
                0x00000600        0x4 ./synergy/ssp/src/bsp/mcu/s3a7/bsp_hw_locks.o
                0x00000600                g_lock_lookup_IRDA_0U_0U
 .hw_lock_lookup.IWDT_0U_0U
                0x00000604        0x4 ./synergy/ssp/src/bsp/mcu/s3a7/bsp_hw_locks.o
                0x00000604                g_lock_lookup_IWDT_0U_0U
 .hw_lock_lookup.KEY_0U_0U
                0x00000608        0x4 ./synergy/ssp/src/bsp/mcu/s3a7/bsp_hw_locks.o
                0x00000608                g_lock_lookup_KEY_0U_0U
 .hw_lock_lookup.LPM_1U_0U
                0x0000060c        0x4 ./synergy/ssp/src/bsp/mcu/s3a7/bsp_hw_locks.o
                0x0000060c                g_lock_lookup_LPM_1U_0U
 .hw_lock_lookup.LVD_0U_0U
                0x00000610        0x4 ./synergy/ssp/src/bsp/mcu/s3a7/bsp_hw_locks.o
                0x00000610                g_lock_lookup_LVD_0U_0U
 .hw_lock_lookup.LVD_0U_1U
                0x00000614        0x4 ./synergy/ssp/src/bsp/mcu/s3a7/bsp_hw_locks.o
                0x00000614                g_lock_lookup_LVD_0U_1U
 .hw_lock_lookup.MMF_0U_0U
                0x00000618        0x4 ./synergy/ssp/src/bsp/mcu/s3a7/bsp_hw_locks.o
                0x00000618                g_lock_lookup_MMF_0U_0U
 .hw_lock_lookup.MPU_0U_0U
                0x0000061c        0x4 ./synergy/ssp/src/bsp/mcu/s3a7/bsp_hw_locks.o
                0x0000061c                g_lock_lookup_MPU_0U_0U
 .hw_lock_lookup.OPAMP_0U_0U
                0x00000620        0x4 ./synergy/ssp/src/bsp/mcu/s3a7/bsp_hw_locks.o
                0x00000620                g_lock_lookup_OPAMP_0U_0U
 .hw_lock_lookup.OPS_0U_0U
                0x00000624        0x4 ./synergy/ssp/src/bsp/mcu/s3a7/bsp_hw_locks.o
                0x00000624                g_lock_lookup_OPS_0U_0U
 .hw_lock_lookup.POEG_0U_0U
                0x00000628        0x4 ./synergy/ssp/src/bsp/mcu/s3a7/bsp_hw_locks.o
                0x00000628                g_lock_lookup_POEG_0U_0U
 .hw_lock_lookup.POEG_0U_1U
                0x0000062c        0x4 ./synergy/ssp/src/bsp/mcu/s3a7/bsp_hw_locks.o
                0x0000062c                g_lock_lookup_POEG_0U_1U
 .hw_lock_lookup.POEG_0U_2U
                0x00000630        0x4 ./synergy/ssp/src/bsp/mcu/s3a7/bsp_hw_locks.o
                0x00000630                g_lock_lookup_POEG_0U_2U
 .hw_lock_lookup.POEG_0U_3U
                0x00000634        0x4 ./synergy/ssp/src/bsp/mcu/s3a7/bsp_hw_locks.o
                0x00000634                g_lock_lookup_POEG_0U_3U
 .hw_lock_lookup.QSPI_0U_0U
                0x00000638        0x4 ./synergy/ssp/src/bsp/mcu/s3a7/bsp_hw_locks.o
                0x00000638                g_lock_lookup_QSPI_0U_0U
 .hw_lock_lookup.RTC_0U_0U
                0x0000063c        0x4 ./synergy/ssp/src/bsp/mcu/s3a7/bsp_hw_locks.o
                0x0000063c                g_lock_lookup_RTC_0U_0U
 .hw_lock_lookup.SCE_0U_0U
                0x00000640        0x4 ./synergy/ssp/src/bsp/mcu/s3a7/bsp_hw_locks.o
                0x00000640                g_lock_lookup_SCE_0U_0U
 .hw_lock_lookup.SCI_0U_0U
                0x00000644        0x4 ./synergy/ssp/src/bsp/mcu/s3a7/bsp_hw_locks.o
                0x00000644                g_lock_lookup_SCI_0U_0U
 .hw_lock_lookup.SCI_0U_1U
                0x00000648        0x4 ./synergy/ssp/src/bsp/mcu/s3a7/bsp_hw_locks.o
                0x00000648                g_lock_lookup_SCI_0U_1U
 .hw_lock_lookup.SCI_0U_2U
                0x0000064c        0x4 ./synergy/ssp/src/bsp/mcu/s3a7/bsp_hw_locks.o
                0x0000064c                g_lock_lookup_SCI_0U_2U
 .hw_lock_lookup.SCI_0U_3U
                0x00000650        0x4 ./synergy/ssp/src/bsp/mcu/s3a7/bsp_hw_locks.o
                0x00000650                g_lock_lookup_SCI_0U_3U
 .hw_lock_lookup.SCI_0U_4U
                0x00000654        0x4 ./synergy/ssp/src/bsp/mcu/s3a7/bsp_hw_locks.o
                0x00000654                g_lock_lookup_SCI_0U_4U
 .hw_lock_lookup.SCI_0U_9U
                0x00000658        0x4 ./synergy/ssp/src/bsp/mcu/s3a7/bsp_hw_locks.o
                0x00000658                g_lock_lookup_SCI_0U_9U
 .hw_lock_lookup.SDHIMMC_0U_0U
                0x0000065c        0x4 ./synergy/ssp/src/bsp/mcu/s3a7/bsp_hw_locks.o
                0x0000065c                g_lock_lookup_SDHIMMC_0U_0U
 .hw_lock_lookup.SLCDC_0U_0U
                0x00000660        0x4 ./synergy/ssp/src/bsp/mcu/s3a7/bsp_hw_locks.o
                0x00000660                g_lock_lookup_SLCDC_0U_0U
 .hw_lock_lookup.SPI_0U_0U
                0x00000664        0x4 ./synergy/ssp/src/bsp/mcu/s3a7/bsp_hw_locks.o
                0x00000664                g_lock_lookup_SPI_0U_0U
 .hw_lock_lookup.SPI_0U_1U
                0x00000668        0x4 ./synergy/ssp/src/bsp/mcu/s3a7/bsp_hw_locks.o
                0x00000668                g_lock_lookup_SPI_0U_1U
 .hw_lock_lookup.SSI_0U_0U
                0x0000066c        0x4 ./synergy/ssp/src/bsp/mcu/s3a7/bsp_hw_locks.o
                0x0000066c                g_lock_lookup_SSI_0U_0U
 .hw_lock_lookup.SSI_0U_1U
                0x00000670        0x4 ./synergy/ssp/src/bsp/mcu/s3a7/bsp_hw_locks.o
                0x00000670                g_lock_lookup_SSI_0U_1U
 .hw_lock_lookup.TSN_0U_0U
                0x00000674        0x4 ./synergy/ssp/src/bsp/mcu/s3a7/bsp_hw_locks.o
                0x00000674                g_lock_lookup_TSN_0U_0U
 .hw_lock_lookup.USB_0U_0U
                0x00000678        0x4 ./synergy/ssp/src/bsp/mcu/s3a7/bsp_hw_locks.o
                0x00000678                g_lock_lookup_USB_0U_0U
 .hw_lock_lookup.WDT_0U_0U
                0x0000067c        0x4 ./synergy/ssp/src/bsp/mcu/s3a7/bsp_hw_locks.o
                0x0000067c                g_lock_lookup_WDT_0U_0U
                0x00000680                __Lock_Lookup_End = .
 *(.text*)
 .text          0x00000680       0x40 c:/renesas/synergy/e2studio_v2022-10_ssp_v2.4.0/toolchains/gcc_arm/gcc-arm-none-eabi-10.3-2021.10/bin/../lib/gcc/arm-none-eabi/10.3.1/thumb/v7e-m+fp/hard/crtbegin.o
 .text.sci_siic_enable_transfer_support_tx
                0x000006c0       0x34 ./synergy/ssp/src/driver/r_sci_i2c/r_sci_i2c.o
 .text.sci_i2c_rxi_isr
                0x000006f4      0x144 ./synergy/ssp/src/driver/r_sci_i2c/r_sci_i2c.o
                0x000006f4                sci_i2c_rxi_isr
 .text.sci_i2c_txi_isr
                0x00000838      0x220 ./synergy/ssp/src/driver/r_sci_i2c/r_sci_i2c.o
                0x00000838                sci_i2c_txi_isr
 .text.sci_i2c_tei_isr
                0x00000a58      0x170 ./synergy/ssp/src/driver/r_sci_i2c/r_sci_i2c.o
                0x00000a58                sci_i2c_tei_isr
 .text.R_IOPORT_PortRead
                0x00000bc8       0x34 ./synergy/ssp/src/driver/r_ioport/r_ioport.o
                0x00000bc8                R_IOPORT_PortRead
 .text.R_IOPORT_PortWrite
                0x00000bfc       0x40 ./synergy/ssp/src/driver/r_ioport/r_ioport.o
                0x00000bfc                R_IOPORT_PortWrite
 .text.R_IOPORT_PortDirectionSet
                0x00000c3c       0x50 ./synergy/ssp/src/driver/r_ioport/r_ioport.o
                0x00000c3c                R_IOPORT_PortDirectionSet
 .text.R_IOPORT_PortEventInputRead
                0x00000c8c       0x34 ./synergy/ssp/src/driver/r_ioport/r_ioport.o
                0x00000c8c                R_IOPORT_PortEventInputRead
 .text.R_IOPORT_PortEventOutputWrite
                0x00000cc0       0x3c ./synergy/ssp/src/driver/r_ioport/r_ioport.o
                0x00000cc0                R_IOPORT_PortEventOutputWrite
 .text.R_IOPORT_VersionGet
                0x00000cfc       0x10 ./synergy/ssp/src/driver/r_ioport/r_ioport.o
                0x00000cfc                R_IOPORT_VersionGet
 .text.bsp_vbatt_init
                0x00000d0c       0xac ./synergy/ssp/src/driver/r_ioport/r_ioport.o
 .text.R_IOPORT_PinDirectionSet
                0x00000db8       0xd0 ./synergy/ssp/src/driver/r_ioport/r_ioport.o
                0x00000db8                R_IOPORT_PinDirectionSet
 .text.R_IOPORT_EthernetModeCfg
                0x00000e88       0x50 ./synergy/ssp/src/driver/r_ioport/r_ioport.o
                0x00000e88                R_IOPORT_EthernetModeCfg
 .text.R_IOPORT_PinsCfg
                0x00000ed8       0xd4 ./synergy/ssp/src/driver/r_ioport/r_ioport.o
                0x00000ed8                R_IOPORT_PinsCfg
 .text.R_IOPORT_Init
                0x00000fac       0x74 ./synergy/ssp/src/driver/r_ioport/r_ioport.o
                0x00000fac                R_IOPORT_Init
 .text.R_IOPORT_PinRead
                0x00001020       0x50 ./synergy/ssp/src/driver/r_ioport/r_ioport.o
                0x00001020                R_IOPORT_PinRead
 .text.R_IOPORT_PinEventInputRead
                0x00001070       0x5c ./synergy/ssp/src/driver/r_ioport/r_ioport.o
                0x00001070                R_IOPORT_PinEventInputRead
 .text.R_IOPORT_PinEventOutputWrite
                0x000010cc       0x64 ./synergy/ssp/src/driver/r_ioport/r_ioport.o
                0x000010cc                R_IOPORT_PinEventOutputWrite
 .text.R_IOPORT_PinWrite
                0x00001130       0x54 ./synergy/ssp/src/driver/r_ioport/r_ioport.o
                0x00001130                R_IOPORT_PinWrite
 .text.R_IOPORT_PinCfg
                0x00001184       0xc8 ./synergy/ssp/src/driver/r_ioport/r_ioport.o
                0x00001184                R_IOPORT_PinCfg
 .text.R_ELC_LinkSet
                0x0000124c       0x14 ./synergy/ssp/src/driver/r_elc/r_elc.o
                0x0000124c                R_ELC_LinkSet
 .text.R_ELC_LinkBreak
                0x00001260       0x14 ./synergy/ssp/src/driver/r_elc/r_elc.o
                0x00001260                R_ELC_LinkBreak
 .text.R_ELC_Enable
                0x00001274       0x14 ./synergy/ssp/src/driver/r_elc/r_elc.o
                0x00001274                R_ELC_Enable
 .text.R_ELC_Disable
                0x00001288       0x14 ./synergy/ssp/src/driver/r_elc/r_elc.o
                0x00001288                R_ELC_Disable
 .text.R_ELC_VersionGet
                0x0000129c       0x10 ./synergy/ssp/src/driver/r_elc/r_elc.o
                0x0000129c                R_ELC_VersionGet
 .text.R_ELC_Init
                0x000012ac       0x7c ./synergy/ssp/src/driver/r_elc/r_elc.o
                0x000012ac                R_ELC_Init
 .text.R_ELC_SoftwareEventGenerate
                0x00001328       0x30 ./synergy/ssp/src/driver/r_elc/r_elc.o
                0x00001328                R_ELC_SoftwareEventGenerate
 .text.R_CGC_SDADCClockCfg
                0x00001358        0x4 ./synergy/ssp/src/driver/r_cgc/r_cgc.o
                0x00001358                R_CGC_SDADCClockCfg
 .text.R_CGC_SDADCClockEnable
                0x0000135c        0x4 ./synergy/ssp/src/driver/r_cgc/r_cgc.o
                0x0000135c                R_CGC_SDADCClockEnable
 .text.R_CGC_VersionGet
                0x00001360       0x10 ./synergy/ssp/src/driver/r_cgc/r_cgc.o
                0x00001360                R_CGC_VersionGet
 .text.r_cgc_init_pllfreq
                0x00001370       0xd8 ./synergy/ssp/src/driver/r_cgc/r_cgc.o
 .text.R_CGC_SystemClockFreqGet
                0x00001448       0xb0 ./synergy/ssp/src/driver/r_cgc/r_cgc.o
                0x00001448                R_CGC_SystemClockFreqGet
 .text.R_CGC_BusClockOutCfg
                0x000014f8       0x28 ./synergy/ssp/src/driver/r_cgc/r_cgc.o
                0x000014f8                R_CGC_BusClockOutCfg
 .text.R_CGC_BusClockOutEnable
                0x00001520       0x28 ./synergy/ssp/src/driver/r_cgc/r_cgc.o
                0x00001520                R_CGC_BusClockOutEnable
 .text.R_CGC_BusClockOutDisable
                0x00001548       0x28 ./synergy/ssp/src/driver/r_cgc/r_cgc.o
                0x00001548                R_CGC_BusClockOutDisable
 .text.R_CGC_ClockOutEnable
                0x00001570       0x28 ./synergy/ssp/src/driver/r_cgc/r_cgc.o
                0x00001570                R_CGC_ClockOutEnable
 .text.R_CGC_ClockOutDisable
                0x00001598       0x28 ./synergy/ssp/src/driver/r_cgc/r_cgc.o
                0x00001598                R_CGC_ClockOutDisable
 .text.R_CGC_LCDClockEnable
                0x000015c0       0x60 ./synergy/ssp/src/driver/r_cgc/r_cgc.o
                0x000015c0                R_CGC_LCDClockEnable
 .text.R_CGC_LCDClockDisable
                0x00001620       0x60 ./synergy/ssp/src/driver/r_cgc/r_cgc.o
                0x00001620                R_CGC_LCDClockDisable
 .text.R_CGC_SystickUpdate.part.0
                0x00001680       0x84 ./synergy/ssp/src/driver/r_cgc/r_cgc.o
 .text.R_CGC_SystickUpdate
                0x00001704        0xc ./synergy/ssp/src/driver/r_cgc/r_cgc.o
                0x00001704                R_CGC_SystickUpdate
 .text.R_CGC_ClockOutCfg
                0x00001710       0x5c ./synergy/ssp/src/driver/r_cgc/r_cgc.o
                0x00001710                R_CGC_ClockOutCfg
 .text.r_cgc_system_dividers_set.isra.0
                0x0000176c       0x5c ./synergy/ssp/src/driver/r_cgc/r_cgc.o
 .text.R_CGC_OscStopStatusClear
                0x000017c8       0x64 ./synergy/ssp/src/driver/r_cgc/r_cgc.o
                0x000017c8                R_CGC_OscStopStatusClear
 .text.R_CGC_USBClockCfg
                0x0000182c        0x4 ./synergy/ssp/src/driver/r_cgc/r_cgc.o
                0x0000182c                R_CGC_USBClockCfg
 .text.R_CGC_SDADCClockDisable
                0x00001830        0x4 ./synergy/ssp/src/driver/r_cgc/r_cgc.o
                0x00001830                R_CGC_SDADCClockDisable
 .text.R_CGC_SDRAMClockOutEnable
                0x00001834        0x4 ./synergy/ssp/src/driver/r_cgc/r_cgc.o
                0x00001834                R_CGC_SDRAMClockOutEnable
 .text.R_CGC_SDRAMClockOutDisable
                0x00001838        0x4 ./synergy/ssp/src/driver/r_cgc/r_cgc.o
                0x00001838                R_CGC_SDRAMClockOutDisable
 .text.R_CGC_SystemClockGet
                0x0000183c       0x5c ./synergy/ssp/src/driver/r_cgc/r_cgc.o
                0x0000183c                R_CGC_SystemClockGet
 .text.R_CGC_OscStopDetect
                0x00001898      0x108 ./synergy/ssp/src/driver/r_cgc/r_cgc.o
                0x00001898                R_CGC_OscStopDetect
 .text.R_CGC_Init
                0x000019a0      0x11c ./synergy/ssp/src/driver/r_cgc/r_cgc.o
                0x000019a0                R_CGC_Init
 .text.R_CGC_LCDClockCfg
                0x00001abc       0xfc ./synergy/ssp/src/driver/r_cgc/r_cgc.o
                0x00001abc                R_CGC_LCDClockCfg
 .text.r_cgc_clock_run_state_get
                0x00001bb8       0x68 ./synergy/ssp/src/driver/r_cgc/r_cgc.o
                0x00001bb8                r_cgc_clock_run_state_get
 .text.R_CGC_ClockStop
                0x00001c20      0x160 ./synergy/ssp/src/driver/r_cgc/r_cgc.o
                0x00001c20                R_CGC_ClockStop
 .text.R_CGC_ClockCheck
                0x00001d80       0x8c ./synergy/ssp/src/driver/r_cgc/r_cgc.o
                0x00001d80                R_CGC_ClockCheck
 .text.r_cgc_operating_hw_modeset
                0x00001e0c      0x100 ./synergy/ssp/src/driver/r_cgc/r_cgc.o
                0x00001e0c                r_cgc_operating_hw_modeset
 .text.r_cgc_operating_mode_set
                0x00001f0c       0x68 ./synergy/ssp/src/driver/r_cgc/r_cgc.o
 .text.R_CGC_SystemClockSet
                0x00001f74      0x1e0 ./synergy/ssp/src/driver/r_cgc/r_cgc.o
                0x00001f74                R_CGC_SystemClockSet
 .text.R_CGC_ClockStart.part.0
                0x00002154      0x3e0 ./synergy/ssp/src/driver/r_cgc/r_cgc.o
 .text.R_CGC_ClockStart
                0x00002534       0x70 ./synergy/ssp/src/driver/r_cgc/r_cgc.o
                0x00002534                R_CGC_ClockStart
 .text.r_cgc_clock_start_stop
                0x000025a4       0xc8 ./synergy/ssp/src/driver/r_cgc/r_cgc.o
 .text.R_CGC_ClocksCfg
                0x0000266c      0x16c ./synergy/ssp/src/driver/r_cgc/r_cgc.o
                0x0000266c                R_CGC_ClocksCfg
 .text.HW_CAN_Control
                0x000027d8      0x42c ./synergy/ssp/src/driver/r_can/hw/hw_can.o
                0x000027d8                HW_CAN_Control
 .text.HW_CAN_MailboxIdSet
                0x00002c04       0xc8 ./synergy/ssp/src/driver/r_can/hw/hw_can.o
                0x00002c04                HW_CAN_MailboxIdSet
 .text.HW_CAN_MailboxMaskSet
                0x00002ccc       0x68 ./synergy/ssp/src/driver/r_can/hw/hw_can.o
                0x00002ccc                HW_CAN_MailboxMaskSet
 .text.HW_CAN_TimeStampReset
                0x00002d34       0x40 ./synergy/ssp/src/driver/r_can/hw/hw_can.o
                0x00002d34                HW_CAN_TimeStampReset
 .text.HW_CAN_BitRateGet
                0x00002d74       0x60 ./synergy/ssp/src/driver/r_can/hw/hw_can.o
                0x00002d74                HW_CAN_BitRateGet
 .text.HW_CAN_MailboxesClear
                0x00002dd4       0x50 ./synergy/ssp/src/driver/r_can/hw/hw_can.o
                0x00002dd4                HW_CAN_MailboxesClear
 .text.HW_CAN_MailboxTypeGet
                0x00002e24       0x10 ./synergy/ssp/src/driver/r_can/hw/hw_can.o
                0x00002e24                HW_CAN_MailboxTypeGet
 .text.HW_CAN_ReceiveDataGet
                0x00002e34       0x68 ./synergy/ssp/src/driver/r_can/hw/hw_can.o
                0x00002e34                HW_CAN_ReceiveDataGet
 .text.HW_CAN_TransmitFrameSend
                0x00002e9c       0x78 ./synergy/ssp/src/driver/r_can/hw/hw_can.o
                0x00002e9c                HW_CAN_TransmitFrameSend
 .text.HW_CAN_InterruptErrorGet
                0x00002f14       0x14 ./synergy/ssp/src/driver/r_can/hw/hw_can.o
                0x00002f14                HW_CAN_InterruptErrorGet
 .text.HW_CAN_StatusGet
                0x00002f28       0xc0 ./synergy/ssp/src/driver/r_can/hw/hw_can.o
                0x00002f28                HW_CAN_StatusGet
 .text.HW_CAN_ErrorsGet
                0x00002fe8       0x2c ./synergy/ssp/src/driver/r_can/hw/hw_can.o
                0x00002fe8                HW_CAN_ErrorsGet
 .text.R_CAN_VersionGet
                0x00003014       0x10 ./synergy/ssp/src/driver/r_can/r_can.o
                0x00003014                R_CAN_VersionGet
 .text.R_CAN_Control
                0x00003024       0x34 ./synergy/ssp/src/driver/r_can/r_can.o
                0x00003024                R_CAN_Control
 .text.R_CAN_Write
                0x00003058       0x74 ./synergy/ssp/src/driver/r_can/r_can.o
                0x00003058                R_CAN_Write
 .text.R_CAN_InfoGet
                0x000030cc       0x38 ./synergy/ssp/src/driver/r_can/r_can.o
                0x000030cc                R_CAN_InfoGet
 .text.R_CAN_Read
                0x00003104       0xbc ./synergy/ssp/src/driver/r_can/r_can.o
                0x00003104                R_CAN_Read
 .text.can_irq_disable
                0x000031c0      0x100 ./synergy/ssp/src/driver/r_can/r_can.o
 .text.R_CAN_Close
                0x000032c0       0x40 ./synergy/ssp/src/driver/r_can/r_can.o
                0x000032c0                R_CAN_Close
 .text.R_CAN_Open
                0x00003300      0x440 ./synergy/ssp/src/driver/r_can/r_can.o
                0x00003300                R_CAN_Open
 .text.can_error_isr
                0x00003740       0xe0 ./synergy/ssp/src/driver/r_can/r_can.o
                0x00003740                can_error_isr
 .text.can_mailbox_rx_isr
                0x00003820       0x7c ./synergy/ssp/src/driver/r_can/r_can.o
                0x00003820                can_mailbox_rx_isr
 .text.can_mailbox_tx_isr
                0x0000389c       0xb0 ./synergy/ssp/src/driver/r_can/r_can.o
                0x0000389c                can_mailbox_tx_isr
 .text.R_ADC_VersionGet
                0x0000394c       0x10 ./synergy/ssp/src/driver/r_adc/r_adc.o
                0x0000394c                R_ADC_VersionGet
 .text.R_ADC_OffsetSet
                0x0000395c        0x4 ./synergy/ssp/src/driver/r_adc/r_adc.o
                0x0000395c                R_ADC_OffsetSet
 .text.R_ADC_ScanStart
                0x00003960       0x44 ./synergy/ssp/src/driver/r_adc/r_adc.o
                0x00003960                R_ADC_ScanStart
 .text.R_ADC_ScanStop
                0x000039a4       0x34 ./synergy/ssp/src/driver/r_adc/r_adc.o
                0x000039a4                R_ADC_ScanStop
 .text.R_ADC_CheckScanDone
                0x000039d8       0x28 ./synergy/ssp/src/driver/r_adc/r_adc.o
                0x000039d8                R_ADC_CheckScanDone
 .text.R_ADC_Read
                0x00003a00       0x64 ./synergy/ssp/src/driver/r_adc/r_adc.o
                0x00003a00                R_ADC_Read
 .text.R_ADC_SetSampleStateCount
                0x00003a64       0x7c ./synergy/ssp/src/driver/r_adc/r_adc.o
                0x00003a64                R_ADC_SetSampleStateCount
 .text.R_ADC_InfoGet
                0x00003ae0      0x100 ./synergy/ssp/src/driver/r_adc/r_adc.o
                0x00003ae0                R_ADC_InfoGet
 .text.R_ADC_Calibrate
                0x00003be0       0x48 ./synergy/ssp/src/driver/r_adc/r_adc.o
                0x00003be0                R_ADC_Calibrate
 .text.r_adc_close_sub
                0x00003c28       0x60 ./synergy/ssp/src/driver/r_adc/r_adc.o
 .text.r_adc_open_configure_pga_settings.part.0
                0x00003c88      0x214 ./synergy/ssp/src/driver/r_adc/r_adc.o
 .text.R_ADC_Close
                0x00003e9c      0x104 ./synergy/ssp/src/driver/r_adc/r_adc.o
                0x00003e9c                R_ADC_Close
 .text.R_ADC_Read32
                0x00003fa0       0x90 ./synergy/ssp/src/driver/r_adc/r_adc.o
                0x00003fa0                R_ADC_Read32
 .text.R_ADC_Open
                0x00004030      0x4cc ./synergy/ssp/src/driver/r_adc/r_adc.o
                0x00004030                R_ADC_Open
 .text.R_ADC_ScanConfigure
                0x000044fc      0x454 ./synergy/ssp/src/driver/r_adc/r_adc.o
                0x000044fc                R_ADC_ScanConfigure
 .text.R_BSP_CacheOff
                0x00004950       0x28 ./synergy/ssp/src/bsp/mcu/s3a7/bsp_cache.o
                0x00004950                R_BSP_CacheOff
 .text.R_BSP_CacheSet
                0x00004978       0x48 ./synergy/ssp/src/bsp/mcu/s3a7/bsp_cache.o
                0x00004978                R_BSP_CacheSet
 .text.bsp_clock_init
                0x000049c0       0x84 ./synergy/ssp/src/bsp/mcu/s3a7/bsp_clocks.o
                0x000049c0                bsp_clock_init
 .text.bsp_cpu_clock_get
                0x00004a44       0x20 ./synergy/ssp/src/bsp/mcu/s3a7/bsp_clocks.o
                0x00004a44                bsp_cpu_clock_get
 .text.bsp_clock_set_callback
                0x00004a64       0x94 ./synergy/ssp/src/bsp/mcu/s3a7/bsp_clocks.o
                0x00004a64                bsp_clock_set_callback
 .text.R_BSP_FeatureAdcGet
                0x00004af8       0x2c ./synergy/ssp/src/bsp/mcu/s3a7/bsp_feature.o
                0x00004af8                R_BSP_FeatureAdcGet
 .text.R_BSP_FeatureCanGet
                0x00004b24       0x14 ./synergy/ssp/src/bsp/mcu/s3a7/bsp_feature.o
                0x00004b24                R_BSP_FeatureCanGet
 .text.R_BSP_FeatureIoportGet
                0x00004b38       0x10 ./synergy/ssp/src/bsp/mcu/s3a7/bsp_feature.o
                0x00004b38                R_BSP_FeatureIoportGet
 .text.R_BSP_FeatureCgcGet
                0x00004b48        0xc ./synergy/ssp/src/bsp/mcu/s3a7/bsp_feature.o
                0x00004b48                R_BSP_FeatureCgcGet
 .text.bsp_group_interrupt_open
                0x00004b54       0x10 ./synergy/ssp/src/bsp/mcu/s3a7/bsp_group_irq.o
                0x00004b54                bsp_group_interrupt_open
 .text.R_BSP_GroupIrqWrite
                0x00004b64       0x10 ./synergy/ssp/src/bsp/mcu/s3a7/bsp_group_irq.o
                0x00004b64                R_BSP_GroupIrqWrite
 .text.NMI_Handler
                0x00004b74      0x1c8 ./synergy/ssp/src/bsp/mcu/s3a7/bsp_group_irq.o
                0x00004b74                NMI_Handler
 .text.R_BSP_ModuleStop
                0x00004d3c       0x74 ./synergy/ssp/src/bsp/mcu/s3a7/bsp_module_stop.o
                0x00004d3c                R_BSP_ModuleStop
 .text.R_BSP_ModuleStart
                0x00004db0       0x90 ./synergy/ssp/src/bsp/mcu/s3a7/bsp_module_stop.o
                0x00004db0                R_BSP_ModuleStart
 .text.bsp_init_internal
                0x00004e40        0x4 ./synergy/ssp/src/bsp/mcu/all/bsp_common.o
                0x00004e40                bsp_init_internal
                0x00004e40                bsp_init
 .text.software_delay_loop
                0x00004e44        0xc ./synergy/ssp/src/bsp/mcu/all/bsp_delay.o
 .text.R_BSP_SoftwareDelay
                0x00004e50       0x60 ./synergy/ssp/src/bsp/mcu/all/bsp_delay.o
                0x00004e50                R_BSP_SoftwareDelay
 .text.R_BSP_IrqStatusClear
                0x00004eb0       0x18 ./synergy/ssp/src/bsp/mcu/all/bsp_irq.o
                0x00004eb0                R_BSP_IrqStatusClear
 .text.bsp_irq_cfg
                0x00004ec8       0x40 ./synergy/ssp/src/bsp/mcu/all/bsp_irq.o
                0x00004ec8                bsp_irq_cfg
 .text.R_BSP_HardwareLock
                0x00004f08       0x5c ./synergy/ssp/src/bsp/mcu/all/bsp_locking.o
                0x00004f08                R_BSP_HardwareLock
 .text.R_BSP_HardwareUnlock
                0x00004f64       0x3c ./synergy/ssp/src/bsp/mcu/all/bsp_locking.o
                0x00004f64                R_BSP_HardwareUnlock
 .text.bsp_init_hardware_locks
                0x00004fa0       0x60 ./synergy/ssp/src/bsp/mcu/all/bsp_locking.o
                0x00004fa0                bsp_init_hardware_locks
 .text.R_BSP_RegisterProtectEnable
                0x00005000       0x60 ./synergy/ssp/src/bsp/mcu/all/bsp_register_protection.o
                0x00005000                R_BSP_RegisterProtectEnable
 .text.R_BSP_RegisterProtectDisable
                0x00005060       0x54 ./synergy/ssp/src/bsp/mcu/all/bsp_register_protection.o
                0x00005060                R_BSP_RegisterProtectDisable
 .text.bsp_register_protect_open
                0x000050b4       0x10 ./synergy/ssp/src/bsp/mcu/all/bsp_register_protection.o
                0x000050b4                bsp_register_protect_open
 .text._sbrk    0x000050c4       0x3c ./synergy/ssp/src/bsp/mcu/all/bsp_sbrk.o
                0x000050c4                _sbrk
 .text.Default_Handler
                0x00005100        0x4 ./synergy/ssp/src/bsp/cmsis/Device/RENESAS/S3A7/Source/startup_S3A7.o
                0x00005100                HardFault_Handler
                0x00005100                UsageFault_Handler
                0x00005100                Default_Handler
                0x00005100                MemManage_Handler
                0x00005100                SVC_Handler
                0x00005100                BusFault_Handler
                0x00005100                DebugMon_Handler
 .text.Reset_Handler
                0x00005104        0xc ./synergy/ssp/src/bsp/cmsis/Device/RENESAS/S3A7/Source/startup_S3A7.o
                0x00005104                Reset_Handler
 .text.R_BSP_WarmStart
                0x00005110        0x4 ./synergy/ssp/src/bsp/cmsis/Device/RENESAS/S3A7/Source/system_S3A7.o
                0x00005110                R_BSP_WarmStart
 .text.SystemInit
                0x00005114      0x1b4 ./synergy/ssp/src/bsp/cmsis/Device/RENESAS/S3A7/Source/system_S3A7.o
                0x00005114                SystemInit
 .text.adc_thread_func
                0x000052c8       0x10 ./src/synergy_gen/adc_thread.o
 .text.adc_thread_create
                0x000052d8       0x5c ./src/synergy_gen/adc_thread.o
                0x000052d8                adc_thread_create
 .text.can_thread_func
                0x00005334       0x10 ./src/synergy_gen/can_thread.o
 .text.can_thread_create
                0x00005344       0x58 ./src/synergy_gen/can_thread.o
                0x00005344                can_thread_create
 .text.g_common_init
                0x0000539c        0x4 ./src/synergy_gen/common_data.o
                0x0000539c                g_common_init
 .text.drv_thread_func
                0x000053a0       0x10 ./src/synergy_gen/drv_thread.o
 .text.drv_thread_create
                0x000053b0       0x58 ./src/synergy_gen/drv_thread.o
                0x000053b0                drv_thread_create
 .text.g_hal_init
                0x00005408        0x4 ./src/synergy_gen/hal_data.o
                0x00005408                g_hal_init
 .text.lcd_thread_func
                0x0000540c       0x10 ./src/synergy_gen/lcd_thread.o
 .text.lcd_thread_create
                0x0000541c       0x5c ./src/synergy_gen/lcd_thread.o
                0x0000541c                lcd_thread_create
 .text.tx_application_define_internal
                0x00005478        0x4 ./src/synergy_gen/main.o
                0x00005478                tx_application_define_user
                0x00005478                tx_application_define_internal
 .text.tx_startup_err_callback_internal
                0x0000547c        0x4 ./src/synergy_gen/main.o
                0x0000547c                tx_startup_err_callback_internal
                0x0000547c                tx_startup_err_callback
 .text.tx_application_define
                0x00005480       0x54 ./src/synergy_gen/main.o
                0x00005480                tx_application_define
 .text.tx_startup_common_init
                0x000054d4       0x64 ./src/synergy_gen/main.o
                0x000054d4                tx_startup_common_init
 .text.startup.main
                0x00005538        0xc ./src/synergy_gen/main.o
                0x00005538                main
 .text.status_led_func
                0x00005544       0x10 ./src/synergy_gen/status_led.o
 .text.status_led_create
                0x00005554       0x5c ./src/synergy_gen/status_led.o
                0x00005554                status_led_create
 .text.scanADC  0x000055b0       0x70 ./src/adc_thread_entry.o
                0x000055b0                scanADC
 .text.setMux   0x00005620       0xa0 ./src/adc_thread_entry.o
                0x00005620                setMux
 .text.adc_thread_entry
                0x000056c0       0x44 ./src/adc_thread_entry.o
                0x000056c0                adc_thread_entry
 .text.can_rx.part.0
                0x00005704       0xac ./src/can_thread_entry.o
 .text.can_thread_entry
                0x000057b0       0xa0 ./src/can_thread_entry.o
                0x000057b0                can_thread_entry
 .text.CanCallback
                0x00005850       0x40 ./src/can_thread_entry.o
                0x00005850                CanCallback
 .text.drv_thread_entry
                0x00005890       0x7c ./src/drv_thread_entry.o
                0x00005890                drv_thread_entry
 .text.IIC_Start
                0x0000590c       0x50 ./src/lcd_thread_entry.o
                0x0000590c                IIC_Start
 .text.IIC_Stop
                0x0000595c       0x3c ./src/lcd_thread_entry.o
                0x0000595c                IIC_Stop
 .text.IIC_Ack  0x00005998       0x48 ./src/lcd_thread_entry.o
                0x00005998                IIC_Ack
 .text.IIC_Transfer
                0x000059e0       0xa0 ./src/lcd_thread_entry.o
                0x000059e0                IIC_Transfer
 .text.disp_char
                0x00005a80       0x74 ./src/lcd_thread_entry.o
                0x00005a80                disp_char
 .text.lcd_thread_entry
                0x00005af4      0x1e8 ./src/lcd_thread_entry.o
                0x00005af4                lcd_thread_entry
 .text.status_led_entry
                0x00005cdc       0x2c ./src/status_led_entry.o
                0x00005cdc                status_led_entry
 .text.R_FMI_ProductInfoGet
                0x00005d08       0x34 C:\Users\khurr\e2_studio_latest\workspace\COPJunction\synergy\ssp\src\driver\r_fmi\libs\libfmi_cm4_s3a7_gcc.a(r_fmi.o)
 .text.R_FMI_VersionGet
                0x00005d3c       0x10 C:\Users\khurr\e2_studio_latest\workspace\COPJunction\synergy\ssp\src\driver\r_fmi\libs\libfmi_cm4_s3a7_gcc.a(r_fmi.o)
 .text.R_FMI_UniqueIdGet
                0x00005d4c       0x40 C:\Users\khurr\e2_studio_latest\workspace\COPJunction\synergy\ssp\src\driver\r_fmi\libs\libfmi_cm4_s3a7_gcc.a(r_fmi.o)
 .text.R_FMI_EventInfoGet
                0x00005d8c       0x8c C:\Users\khurr\e2_studio_latest\workspace\COPJunction\synergy\ssp\src\driver\r_fmi\libs\libfmi_cm4_s3a7_gcc.a(r_fmi.o)
 .text.R_FMI_Init
                0x00005e18       0x90 C:\Users\khurr\e2_studio_latest\workspace\COPJunction\synergy\ssp\src\driver\r_fmi\libs\libfmi_cm4_s3a7_gcc.a(r_fmi.o)
 .text.R_FMI_FeatureGet
                0x00005ea8      0x238 C:\Users\khurr\e2_studio_latest\workspace\COPJunction\synergy\ssp\src\driver\r_fmi\libs\libfmi_cm4_s3a7_gcc.a(r_fmi.o)
 .text._txe_semaphore_create
                0x000060e0       0xa0 C:\Users\khurr\e2_studio_latest\workspace\COPJunction\synergy\ssp\src\framework\el\tx\cm4_gcc\libtx.a(txe_semaphore_create.o)
                0x000060e0                _txe_semaphore_create
 .text._txe_semaphore_get
                0x00006180       0x2c C:\Users\khurr\e2_studio_latest\workspace\COPJunction\synergy\ssp\src\framework\el\tx\cm4_gcc\libtx.a(txe_semaphore_get.o)
                0x00006180                _txe_semaphore_get
 .text._txe_semaphore_put
                0x000061ac       0x18 C:\Users\khurr\e2_studio_latest\workspace\COPJunction\synergy\ssp\src\framework\el\tx\cm4_gcc\libtx.a(txe_semaphore_put.o)
                0x000061ac                _txe_semaphore_put
 .text._txe_thread_create
                0x000061c4      0x14c C:\Users\khurr\e2_studio_latest\workspace\COPJunction\synergy\ssp\src\framework\el\tx\cm4_gcc\libtx.a(txe_thread_create.o)
                0x000061c4                _txe_thread_create
 .text._tx_initialize_high_level
                0x00006310       0x70 C:\Users\khurr\e2_studio_latest\workspace\COPJunction\synergy\ssp\src\framework\el\tx\cm4_gcc\libtx.a(tx_initialize_high_level.o)
                0x00006310                _tx_initialize_high_level
 .text._tx_initialize_kernel_enter
                0x00006380       0x48 C:\Users\khurr\e2_studio_latest\workspace\COPJunction\synergy\ssp\src\framework\el\tx\cm4_gcc\libtx.a(tx_initialize_kernel_enter.o)
                0x00006380                _tx_initialize_kernel_enter
 .text.tx_isr_end
                0x000063c8        0x4 C:\Users\khurr\e2_studio_latest\workspace\COPJunction\synergy\ssp\src\framework\el\tx\cm4_gcc\libtx.a(tx_isr_end.o)
                0x000063c8                tx_isr_end
 .text.tx_isr_start
                0x000063cc        0x4 C:\Users\khurr\e2_studio_latest\workspace\COPJunction\synergy\ssp\src\framework\el\tx\cm4_gcc\libtx.a(tx_isr_start.o)
                0x000063cc                tx_isr_start
 .text._tx_semaphore_create
                0x000063d0       0x54 C:\Users\khurr\e2_studio_latest\workspace\COPJunction\synergy\ssp\src\framework\el\tx\cm4_gcc\libtx.a(tx_semaphore_create.o)
                0x000063d0                _tx_semaphore_create
 .text._tx_semaphore_get
                0x00006424       0x84 C:\Users\khurr\e2_studio_latest\workspace\COPJunction\synergy\ssp\src\framework\el\tx\cm4_gcc\libtx.a(tx_semaphore_get.o)
                0x00006424                _tx_semaphore_get
 .text._tx_semaphore_put
                0x000064a8       0x54 C:\Users\khurr\e2_studio_latest\workspace\COPJunction\synergy\ssp\src\framework\el\tx\cm4_gcc\libtx.a(tx_semaphore_put.o)
                0x000064a8                _tx_semaphore_put
 .text._tx_thread_create
                0x000064fc      0x134 C:\Users\khurr\e2_studio_latest\workspace\COPJunction\synergy\ssp\src\framework\el\tx\cm4_gcc\libtx.a(tx_thread_create.o)
                0x000064fc                _tx_thread_create
 .text._tx_thread_initialize
                0x00006630       0x64 C:\Users\khurr\e2_studio_latest\workspace\COPJunction\synergy\ssp\src\framework\el\tx\cm4_gcc\libtx.a(tx_thread_initialize.o)
                0x00006630                _tx_thread_initialize
 .text._tx_thread_shell_entry
                0x00006694       0x54 C:\Users\khurr\e2_studio_latest\workspace\COPJunction\synergy\ssp\src\framework\el\tx\cm4_gcc\libtx.a(tx_thread_shell_entry.o)
                0x00006694                _tx_thread_shell_entry
 .text._tx_thread_sleep
                0x000066e8       0x60 C:\Users\khurr\e2_studio_latest\workspace\COPJunction\synergy\ssp\src\framework\el\tx\cm4_gcc\libtx.a(tx_thread_sleep.o)
                0x000066e8                _tx_thread_sleep
 .text._tx_thread_system_preempt_check
                0x00006748       0x3c C:\Users\khurr\e2_studio_latest\workspace\COPJunction\synergy\ssp\src\framework\el\tx\cm4_gcc\libtx.a(tx_thread_system_preempt_check.o)
                0x00006748                _tx_thread_system_preempt_check
 .text._tx_thread_system_resume
                0x00006784       0xec C:\Users\khurr\e2_studio_latest\workspace\COPJunction\synergy\ssp\src\framework\el\tx\cm4_gcc\libtx.a(tx_thread_system_resume.o)
                0x00006784                _tx_thread_system_resume
 .text._tx_thread_system_suspend
                0x00006870      0x100 C:\Users\khurr\e2_studio_latest\workspace\COPJunction\synergy\ssp\src\framework\el\tx\cm4_gcc\libtx.a(tx_thread_system_suspend.o)
                0x00006870                _tx_thread_system_suspend
 .text._tx_thread_timeout
                0x00006970       0x30 C:\Users\khurr\e2_studio_latest\workspace\COPJunction\synergy\ssp\src\framework\el\tx\cm4_gcc\libtx.a(tx_thread_timeout.o)
                0x00006970                _tx_thread_timeout
 .text._tx_timer_initialize
                0x000069a0       0x74 C:\Users\khurr\e2_studio_latest\workspace\COPJunction\synergy\ssp\src\framework\el\tx\cm4_gcc\libtx.a(tx_timer_initialize.o)
                0x000069a0                _tx_timer_initialize
 .text._tx_timer_system_activate
                0x00006a14       0x54 C:\Users\khurr\e2_studio_latest\workspace\COPJunction\synergy\ssp\src\framework\el\tx\cm4_gcc\libtx.a(tx_timer_system_activate.o)
                0x00006a14                _tx_timer_system_activate
 .text._tx_timer_system_deactivate
                0x00006a68       0x2c C:\Users\khurr\e2_studio_latest\workspace\COPJunction\synergy\ssp\src\framework\el\tx\cm4_gcc\libtx.a(tx_timer_system_deactivate.o)
                0x00006a68                _tx_timer_system_deactivate
 .text._tx_initialize_low_level
                0x00006a94       0x88 C:\Users\khurr\e2_studio_latest\workspace\COPJunction\synergy\ssp\src\framework\el\tx\cm4_gcc\libtx.a(tx_initialize_low_level.o)
                0x00006a94                _tx_initialize_low_level
 .text._tx_thread_schedule
                0x00006b1c       0x60 C:\Users\khurr\e2_studio_latest\workspace\COPJunction\synergy\ssp\src\framework\el\tx\cm4_gcc\libtx.a(tx_thread_schedule.o)
                0x00006b1c                _tx_thread_schedule
 .text._tx_port_wait_thread_ready
                0x00006b7c       0xa8 C:\Users\khurr\e2_studio_latest\workspace\COPJunction\synergy\ssp\src\framework\el\tx\cm4_gcc\libtx.a(tx_thread_schedule.o)
                0x00006b7c                _tx_port_wait_thread_ready
 .text.PendSV_Handler
                0x00006c24       0xa8 C:\Users\khurr\e2_studio_latest\workspace\COPJunction\synergy\ssp\src\framework\el\tx\cm4_gcc\libtx.a(tx_thread_schedule.o)
                0x00006c24                PendSV_Handler
 .text.SysTick_Handler
                0x00006ccc        0x4 C:\Users\khurr\e2_studio_latest\workspace\COPJunction\synergy\ssp\src\framework\el\tx\cm4_gcc\libtx.a(tx_thread_schedule.o)
                0x00006ccc                SysTick_Handler
 .text._tx_thread_stack_build
                0x00006cd0       0x50 C:\Users\khurr\e2_studio_latest\workspace\COPJunction\synergy\ssp\src\framework\el\tx\cm4_gcc\libtx.a(tx_thread_stack_build.o)
                0x00006cd0                _tx_thread_stack_build
 .text._tx_timer_interrupt
                0x00006d20       0xc0 C:\Users\khurr\e2_studio_latest\workspace\COPJunction\synergy\ssp\src\framework\el\tx\cm4_gcc\libtx.a(tx_timer_interrupt.o)
                0x00006d20                _tx_timer_interrupt
 .text._tx_semaphore_cleanup
                0x00006de0       0x80 C:\Users\khurr\e2_studio_latest\workspace\COPJunction\synergy\ssp\src\framework\el\tx\cm4_gcc\libtx.a(tx_semaphore_cleanup.o)
                0x00006de0                _tx_semaphore_cleanup
 .text._tx_thread_time_slice
                0x00006e60       0x6c C:\Users\khurr\e2_studio_latest\workspace\COPJunction\synergy\ssp\src\framework\el\tx\cm4_gcc\libtx.a(tx_thread_time_slice.o)
                0x00006e60                _tx_thread_time_slice
 .text._tx_timer_expiration_process
                0x00006ecc      0x104 C:\Users\khurr\e2_studio_latest\workspace\COPJunction\synergy\ssp\src\framework\el\tx\cm4_gcc\libtx.a(tx_timer_expiration_process.o)
                0x00006ecc                _tx_timer_expiration_process
 .text.__errno  0x00006fd0        0xc c:/renesas/synergy/e2studio_v2022-10_ssp_v2.4.0/toolchains/gcc_arm/gcc-arm-none-eabi-10.3-2021.10/bin/../lib/gcc/arm-none-eabi/10.3.1/../../../../arm-none-eabi/lib/thumb/v7e-m+fp/hard\libg_nano.a(lib_a-errno.o)
                0x00006fd0                __errno
 .text.memcpy   0x00006fdc       0x1c c:/renesas/synergy/e2studio_v2022-10_ssp_v2.4.0/toolchains/gcc_arm/gcc-arm-none-eabi-10.3-2021.10/bin/../lib/gcc/arm-none-eabi/10.3.1/../../../../arm-none-eabi/lib/thumb/v7e-m+fp/hard\libg_nano.a(lib_a-memcpy-stub.o)
                0x00006fdc                memcpy
 .text.memset   0x00006ff8       0x10 c:/renesas/synergy/e2studio_v2022-10_ssp_v2.4.0/toolchains/gcc_arm/gcc-arm-none-eabi-10.3-2021.10/bin/../lib/gcc/arm-none-eabi/10.3.1/../../../../arm-none-eabi/lib/thumb/v7e-m+fp/hard\libg_nano.a(lib_a-memset.o)
                0x00006ff8                memset
 .text.srand    0x00007008       0x5c c:/renesas/synergy/e2studio_v2022-10_ssp_v2.4.0/toolchains/gcc_arm/gcc-arm-none-eabi-10.3-2021.10/bin/../lib/gcc/arm-none-eabi/10.3.1/../../../../arm-none-eabi/lib/thumb/v7e-m+fp/hard\libg_nano.a(lib_a-rand.o)
                0x00007008                srand
 .text.__assert_func
                0x00007064       0x3c c:/renesas/synergy/e2studio_v2022-10_ssp_v2.4.0/toolchains/gcc_arm/gcc-arm-none-eabi-10.3-2021.10/bin/../lib/gcc/arm-none-eabi/10.3.1/../../../../arm-none-eabi/lib/thumb/v7e-m+fp/hard\libg_nano.a(lib_a-assert.o)
                0x00007064                __assert_func
 .text.fprintf  0x000070a0       0x24 c:/renesas/synergy/e2studio_v2022-10_ssp_v2.4.0/toolchains/gcc_arm/gcc-arm-none-eabi-10.3-2021.10/bin/../lib/gcc/arm-none-eabi/10.3.1/../../../../arm-none-eabi/lib/thumb/v7e-m+fp/hard\libg_nano.a(lib_a-fprintf.o)
                0x000070a0                fiprintf
                0x000070a0                fprintf
 .text.malloc   0x000070c4       0x10 c:/renesas/synergy/e2studio_v2022-10_ssp_v2.4.0/toolchains/gcc_arm/gcc-arm-none-eabi-10.3-2021.10/bin/../lib/gcc/arm-none-eabi/10.3.1/../../../../arm-none-eabi/lib/thumb/v7e-m+fp/hard\libg_nano.a(lib_a-malloc.o)
                0x000070c4                malloc
 .text._free_r  0x000070d4       0x98 c:/renesas/synergy/e2studio_v2022-10_ssp_v2.4.0/toolchains/gcc_arm/gcc-arm-none-eabi-10.3-2021.10/bin/../lib/gcc/arm-none-eabi/10.3.1/../../../../arm-none-eabi/lib/thumb/v7e-m+fp/hard\libg_nano.a(lib_a-nano-freer.o)
                0x000070d4                _free_r
 .text.sbrk_aligned
                0x0000716c       0x40 c:/renesas/synergy/e2studio_v2022-10_ssp_v2.4.0/toolchains/gcc_arm/gcc-arm-none-eabi-10.3-2021.10/bin/../lib/gcc/arm-none-eabi/10.3.1/../../../../arm-none-eabi/lib/thumb/v7e-m+fp/hard\libg_nano.a(lib_a-nano-mallocr.o)
 .text._malloc_r
                0x000071ac       0xe8 c:/renesas/synergy/e2studio_v2022-10_ssp_v2.4.0/toolchains/gcc_arm/gcc-arm-none-eabi-10.3-2021.10/bin/../lib/gcc/arm-none-eabi/10.3.1/../../../../arm-none-eabi/lib/thumb/v7e-m+fp/hard\libg_nano.a(lib_a-nano-mallocr.o)
                0x000071ac                _malloc_r
 .text.__sfputc_r
                0x00007294       0x2e c:/renesas/synergy/e2studio_v2022-10_ssp_v2.4.0/toolchains/gcc_arm/gcc-arm-none-eabi-10.3-2021.10/bin/../lib/gcc/arm-none-eabi/10.3.1/../../../../arm-none-eabi/lib/thumb/v7e-m+fp/hard\libg_nano.a(lib_a-nano-vfprintf.o)
 .text.__sfputs_r
                0x000072c2       0x24 c:/renesas/synergy/e2studio_v2022-10_ssp_v2.4.0/toolchains/gcc_arm/gcc-arm-none-eabi-10.3-2021.10/bin/../lib/gcc/arm-none-eabi/10.3.1/../../../../arm-none-eabi/lib/thumb/v7e-m+fp/hard\libg_nano.a(lib_a-nano-vfprintf.o)
                0x000072c2                __sfputs_r
 *fill*         0x000072e6        0x2 ff
 .text._vfprintf_r
                0x000072e8      0x260 c:/renesas/synergy/e2studio_v2022-10_ssp_v2.4.0/toolchains/gcc_arm/gcc-arm-none-eabi-10.3-2021.10/bin/../lib/gcc/arm-none-eabi/10.3.1/../../../../arm-none-eabi/lib/thumb/v7e-m+fp/hard\libg_nano.a(lib_a-nano-vfprintf.o)
                0x000072e8                _vfprintf_r
                0x000072e8                _vfiprintf_r
 .text._printf_common
                0x00007548       0xda c:/renesas/synergy/e2studio_v2022-10_ssp_v2.4.0/toolchains/gcc_arm/gcc-arm-none-eabi-10.3-2021.10/bin/../lib/gcc/arm-none-eabi/10.3.1/../../../../arm-none-eabi/lib/thumb/v7e-m+fp/hard\libg_nano.a(lib_a-nano-vfprintf_i.o)
                0x00007548                _printf_common
 *fill*         0x00007622        0x2 ff
 .text._printf_i
                0x00007624      0x24c c:/renesas/synergy/e2studio_v2022-10_ssp_v2.4.0/toolchains/gcc_arm/gcc-arm-none-eabi-10.3-2021.10/bin/../lib/gcc/arm-none-eabi/10.3.1/../../../../arm-none-eabi/lib/thumb/v7e-m+fp/hard\libg_nano.a(lib_a-nano-vfprintf_i.o)
                0x00007624                _printf_i
 .text._sbrk_r  0x00007870       0x20 c:/renesas/synergy/e2studio_v2022-10_ssp_v2.4.0/toolchains/gcc_arm/gcc-arm-none-eabi-10.3-2021.10/bin/../lib/gcc/arm-none-eabi/10.3.1/../../../../arm-none-eabi/lib/thumb/v7e-m+fp/hard\libg_nano.a(lib_a-sbrkr.o)
                0x00007870                _sbrk_r
 .text.__swbuf_r
                0x00007890       0xa4 c:/renesas/synergy/e2studio_v2022-10_ssp_v2.4.0/toolchains/gcc_arm/gcc-arm-none-eabi-10.3-2021.10/bin/../lib/gcc/arm-none-eabi/10.3.1/../../../../arm-none-eabi/lib/thumb/v7e-m+fp/hard\libg_nano.a(lib_a-wbuf.o)
                0x00007890                __swbuf_r
 .text.__swsetup_r
                0x00007934       0xdc c:/renesas/synergy/e2studio_v2022-10_ssp_v2.4.0/toolchains/gcc_arm/gcc-arm-none-eabi-10.3-2021.10/bin/../lib/gcc/arm-none-eabi/10.3.1/../../../../arm-none-eabi/lib/thumb/v7e-m+fp/hard\libg_nano.a(lib_a-wsetup.o)
                0x00007934                __swsetup_r
 .text.abort    0x00007a10        0xe c:/renesas/synergy/e2studio_v2022-10_ssp_v2.4.0/toolchains/gcc_arm/gcc-arm-none-eabi-10.3-2021.10/bin/../lib/gcc/arm-none-eabi/10.3.1/../../../../arm-none-eabi/lib/thumb/v7e-m+fp/hard\libg_nano.a(lib_a-abort.o)
                0x00007a10                abort
 *fill*         0x00007a1e        0x2 ff
 .text.__sflush_r
                0x00007a20      0x10c c:/renesas/synergy/e2studio_v2022-10_ssp_v2.4.0/toolchains/gcc_arm/gcc-arm-none-eabi-10.3-2021.10/bin/../lib/gcc/arm-none-eabi/10.3.1/../../../../arm-none-eabi/lib/thumb/v7e-m+fp/hard\libg_nano.a(lib_a-fflush.o)
                0x00007a20                __sflush_r
 .text._fflush_r
                0x00007b2c       0x78 c:/renesas/synergy/e2studio_v2022-10_ssp_v2.4.0/toolchains/gcc_arm/gcc-arm-none-eabi-10.3-2021.10/bin/../lib/gcc/arm-none-eabi/10.3.1/../../../../arm-none-eabi/lib/thumb/v7e-m+fp/hard\libg_nano.a(lib_a-fflush.o)
                0x00007b2c                _fflush_r
 .text.std      0x00007ba4       0x48 c:/renesas/synergy/e2studio_v2022-10_ssp_v2.4.0/toolchains/gcc_arm/gcc-arm-none-eabi-10.3-2021.10/bin/../lib/gcc/arm-none-eabi/10.3.1/../../../../arm-none-eabi/lib/thumb/v7e-m+fp/hard\libg_nano.a(lib_a-findfp.o)
 .text._cleanup_r
                0x00007bec        0xc c:/renesas/synergy/e2studio_v2022-10_ssp_v2.4.0/toolchains/gcc_arm/gcc-arm-none-eabi-10.3-2021.10/bin/../lib/gcc/arm-none-eabi/10.3.1/../../../../arm-none-eabi/lib/thumb/v7e-m+fp/hard\libg_nano.a(lib_a-findfp.o)
                0x00007bec                _cleanup_r
 .text.__sfmoreglue
                0x00007bf8       0x2c c:/renesas/synergy/e2studio_v2022-10_ssp_v2.4.0/toolchains/gcc_arm/gcc-arm-none-eabi-10.3-2021.10/bin/../lib/gcc/arm-none-eabi/10.3.1/../../../../arm-none-eabi/lib/thumb/v7e-m+fp/hard\libg_nano.a(lib_a-findfp.o)
                0x00007bf8                __sfmoreglue
 .text.__sfp_lock_acquire
                0x00007c24        0xc c:/renesas/synergy/e2studio_v2022-10_ssp_v2.4.0/toolchains/gcc_arm/gcc-arm-none-eabi-10.3-2021.10/bin/../lib/gcc/arm-none-eabi/10.3.1/../../../../arm-none-eabi/lib/thumb/v7e-m+fp/hard\libg_nano.a(lib_a-findfp.o)
                0x00007c24                __sfp_lock_acquire
 .text.__sfp_lock_release
                0x00007c30        0xc c:/renesas/synergy/e2studio_v2022-10_ssp_v2.4.0/toolchains/gcc_arm/gcc-arm-none-eabi-10.3-2021.10/bin/../lib/gcc/arm-none-eabi/10.3.1/../../../../arm-none-eabi/lib/thumb/v7e-m+fp/hard\libg_nano.a(lib_a-findfp.o)
                0x00007c30                __sfp_lock_release
 .text.__sinit_lock_acquire
                0x00007c3c        0xc c:/renesas/synergy/e2studio_v2022-10_ssp_v2.4.0/toolchains/gcc_arm/gcc-arm-none-eabi-10.3-2021.10/bin/../lib/gcc/arm-none-eabi/10.3.1/../../../../arm-none-eabi/lib/thumb/v7e-m+fp/hard\libg_nano.a(lib_a-findfp.o)
                0x00007c3c                __sinit_lock_acquire
 .text.__sinit_lock_release
                0x00007c48        0xc c:/renesas/synergy/e2studio_v2022-10_ssp_v2.4.0/toolchains/gcc_arm/gcc-arm-none-eabi-10.3-2021.10/bin/../lib/gcc/arm-none-eabi/10.3.1/../../../../arm-none-eabi/lib/thumb/v7e-m+fp/hard\libg_nano.a(lib_a-findfp.o)
                0x00007c48                __sinit_lock_release
 .text.__sinit  0x00007c54       0x70 c:/renesas/synergy/e2studio_v2022-10_ssp_v2.4.0/toolchains/gcc_arm/gcc-arm-none-eabi-10.3-2021.10/bin/../lib/gcc/arm-none-eabi/10.3.1/../../../../arm-none-eabi/lib/thumb/v7e-m+fp/hard\libg_nano.a(lib_a-findfp.o)
                0x00007c54                __sinit
 .text.__sfp    0x00007cc4       0x8c c:/renesas/synergy/e2studio_v2022-10_ssp_v2.4.0/toolchains/gcc_arm/gcc-arm-none-eabi-10.3-2021.10/bin/../lib/gcc/arm-none-eabi/10.3.1/../../../../arm-none-eabi/lib/thumb/v7e-m+fp/hard\libg_nano.a(lib_a-findfp.o)
                0x00007cc4                __sfp
 .text._fwalk_reent
                0x00007d50       0x3e c:/renesas/synergy/e2studio_v2022-10_ssp_v2.4.0/toolchains/gcc_arm/gcc-arm-none-eabi-10.3-2021.10/bin/../lib/gcc/arm-none-eabi/10.3.1/../../../../arm-none-eabi/lib/thumb/v7e-m+fp/hard\libg_nano.a(lib_a-fwalk.o)
                0x00007d50                _fwalk_reent
 .text.__retarget_lock_init_recursive
                0x00007d8e        0x2 c:/renesas/synergy/e2studio_v2022-10_ssp_v2.4.0/toolchains/gcc_arm/gcc-arm-none-eabi-10.3-2021.10/bin/../lib/gcc/arm-none-eabi/10.3.1/../../../../arm-none-eabi/lib/thumb/v7e-m+fp/hard\libg_nano.a(lib_a-lock.o)
                0x00007d8e                __retarget_lock_init_recursive
 .text.__retarget_lock_acquire_recursive
                0x00007d90        0x2 c:/renesas/synergy/e2studio_v2022-10_ssp_v2.4.0/toolchains/gcc_arm/gcc-arm-none-eabi-10.3-2021.10/bin/../lib/gcc/arm-none-eabi/10.3.1/../../../../arm-none-eabi/lib/thumb/v7e-m+fp/hard\libg_nano.a(lib_a-lock.o)
                0x00007d90                __retarget_lock_acquire_recursive
 .text.__retarget_lock_release_recursive
                0x00007d92        0x2 c:/renesas/synergy/e2studio_v2022-10_ssp_v2.4.0/toolchains/gcc_arm/gcc-arm-none-eabi-10.3-2021.10/bin/../lib/gcc/arm-none-eabi/10.3.1/../../../../arm-none-eabi/lib/thumb/v7e-m+fp/hard\libg_nano.a(lib_a-lock.o)
                0x00007d92                __retarget_lock_release_recursive
 .text.__swhatbuf_r
                0x00007d94       0x4a c:/renesas/synergy/e2studio_v2022-10_ssp_v2.4.0/toolchains/gcc_arm/gcc-arm-none-eabi-10.3-2021.10/bin/../lib/gcc/arm-none-eabi/10.3.1/../../../../arm-none-eabi/lib/thumb/v7e-m+fp/hard\libg_nano.a(lib_a-makebuf.o)
                0x00007d94                __swhatbuf_r
 *fill*         0x00007dde        0x2 ff
 .text.__smakebuf_r
                0x00007de0       0x80 c:/renesas/synergy/e2studio_v2022-10_ssp_v2.4.0/toolchains/gcc_arm/gcc-arm-none-eabi-10.3-2021.10/bin/../lib/gcc/arm-none-eabi/10.3.1/../../../../arm-none-eabi/lib/thumb/v7e-m+fp/hard\libg_nano.a(lib_a-makebuf.o)
                0x00007de0                __smakebuf_r
 .text          0x00007e60       0xa0 c:/renesas/synergy/e2studio_v2022-10_ssp_v2.4.0/toolchains/gcc_arm/gcc-arm-none-eabi-10.3-2021.10/bin/../lib/gcc/arm-none-eabi/10.3.1/../../../../arm-none-eabi/lib/thumb/v7e-m+fp/hard\libg_nano.a(lib_a-memchr.o)
                0x00007e60                memchr
 .text.__malloc_lock
                0x00007f00        0xc c:/renesas/synergy/e2studio_v2022-10_ssp_v2.4.0/toolchains/gcc_arm/gcc-arm-none-eabi-10.3-2021.10/bin/../lib/gcc/arm-none-eabi/10.3.1/../../../../arm-none-eabi/lib/thumb/v7e-m+fp/hard\libg_nano.a(lib_a-mlock.o)
                0x00007f00                __malloc_lock
 .text.__malloc_unlock
                0x00007f0c        0xc c:/renesas/synergy/e2studio_v2022-10_ssp_v2.4.0/toolchains/gcc_arm/gcc-arm-none-eabi-10.3-2021.10/bin/../lib/gcc/arm-none-eabi/10.3.1/../../../../arm-none-eabi/lib/thumb/v7e-m+fp/hard\libg_nano.a(lib_a-mlock.o)
                0x00007f0c                __malloc_unlock
 .text._raise_r
                0x00007f18       0x50 c:/renesas/synergy/e2studio_v2022-10_ssp_v2.4.0/toolchains/gcc_arm/gcc-arm-none-eabi-10.3-2021.10/bin/../lib/gcc/arm-none-eabi/10.3.1/../../../../arm-none-eabi/lib/thumb/v7e-m+fp/hard\libg_nano.a(lib_a-signal.o)
                0x00007f18                _raise_r
 .text.raise    0x00007f68       0x10 c:/renesas/synergy/e2studio_v2022-10_ssp_v2.4.0/toolchains/gcc_arm/gcc-arm-none-eabi-10.3-2021.10/bin/../lib/gcc/arm-none-eabi/10.3.1/../../../../arm-none-eabi/lib/thumb/v7e-m+fp/hard\libg_nano.a(lib_a-signal.o)
                0x00007f68                raise
 .text._kill_r  0x00007f78       0x24 c:/renesas/synergy/e2studio_v2022-10_ssp_v2.4.0/toolchains/gcc_arm/gcc-arm-none-eabi-10.3-2021.10/bin/../lib/gcc/arm-none-eabi/10.3.1/../../../../arm-none-eabi/lib/thumb/v7e-m+fp/hard\libg_nano.a(lib_a-signalr.o)
                0x00007f78                _kill_r
 .text._getpid_r
                0x00007f9c        0x4 c:/renesas/synergy/e2studio_v2022-10_ssp_v2.4.0/toolchains/gcc_arm/gcc-arm-none-eabi-10.3-2021.10/bin/../lib/gcc/arm-none-eabi/10.3.1/../../../../arm-none-eabi/lib/thumb/v7e-m+fp/hard\libg_nano.a(lib_a-signalr.o)
                0x00007f9c                _getpid_r
 .text.__sread  0x00007fa0       0x22 c:/renesas/synergy/e2studio_v2022-10_ssp_v2.4.0/toolchains/gcc_arm/gcc-arm-none-eabi-10.3-2021.10/bin/../lib/gcc/arm-none-eabi/10.3.1/../../../../arm-none-eabi/lib/thumb/v7e-m+fp/hard\libg_nano.a(lib_a-stdio.o)
                0x00007fa0                __sread
 .text.__swrite
                0x00007fc2       0x38 c:/renesas/synergy/e2studio_v2022-10_ssp_v2.4.0/toolchains/gcc_arm/gcc-arm-none-eabi-10.3-2021.10/bin/../lib/gcc/arm-none-eabi/10.3.1/../../../../arm-none-eabi/lib/thumb/v7e-m+fp/hard\libg_nano.a(lib_a-stdio.o)
                0x00007fc2                __swrite
 .text.__sseek  0x00007ffa       0x24 c:/renesas/synergy/e2studio_v2022-10_ssp_v2.4.0/toolchains/gcc_arm/gcc-arm-none-eabi-10.3-2021.10/bin/../lib/gcc/arm-none-eabi/10.3.1/../../../../arm-none-eabi/lib/thumb/v7e-m+fp/hard\libg_nano.a(lib_a-stdio.o)
                0x00007ffa                __sseek
 .text.__sclose
                0x0000801e        0x8 c:/renesas/synergy/e2studio_v2022-10_ssp_v2.4.0/toolchains/gcc_arm/gcc-arm-none-eabi-10.3-2021.10/bin/../lib/gcc/arm-none-eabi/10.3.1/../../../../arm-none-eabi/lib/thumb/v7e-m+fp/hard\libg_nano.a(lib_a-stdio.o)
                0x0000801e                __sclose
 *fill*         0x00008026        0x2 ff
 .text._write_r
                0x00008028       0x24 c:/renesas/synergy/e2studio_v2022-10_ssp_v2.4.0/toolchains/gcc_arm/gcc-arm-none-eabi-10.3-2021.10/bin/../lib/gcc/arm-none-eabi/10.3.1/../../../../arm-none-eabi/lib/thumb/v7e-m+fp/hard\libg_nano.a(lib_a-writer.o)
                0x00008028                _write_r
 .text._close_r
                0x0000804c       0x20 c:/renesas/synergy/e2studio_v2022-10_ssp_v2.4.0/toolchains/gcc_arm/gcc-arm-none-eabi-10.3-2021.10/bin/../lib/gcc/arm-none-eabi/10.3.1/../../../../arm-none-eabi/lib/thumb/v7e-m+fp/hard\libg_nano.a(lib_a-closer.o)
                0x0000804c                _close_r
 .text._fstat_r
                0x0000806c       0x24 c:/renesas/synergy/e2studio_v2022-10_ssp_v2.4.0/toolchains/gcc_arm/gcc-arm-none-eabi-10.3-2021.10/bin/../lib/gcc/arm-none-eabi/10.3.1/../../../../arm-none-eabi/lib/thumb/v7e-m+fp/hard\libg_nano.a(lib_a-fstatr.o)
                0x0000806c                _fstat_r
 .text._isatty_r
                0x00008090       0x20 c:/renesas/synergy/e2studio_v2022-10_ssp_v2.4.0/toolchains/gcc_arm/gcc-arm-none-eabi-10.3-2021.10/bin/../lib/gcc/arm-none-eabi/10.3.1/../../../../arm-none-eabi/lib/thumb/v7e-m+fp/hard\libg_nano.a(lib_a-isattyr.o)
                0x00008090                _isatty_r
 .text._lseek_r
                0x000080b0       0x24 c:/renesas/synergy/e2studio_v2022-10_ssp_v2.4.0/toolchains/gcc_arm/gcc-arm-none-eabi-10.3-2021.10/bin/../lib/gcc/arm-none-eabi/10.3.1/../../../../arm-none-eabi/lib/thumb/v7e-m+fp/hard\libg_nano.a(lib_a-lseekr.o)
                0x000080b0                _lseek_r
 .text._read_r  0x000080d4       0x24 c:/renesas/synergy/e2studio_v2022-10_ssp_v2.4.0/toolchains/gcc_arm/gcc-arm-none-eabi-10.3-2021.10/bin/../lib/gcc/arm-none-eabi/10.3.1/../../../../arm-none-eabi/lib/thumb/v7e-m+fp/hard\libg_nano.a(lib_a-readr.o)
                0x000080d4                _read_r
 .text.findslot
                0x000080f8       0x34 c:/renesas/synergy/e2studio_v2022-10_ssp_v2.4.0/toolchains/gcc_arm/gcc-arm-none-eabi-10.3-2021.10/bin/../lib/gcc/arm-none-eabi/10.3.1/../../../../arm-none-eabi/lib/thumb/v7e-m+fp/hard\librdimon_nano.a(rdimon-syscalls.o)
 .text.error    0x0000812c       0x1c c:/renesas/synergy/e2studio_v2022-10_ssp_v2.4.0/toolchains/gcc_arm/gcc-arm-none-eabi-10.3-2021.10/bin/../lib/gcc/arm-none-eabi/10.3.1/../../../../arm-none-eabi/lib/thumb/v7e-m+fp/hard\librdimon_nano.a(rdimon-syscalls.o)
 .text.checkerror
                0x00008148        0xa c:/renesas/synergy/e2studio_v2022-10_ssp_v2.4.0/toolchains/gcc_arm/gcc-arm-none-eabi-10.3-2021.10/bin/../lib/gcc/arm-none-eabi/10.3.1/../../../../arm-none-eabi/lib/thumb/v7e-m+fp/hard\librdimon_nano.a(rdimon-syscalls.o)
 .text._swiread
                0x00008152       0x20 c:/renesas/synergy/e2studio_v2022-10_ssp_v2.4.0/toolchains/gcc_arm/gcc-arm-none-eabi-10.3-2021.10/bin/../lib/gcc/arm-none-eabi/10.3.1/../../../../arm-none-eabi/lib/thumb/v7e-m+fp/hard\librdimon_nano.a(rdimon-syscalls.o)
                0x00008152                _swiread
 .text._read    0x00008172       0x38 c:/renesas/synergy/e2studio_v2022-10_ssp_v2.4.0/toolchains/gcc_arm/gcc-arm-none-eabi-10.3-2021.10/bin/../lib/gcc/arm-none-eabi/10.3.1/../../../../arm-none-eabi/lib/thumb/v7e-m+fp/hard\librdimon_nano.a(rdimon-syscalls.o)
                0x00008172                _read
 .text._swilseek
                0x000081aa       0x78 c:/renesas/synergy/e2studio_v2022-10_ssp_v2.4.0/toolchains/gcc_arm/gcc-arm-none-eabi-10.3-2021.10/bin/../lib/gcc/arm-none-eabi/10.3.1/../../../../arm-none-eabi/lib/thumb/v7e-m+fp/hard\librdimon_nano.a(rdimon-syscalls.o)
                0x000081aa                _swilseek
 .text._lseek   0x00008222        0x4 c:/renesas/synergy/e2studio_v2022-10_ssp_v2.4.0/toolchains/gcc_arm/gcc-arm-none-eabi-10.3-2021.10/bin/../lib/gcc/arm-none-eabi/10.3.1/../../../../arm-none-eabi/lib/thumb/v7e-m+fp/hard\librdimon_nano.a(rdimon-syscalls.o)
                0x00008222                _lseek
 .text._swiwrite
                0x00008226       0x20 c:/renesas/synergy/e2studio_v2022-10_ssp_v2.4.0/toolchains/gcc_arm/gcc-arm-none-eabi-10.3-2021.10/bin/../lib/gcc/arm-none-eabi/10.3.1/../../../../arm-none-eabi/lib/thumb/v7e-m+fp/hard\librdimon_nano.a(rdimon-syscalls.o)
                0x00008226                _swiwrite
 .text._write   0x00008246       0x48 c:/renesas/synergy/e2studio_v2022-10_ssp_v2.4.0/toolchains/gcc_arm/gcc-arm-none-eabi-10.3-2021.10/bin/../lib/gcc/arm-none-eabi/10.3.1/../../../../arm-none-eabi/lib/thumb/v7e-m+fp/hard\librdimon_nano.a(rdimon-syscalls.o)
                0x00008246                _write
 .text._swiclose
                0x0000828e       0x1a c:/renesas/synergy/e2studio_v2022-10_ssp_v2.4.0/toolchains/gcc_arm/gcc-arm-none-eabi-10.3-2021.10/bin/../lib/gcc/arm-none-eabi/10.3.1/../../../../arm-none-eabi/lib/thumb/v7e-m+fp/hard\librdimon_nano.a(rdimon-syscalls.o)
                0x0000828e                _swiclose
 .text._close   0x000082a8       0x4c c:/renesas/synergy/e2studio_v2022-10_ssp_v2.4.0/toolchains/gcc_arm/gcc-arm-none-eabi-10.3-2021.10/bin/../lib/gcc/arm-none-eabi/10.3.1/../../../../arm-none-eabi/lib/thumb/v7e-m+fp/hard\librdimon_nano.a(rdimon-syscalls.o)
                0x000082a8                _close
 .text._getpid  0x000082f4        0x4 c:/renesas/synergy/e2studio_v2022-10_ssp_v2.4.0/toolchains/gcc_arm/gcc-arm-none-eabi-10.3-2021.10/bin/../lib/gcc/arm-none-eabi/10.3.1/../../../../arm-none-eabi/lib/thumb/v7e-m+fp/hard\librdimon_nano.a(rdimon-syscalls.o)
                0x000082f4                _getpid
 .text._swistat
                0x000082f8       0x42 c:/renesas/synergy/e2studio_v2022-10_ssp_v2.4.0/toolchains/gcc_arm/gcc-arm-none-eabi-10.3-2021.10/bin/../lib/gcc/arm-none-eabi/10.3.1/../../../../arm-none-eabi/lib/thumb/v7e-m+fp/hard\librdimon_nano.a(rdimon-syscalls.o)
                0x000082f8                _swistat
 .text._fstat   0x0000833a       0x1c c:/renesas/synergy/e2studio_v2022-10_ssp_v2.4.0/toolchains/gcc_arm/gcc-arm-none-eabi-10.3-2021.10/bin/../lib/gcc/arm-none-eabi/10.3.1/../../../../arm-none-eabi/lib/thumb/v7e-m+fp/hard\librdimon_nano.a(rdimon-syscalls.o)
                0x0000833a                _fstat
 .text._stat    0x00008356       0x3a c:/renesas/synergy/e2studio_v2022-10_ssp_v2.4.0/toolchains/gcc_arm/gcc-arm-none-eabi-10.3-2021.10/bin/../lib/gcc/arm-none-eabi/10.3.1/../../../../arm-none-eabi/lib/thumb/v7e-m+fp/hard\librdimon_nano.a(rdimon-syscalls.o)
                0x00008356                _stat
 .text._swiopen
                0x00008390       0xb4 c:/renesas/synergy/e2studio_v2022-10_ssp_v2.4.0/toolchains/gcc_arm/gcc-arm-none-eabi-10.3-2021.10/bin/../lib/gcc/arm-none-eabi/10.3.1/../../../../arm-none-eabi/lib/thumb/v7e-m+fp/hard\librdimon_nano.a(rdimon-syscalls.o)
                0x00008390                _swiopen
 .text._get_semihosting_exts
                0x00008444       0xb8 c:/renesas/synergy/e2studio_v2022-10_ssp_v2.4.0/toolchains/gcc_arm/gcc-arm-none-eabi-10.3-2021.10/bin/../lib/gcc/arm-none-eabi/10.3.1/../../../../arm-none-eabi/lib/thumb/v7e-m+fp/hard\librdimon_nano.a(rdimon-syscalls.o)
                0x00008444                _get_semihosting_exts
 .text.initialise_semihosting_exts
                0x000084fc       0x34 c:/renesas/synergy/e2studio_v2022-10_ssp_v2.4.0/toolchains/gcc_arm/gcc-arm-none-eabi-10.3-2021.10/bin/../lib/gcc/arm-none-eabi/10.3.1/../../../../arm-none-eabi/lib/thumb/v7e-m+fp/hard\librdimon_nano.a(rdimon-syscalls.o)
 .text._has_ext_exit_extended
                0x00008530       0x18 c:/renesas/synergy/e2studio_v2022-10_ssp_v2.4.0/toolchains/gcc_arm/gcc-arm-none-eabi-10.3-2021.10/bin/../lib/gcc/arm-none-eabi/10.3.1/../../../../arm-none-eabi/lib/thumb/v7e-m+fp/hard\librdimon_nano.a(rdimon-syscalls.o)
                0x00008530                _has_ext_exit_extended
 .text._isatty  0x00008548       0x38 c:/renesas/synergy/e2studio_v2022-10_ssp_v2.4.0/toolchains/gcc_arm/gcc-arm-none-eabi-10.3-2021.10/bin/../lib/gcc/arm-none-eabi/10.3.1/../../../../arm-none-eabi/lib/thumb/v7e-m+fp/hard\librdimon_nano.a(rdimon-syscalls.o)
                0x00008548                _isatty
 .text._exit    0x00008580       0x14 c:/renesas/synergy/e2studio_v2022-10_ssp_v2.4.0/toolchains/gcc_arm/gcc-arm-none-eabi-10.3-2021.10/bin/../lib/gcc/arm-none-eabi/10.3.1/../../../../arm-none-eabi/lib/thumb/v7e-m+fp/hard\librdimon_nano.a(rdimon-_exit.o)
                0x00008580                _exit
 .text._kill_shared
                0x00008594       0x26 c:/renesas/synergy/e2studio_v2022-10_ssp_v2.4.0/toolchains/gcc_arm/gcc-arm-none-eabi-10.3-2021.10/bin/../lib/gcc/arm-none-eabi/10.3.1/../../../../arm-none-eabi/lib/thumb/v7e-m+fp/hard\librdimon_nano.a(rdimon-_kill.o)
                0x00008594                _kill_shared
 *fill*         0x000085ba        0x2 ff
 .text._kill    0x000085bc       0x18 c:/renesas/synergy/e2studio_v2022-10_ssp_v2.4.0/toolchains/gcc_arm/gcc-arm-none-eabi-10.3-2021.10/bin/../lib/gcc/arm-none-eabi/10.3.1/../../../../arm-none-eabi/lib/thumb/v7e-m+fp/hard\librdimon_nano.a(rdimon-_kill.o)
                0x000085bc                _kill
 .text          0x000085d4       0x10 c:/renesas/synergy/e2studio_v2022-10_ssp_v2.4.0/toolchains/gcc_arm/gcc-arm-none-eabi-10.3-2021.10/bin/../lib/gcc/arm-none-eabi/10.3.1/../../../../arm-none-eabi/lib/thumb/v7e-m+fp/hard\libc_nano.a(lib_a-strlen.o)
                0x000085d4                strlen
 *(.version)
 .version       0x000085e4       0x7c ./synergy/ssp/src/bsp/mcu/all/bsp_common.o
 *(.init)
 .init          0x00008660        0x4 c:/renesas/synergy/e2studio_v2022-10_ssp_v2.4.0/toolchains/gcc_arm/gcc-arm-none-eabi-10.3-2021.10/bin/../lib/gcc/arm-none-eabi/10.3.1/thumb/v7e-m+fp/hard/crti.o
                0x00008660                _init
 .init          0x00008664        0x8 c:/renesas/synergy/e2studio_v2022-10_ssp_v2.4.0/toolchains/gcc_arm/gcc-arm-none-eabi-10.3-2021.10/bin/../lib/gcc/arm-none-eabi/10.3.1/thumb/v7e-m+fp/hard/crtn.o
 *(.fini)
 .fini          0x0000866c        0x4 c:/renesas/synergy/e2studio_v2022-10_ssp_v2.4.0/toolchains/gcc_arm/gcc-arm-none-eabi-10.3-2021.10/bin/../lib/gcc/arm-none-eabi/10.3.1/thumb/v7e-m+fp/hard/crti.o
                0x0000866c                _fini
 .fini          0x00008670        0x8 c:/renesas/synergy/e2studio_v2022-10_ssp_v2.4.0/toolchains/gcc_arm/gcc-arm-none-eabi-10.3-2021.10/bin/../lib/gcc/arm-none-eabi/10.3.1/thumb/v7e-m+fp/hard/crtn.o
 *crtbegin.o(.ctors)
 *crtbegin?.o(.ctors)
 *(EXCLUDE_FILE(*crtend.o *crtend?.o) .ctors)
 *(SORT_BY_NAME(.ctors.*))
 *(.ctors)
 *crtbegin.o(.dtors)
 *crtbegin?.o(.dtors)
 *(EXCLUDE_FILE(*crtend.o *crtend?.o) .dtors)
 *(SORT_BY_NAME(.dtors.*))
 *(.dtors)
 *(.rodata*)
 .rodata.g_ioport_on_ioport
                0x00008678       0x3c ./synergy/ssp/src/driver/r_ioport/r_ioport.o
                0x00008678                g_ioport_on_ioport
 .rodata.g_elc_on_elc
                0x000086b4       0x1c ./synergy/ssp/src/driver/r_elc/r_elc.o
                0x000086b4                g_elc_on_elc
 .rodata.g_cgc_on_cgc
                0x000086d0       0x6c ./synergy/ssp/src/driver/r_cgc/r_cgc.o
                0x000086d0                g_cgc_on_cgc
 .rodata.g_lcd_clock_settings
                0x0000873c        0x6 ./synergy/ssp/src/driver/r_cgc/r_cgc.o
 *fill*         0x00008742        0x2 ff
 .rodata.g_pllccr2_div_setting
                0x00008744        0x8 ./synergy/ssp/src/driver/r_cgc/r_cgc.o
 .rodata.g_pllccr2_div_value
                0x0000874c        0x6 ./synergy/ssp/src/driver/r_cgc/r_cgc.o
 *fill*         0x00008752        0x2 ff
 .rodata.g_pllccr_div_setting
                0x00008754        0x6 ./synergy/ssp/src/driver/r_cgc/r_cgc.o
 *fill*         0x0000875a        0x2 ff
 .rodata.g_pllccr_div_value
                0x0000875c        0x6 ./synergy/ssp/src/driver/r_cgc/r_cgc.o
 *fill*         0x00008762        0x2 ff
 .rodata.g_can_on_can
                0x00008764       0x1c ./synergy/ssp/src/driver/r_can/r_can.o
                0x00008764                g_can_on_can
 .rodata.g_adc_on_adc
                0x00008780       0x34 ./synergy/ssp/src/driver/r_adc/r_adc.o
                0x00008780                g_adc_on_adc
 .rodata.g_cgc_feature
                0x000087b4       0x2c ./synergy/ssp/src/bsp/mcu/s3a7/bsp_feature.o
 .rodata.g_bsp_module_stop
                0x000087e0       0x46 ./synergy/ssp/src/bsp/mcu/s3a7/bsp_module_stop.o
 *fill*         0x00008826        0x2 ff
 .rodata.gp_mstp
                0x00008828       0x10 ./synergy/ssp/src/bsp/mcu/s3a7/bsp_module_stop.o
 .rodata.gp_vector_information
                0x00008838        0x4 ./synergy/ssp/src/bsp/mcu/all/bsp_irq.o
                0x00008838                gp_vector_information
 .rodata.g_prcr_masks
                0x0000883c        0x6 ./synergy/ssp/src/bsp/mcu/all/bsp_register_protection.o
 *fill*         0x00008842        0x2 ff
 .rodata.g_elc_cfg
                0x00008844        0xc ./synergy/ssp/src/bsp/cmsis/Device/RENESAS/S3A7/Source/system_S3A7.o
 .rodata.adc_thread_create.str1.4
                0x00008850        0xb ./src/synergy_gen/adc_thread.o
 *fill*         0x0000885b        0x1 ff
 .rodata.g_adc0
                0x0000885c       0x10 ./src/synergy_gen/adc_thread.o
                0x0000885c                g_adc0
 .rodata.g_adc0_cfg
                0x0000886c       0x24 ./src/synergy_gen/adc_thread.o
                0x0000886c                g_adc0_cfg
 .rodata.g_adc0_channel_cfg
                0x00008890       0x14 ./src/synergy_gen/adc_thread.o
                0x00008890                g_adc0_channel_cfg
 .rodata.can_thread_create.str1.4
                0x000088a4        0xb ./src/synergy_gen/can_thread.o
 *fill*         0x000088af        0x1 ff
 .rodata.g_can0
                0x000088b0        0xc ./src/synergy_gen/can_thread.o
                0x000088b0                g_can0
 .rodata.g_can0_cfg
                0x000088bc       0x28 ./src/synergy_gen/can_thread.o
 .rodata.g_can0_extended_cfg
                0x000088e4        0x8 ./src/synergy_gen/can_thread.o
 .rodata.g_ioport
                0x000088ec        0x8 ./src/synergy_gen/common_data.o
                0x000088ec                g_ioport
 .rodata.drv_thread_create.str1.4
                0x000088f4        0xd ./src/synergy_gen/drv_thread.o
 *fill*         0x00008901        0x3 ff
 .rodata.lcd_thread_create.str1.4
                0x00008904        0xb ./src/synergy_gen/lcd_thread.o
 *fill*         0x0000890f        0x1 ff
 .rodata.tx_application_define.str1.4
                0x00008910       0x14 ./src/synergy_gen/main.o
 .rodata.g_bsp_pin_cfg
                0x00008924        0x8 ./src/synergy_gen/pin_data.o
                0x00008924                g_bsp_pin_cfg
 .rodata.g_bsp_pin_cfg_data
                0x0000892c      0x118 ./src/synergy_gen/pin_data.o
                0x0000892c                g_bsp_pin_cfg_data
 .rodata.status_led_create.str1.4
                0x00008a44        0xb ./src/synergy_gen/status_led.o
 *fill*         0x00008a4f        0x1 ff
 .rodata.lcd_thread_entry.str1.4
                0x00008a50       0x64 ./src/lcd_thread_entry.o
 .rodata.bit_count
                0x00008ab4       0x80 C:\Users\khurr\e2_studio_latest\workspace\COPJunction\synergy\ssp\src\driver\r_fmi\libs\libfmi_cm4_s3a7_gcc.a(r_fmi.o)
 .rodata.bit_count_mask
                0x00008b34        0x8 C:\Users\khurr\e2_studio_latest\workspace\COPJunction\synergy\ssp\src\driver\r_fmi\libs\libfmi_cm4_s3a7_gcc.a(r_fmi.o)
 .rodata.g_fmi_on_fmi
                0x00008b3c       0x18 C:\Users\khurr\e2_studio_latest\workspace\COPJunction\synergy\ssp\src\driver\r_fmi\libs\libfmi_cm4_s3a7_gcc.a(r_fmi.o)
                0x00008b3c                g_fmi_on_fmi
 .rodata.g_fmi_data
                0x00008b54      0x400 C:\Users\khurr\e2_studio_latest\workspace\COPJunction\synergy\ssp\src\bsp\mcu\s3a7\libfmi_R7FS3A77C3A01CFM_gcc.a(bsp_fmi_R7FS3A77C3A01CFM.o)
                0x00008b54                g_fmi_data
 .rodata._global_impure_ptr
                0x00008f54        0x4 c:/renesas/synergy/e2studio_v2022-10_ssp_v2.4.0/toolchains/gcc_arm/gcc-arm-none-eabi-10.3-2021.10/bin/../lib/gcc/arm-none-eabi/10.3.1/../../../../arm-none-eabi/lib/thumb/v7e-m+fp/hard\libg_nano.a(lib_a-impure.o)
                0x00008f54                _global_impure_ptr
 .rodata.srand.str1.1
                0x00008f58       0x95 c:/renesas/synergy/e2studio_v2022-10_ssp_v2.4.0/toolchains/gcc_arm/gcc-arm-none-eabi-10.3-2021.10/bin/../lib/gcc/arm-none-eabi/10.3.1/../../../../arm-none-eabi/lib/thumb/v7e-m+fp/hard\libg_nano.a(lib_a-rand.o)
 .rodata.__assert_func.str1.1
                0x00008fed       0x3c c:/renesas/synergy/e2studio_v2022-10_ssp_v2.4.0/toolchains/gcc_arm/gcc-arm-none-eabi-10.3-2021.10/bin/../lib/gcc/arm-none-eabi/10.3.1/../../../../arm-none-eabi/lib/thumb/v7e-m+fp/hard\libg_nano.a(lib_a-assert.o)
                                 0x3d (size before relaxing)
 .rodata._vfprintf_r.str1.1
                0x00009029       0x11 c:/renesas/synergy/e2studio_v2022-10_ssp_v2.4.0/toolchains/gcc_arm/gcc-arm-none-eabi-10.3-2021.10/bin/../lib/gcc/arm-none-eabi/10.3.1/../../../../arm-none-eabi/lib/thumb/v7e-m+fp/hard\libg_nano.a(lib_a-nano-vfprintf.o)
 .rodata._printf_i.str1.1
                0x0000903a       0x22 c:/renesas/synergy/e2studio_v2022-10_ssp_v2.4.0/toolchains/gcc_arm/gcc-arm-none-eabi-10.3-2021.10/bin/../lib/gcc/arm-none-eabi/10.3.1/../../../../arm-none-eabi/lib/thumb/v7e-m+fp/hard\libg_nano.a(lib_a-nano-vfprintf_i.o)
 .rodata.__sf_fake_stderr
                0x0000905c       0x20 c:/renesas/synergy/e2studio_v2022-10_ssp_v2.4.0/toolchains/gcc_arm/gcc-arm-none-eabi-10.3-2021.10/bin/../lib/gcc/arm-none-eabi/10.3.1/../../../../arm-none-eabi/lib/thumb/v7e-m+fp/hard\libg_nano.a(lib_a-findfp.o)
                0x0000905c                __sf_fake_stderr
 .rodata.__sf_fake_stdin
                0x0000907c       0x20 c:/renesas/synergy/e2studio_v2022-10_ssp_v2.4.0/toolchains/gcc_arm/gcc-arm-none-eabi-10.3-2021.10/bin/../lib/gcc/arm-none-eabi/10.3.1/../../../../arm-none-eabi/lib/thumb/v7e-m+fp/hard\libg_nano.a(lib_a-findfp.o)
                0x0000907c                __sf_fake_stdin
 .rodata.__sf_fake_stdout
                0x0000909c       0x20 c:/renesas/synergy/e2studio_v2022-10_ssp_v2.4.0/toolchains/gcc_arm/gcc-arm-none-eabi-10.3-2021.10/bin/../lib/gcc/arm-none-eabi/10.3.1/../../../../arm-none-eabi/lib/thumb/v7e-m+fp/hard\libg_nano.a(lib_a-findfp.o)
                0x0000909c                __sf_fake_stdout
 .rodata._get_semihosting_exts.str1.1
                0x000090bc       0x16 c:/renesas/synergy/e2studio_v2022-10_ssp_v2.4.0/toolchains/gcc_arm/gcc-arm-none-eabi-10.3-2021.10/bin/../lib/gcc/arm-none-eabi/10.3.1/../../../../arm-none-eabi/lib/thumb/v7e-m+fp/hard\librdimon_nano.a(rdimon-syscalls.o)
                0x000090d2                __usb_dev_descriptor_start_fs = .
 *(.usb_device_desc_fs*)
                0x000090d2                __usb_cfg_descriptor_start_fs = .
 *(.usb_config_desc_fs*)
                0x000090d2                __usb_interface_descriptor_start_fs = .
 *(.usb_interface_desc_fs*)
                0x000090d2                __usb_descriptor_end_fs = .
                0x000090d2                __usb_dev_descriptor_start_hs = .
 *(.usb_device_desc_hs*)
                0x000090d2                __usb_cfg_descriptor_start_hs = .
 *(.usb_config_desc_hs*)
                0x000090d2                __usb_interface_descriptor_start_hs = .
 *(.usb_interface_desc_hs*)
                0x000090d2                __usb_descriptor_end_hs = .
 *(.eh_frame*)
 *fill*         0x000090d2        0x2 ff
 .eh_frame      0x000090d4        0x0 c:/renesas/synergy/e2studio_v2022-10_ssp_v2.4.0/toolchains/gcc_arm/gcc-arm-none-eabi-10.3-2021.10/bin/../lib/gcc/arm-none-eabi/10.3.1/thumb/v7e-m+fp/hard/crtbegin.o
 .eh_frame      0x000090d4        0x4 c:/renesas/synergy/e2studio_v2022-10_ssp_v2.4.0/toolchains/gcc_arm/gcc-arm-none-eabi-10.3-2021.10/bin/../lib/gcc/arm-none-eabi/10.3.1/thumb/v7e-m+fp/hard/crtend.o
                0x000090d8                __ROM_End = .
                0x00000058                __Vectors_Size = (__Vectors_End - __Vectors)
                0x00000030                __Vector_Info_Size = (__Vector_Info_End - __Vector_Info_Start)